Microchip MPLAB XC8 Compiler V2.05 ()

Linker command line:

-W-3 --edf=/opt/microchip/xc8/v2.05/pic/dat/en_msgs.txt -cs \
  -h+dist/default/production/BH1415v2.production.sym \
  --cmf=dist/default/production/BH1415v2.production.cmf -z -Q16F886 \
  -o/tmp/xcX6YUMKW --defsym=__MPLAB_BUILD=1 \
  -Mdist/default/production/BH1415v2.production.map -E1 -ver=XC8 \
  --acfsm=1493 -ASTACK=0110h-016Fh -pstack=STACK -ACODE=00h-07FFhx4 \
  -ASTRCODE=00h-01FFFh -ASTRING=00h-0FFhx32 -ACONST=00h-0FFhx32 \
  -AENTRY=00h-0FFhx32 -ACOMMON=070h-07Fh -ABANK0=020h-06Fh \
  -ABANK1=0A0h-0EFh -ABANK2=0110h-016Fh -ABANK3=0190h-01EFh \
  -ARAM=020h-06Fh,0A0h-0EFh,0110h-016Fh,0190h-01EFh \
  -AABS1=020h-07Fh,0A0h-0EFh,0110h-016Fh,0190h-01EFh -ASFR0=00h-01Fh \
  -ASFR1=080h-09Fh -ASFR2=0100h-010Fh -ASFR3=0180h-018Fh \
  -preset_vec=00h,intentry=04h,init,end_init -ppowerup=CODE -pcinit=CODE \
  -pfunctab=ENTRY -ACONFIG=02007h-02008h -pconfig=CONFIG -DCONFIG=2 \
  -AIDLOC=02000h-02003h -pidloc=IDLOC -DIDLOC=2 -AEEDATA=00h-0FFh/02100h \
  -peeprom_data=EEDATA -DEEDATA=2 -DCODE=2 -DSTRCODE=2 -DSTRING=2 -DCONST=2 \
  -DENTRY=2 -k /tmp/xcX0ufEQT.o \
  dist/default/production/BH1415v2.production.o 

Object code version is 3.11

Machine type is 16F886



                Name                               Link     Load   Length Selector   Space Scale
/tmp/xcX0ufEQT.o
                end_init                             12       12        3        8       0
                reset_vec                             0        0        3        0       0
                config                             2007     2007        2     400E       0
dist/default/production/BH1415v2.production.o
                cinit                                15       15       1E        8       0
                intentry                              4        4        E        8       0
                eeprom_data                           0     2100       28     4200       3
                text44                              6E7      6E7       17        8       0
                text43                              D45      D45       54     1A8A       0
                text42                              B81      B81       48     1702       0
                text41                              8AB      8AB        6     1156       0
                text40                              C5F      C5F       4C     18BE       0
                text39                              8C9      8C9        A     1192       0
                text38                              BC9      BC9       4B     1792       0
                text37                              95F      95F       1D     12BE       0
                text36                              B05      B05       3C     160A       0
                text35                              AD3      AD3       32     15A6       0
                text34                              999      999       21     1332       0
                text33                              8F9      8F9        E     11F2       0
                text32                              1BB      1BB      168        8       0
                text31                              E46      E46       5A     1C8C       0
                text30                              A00      A00       24     1400       0
                text29                              8DF      8DF        D     11BE       0
                text28                              8D3      8D3        C     11A6       0
                text27                              8B1      8B1        7     1162       0
                text26                              7AE      7AE       4E      F5C       0
                text25                              CAB      CAB       4D     1956       0
                text24                              62F      62F       B8        8       0
                text23                              937      937       12     126E       0
                text22                              A24      A24       28     1448       0
                text21                              949      949       16     1292       0
                text20                              A76      A76       2E     14EC       0
                text19                              907      907        F     120E       0
                text18                              EA0      EA0       5D     1D40       0
                text17                              CF8      CF8       4D     19F0       0
                text16                              A4C      A4C       2A     1498       0
                text15                              9BA      9BA       23     1374       0
                text14                              DEF      DEF       57     1BDE       0
                text13                              B41      B41       40     1682       0
                text12                              9DD      9DD       23     13BA       0
                text11                              916      916       10     122C       0
                text10                               33       33      188        8       0
                text9                               EFD      EFD       63     1DFA       0
                text8                               AA4      AA4       2F     1548       0
                text7                               97C      97C       1D     12F8       0
                text6                               D99      D99       56     1B32       0
                text5                               C14      C14       4B     1828       0
                text4                               8EC      8EC        D     11D8       0
                text3                               565      565       CA        8       0
                text2                               44D      44D      118        8       0
                text1                               323      323      12A        8       0
                maintext                            F60      F60       A0     1EC0       0
                cstackBANK0                          20       20       24       20       1
                cstackCOMMON                         70       70        E       70       1
                cstackBANK1                          C3       C3       22       A0       1
                clrtext                             8B8      8B8        8     1170       0
                inittext                            926      926       11     124C       0
                bssBANK1                             A0       A0       23       A0       1
                dataBANK0                            44       44        9       20       1
                bssBANK0                             4D       4D        6       20       1
                strings                             700      700       AE      E00       0
                idataBANK0                          8C0      8C0        9     1180       0

TOTAL           Name                               Link     Load   Length     Space
        CLASS   STACK          

        CLASS   CODE           
                end_init                             12       12        3         0
                cinit                                15       15       1E         0
                intentry                              4        4        E         0
                reset_vec                             0        0        3         0
                text44                              6E7      6E7       17         0
                text43                              D45      D45       54         0
                text42                              B81      B81       48         0
                text41                              8AB      8AB        6         0
                text40                              C5F      C5F       4C         0
                text39                              8C9      8C9        A         0
                text38                              BC9      BC9       4B         0
                text37                              95F      95F       1D         0
                text36                              B05      B05       3C         0
                text35                              AD3      AD3       32         0
                text34                              999      999       21         0
                text33                              8F9      8F9        E         0
                text32                              1BB      1BB      168         0
                text31                              E46      E46       5A         0
                text30                              A00      A00       24         0
                text29                              8DF      8DF        D         0
                text28                              8D3      8D3        C         0
                text27                              8B1      8B1        7         0
                text26                              7AE      7AE       4E         0
                text25                              CAB      CAB       4D         0
                text24                              62F      62F       B8         0
                text23                              937      937       12         0
                text22                              A24      A24       28         0
                text21                              949      949       16         0
                text20                              A76      A76       2E         0
                text19                              907      907        F         0
                text18                              EA0      EA0       5D         0
                text17                              CF8      CF8       4D         0
                text16                              A4C      A4C       2A         0
                text15                              9BA      9BA       23         0
                text14                              DEF      DEF       57         0
                text13                              B41      B41       40         0
                text12                              9DD      9DD       23         0
                text11                              916      916       10         0
                text10                               33       33      188         0
                text9                               EFD      EFD       63         0
                text8                               AA4      AA4       2F         0
                text7                               97C      97C       1D         0
                text6                               D99      D99       56         0
                text5                               C14      C14       4B         0
                text4                               8EC      8EC        D         0
                text3                               565      565       CA         0
                text2                               44D      44D      118         0
                text1                               323      323      12A         0
                maintext                            F60      F60       A0         0
                clrtext                             8B8      8B8        8         0
                inittext                            926      926       11         0
                idataBANK0                          8C0      8C0        9         0

        CLASS   STRCODE        

        CLASS   STRING         
                strings                             700      700       AE         0

        CLASS   CONST          

        CLASS   ENTRY          

        CLASS   COMMON         
                cstackCOMMON                         70       70        E         1

        CLASS   BANK0          
                cstackBANK0                          20       20       24         1
                dataBANK0                            44       44        9         1
                bssBANK0                             4D       4D        6         1

        CLASS   BANK1          
                cstackBANK1                          C3       C3       22         1
                bssBANK1                             A0       A0       23         1

        CLASS   BANK2          

        CLASS   BANK3          

        CLASS   RAM            

        CLASS   ABS1           
                abs_s1                               7E       7E        2         1

        CLASS   SFR0           

        CLASS   SFR1           

        CLASS   SFR2           

        CLASS   SFR3           

        CLASS   CONFIG         
                config                             2007     2007        2         0

        CLASS   IDLOC          

        CLASS   EEDATA         
                eeprom_data                           0     2100       28         3



SEGMENTS        Name                           Load    Length   Top    Selector   Space  Class     Delta

                reset_vec                      000000  000003  000003         0       0  CODE        2
                intentry                       000004  0006FA  0006FE         8       0  CODE        2
                cstackBANK0                    000020  000033  000053        20       1  BANK0       1
                cstackCOMMON                   000070  00000E  00007E        70       1  COMMON      1
                bssBANK1                       0000A0  000045  0000E5        A0       1  BANK1       1
                strings                        000700  0000AE  0007AE       E00       0  STRING      2
                text26                         0007AE  00004E  0007FC       F5C       0  CODE        2
                text41                         0008AB  000006  0008B1      1156       0  CODE        2
                text27                         0008B1  000007  0008B8      1162       0  CODE        2
                clrtext                        0008B8  000008  0008C0      1170       0  CODE        2
                idataBANK0                     0008C0  000009  0008C9      1180       0  CODE        2
                text39                         0008C9  00000A  0008D3      1192       0  CODE        2
                text28                         0008D3  00000C  0008DF      11A6       0  CODE        2
                text29                         0008DF  00000D  0008EC      11BE       0  CODE        2
                text4                          0008EC  00000D  0008F9      11D8       0  CODE        2
                text33                         0008F9  00000E  000907      11F2       0  CODE        2
                text19                         000907  00000F  000916      120E       0  CODE        2
                text11                         000916  000010  000926      122C       0  CODE        2
                inittext                       000926  000011  000937      124C       0  CODE        2
                text23                         000937  000012  000949      126E       0  CODE        2
                text21                         000949  000016  00095F      1292       0  CODE        2
                text37                         00095F  00001D  00097C      12BE       0  CODE        2
                text7                          00097C  00001D  000999      12F8       0  CODE        2
                text34                         000999  000021  0009BA      1332       0  CODE        2
                text15                         0009BA  000023  0009DD      1374       0  CODE        2
                text12                         0009DD  000023  000A00      13BA       0  CODE        2
                text30                         000A00  000024  000A24      1400       0  CODE        2
                text22                         000A24  000028  000A4C      1448       0  CODE        2
                text16                         000A4C  00002A  000A76      1498       0  CODE        2
                text20                         000A76  00002E  000AA4      14EC       0  CODE        2
                text8                          000AA4  00002F  000AD3      1548       0  CODE        2
                text35                         000AD3  000032  000B05      15A6       0  CODE        2
                text36                         000B05  00003C  000B41      160A       0  CODE        2
                text13                         000B41  000040  000B81      1682       0  CODE        2
                text42                         000B81  000048  000BC9      1702       0  CODE        2
                text38                         000BC9  00004B  000C14      1792       0  CODE        2
                text5                          000C14  00004B  000C5F      1828       0  CODE        2
                text40                         000C5F  00004C  000CAB      18BE       0  CODE        2
                text25                         000CAB  00004D  000CF8      1956       0  CODE        2
                text17                         000CF8  00004D  000D45      19F0       0  CODE        2
                text43                         000D45  000054  000D99      1A8A       0  CODE        2
                text6                          000D99  000056  000DEF      1B32       0  CODE        2
                text14                         000DEF  000057  000E46      1BDE       0  CODE        2
                text31                         000E46  00005A  000EA0      1C8C       0  CODE        2
                text18                         000EA0  00005D  000EFD      1D40       0  CODE        2
                text9                          000EFD  000063  000F60      1DFA       0  CODE        2
                maintext                       000F60  0000A0  001000      1EC0       0  CODE        2
                config                         002007  000002  002009      400E       0  CONFIG      2
                eeprom_data                    002100  000028  002128      4200       3  EEDATA      2


UNUSED ADDRESS RANGES

        Name                Unused          Largest block    Delta
        BANK0            0053-006F             1D           1
        BANK1            00E5-00EF              B           1
        BANK2            0110-016F             60           1
        BANK3            0190-01EF             60           1
        CODE             0003-0003              1           2
                         06FE-06FF              2
                         07FC-08AA              4
                         1000-1FFF            800
        CONST            0003-0003              1           2
                         06FE-06FF              2
                         07FC-08AA              4
                         1000-1FFF            100
        EEDATA           2128-21FF             D8           2
        ENTRY            0003-0003              1           2
                         06FE-06FF              2
                         07FC-08AA              4
                         1000-1FFF            100
        IDLOC            2000-2003              4           2
        RAM              0053-006F             1D           1
                         00E5-00EF              B
                         0110-016F             60
                         0190-01EF             60
        SFR0             0000-001F             20           1
        SFR1             0080-009F             20           1
        SFR2             0100-010F             10           1
        SFR3             0180-018F             10           1
        STACK            0110-016F             60           1
        STRCODE          0003-0003              1           2
                         06FE-06FF              2
                         07FC-08AA             AF
                         1000-1FFF           1000
        STRING           0003-0003              1           2
                         06FE-06FF              2
                         07FC-08AA              4
                         1000-1FFF            100

                                  Symbol Table

?___lwdiv                 cstackBANK0  003D
?___lwmod                 cstackBANK1  00C6
?___wmul                  cstackBANK0  003D
?_codFreq                 cstackBANK0  003D
?_sprintf                 cstackBANK1  00CA
?i1___lwdiv               cstackCOMMON 0070
?i1___lwmod               cstackCOMMON 0078
?i1___wmul                cstackCOMMON 0070
?i1_sprintf               cstackBANK0  0020
OpenXLCD@lcdtype          cstackBANK0  0043
SendCMDLCD@CMD            cstackBANK0  0041
SetDDRamAddr@DDaddr       cstackBANK0  0040
WriteCmdXLCD@cmd          cstackBANK0  0040
WriteDataXLCD@data        cstackBANK0  0040
_ADCON0                   (abs)        001F
_ADCON1                   (abs)        009F
_ANSEL                    (abs)        0188
_ANSELH                   (abs)        0189
_BusyXLCD                 text29       08DF
_DelayFor18TCY            text27       08B1
_DelayPORXLCD             text28       08D3
_EEADR                    (abs)        010D
_EECON1bits               (abs)        018C
_EECON2                   (abs)        018D
_EEDATA                   (abs)        010C
_INTCON                   (abs)        000B
_INTCONbits               (abs)        000B
_OpenXLCD                 text24       062F
_PIE1                     (abs)        008C
_PIR1bits                 (abs)        000C
_PIR2bits                 (abs)        000D
_PORTA                    (abs)        0005
_PORTAbits                (abs)        0005
_PORTB                    (abs)        0006
_PORTBbits                (abs)        0006
_PORTC                    (abs)        0007
_PORTCbits                (abs)        0007
_SendCMDLCD               text23       0937
_SetDDRamAddr             text26       07AE
_T1CON                    (abs)        0010
_T1CONbits                (abs)        0010
_TMR1H                    (abs)        000F
_TMR1L                    (abs)        000E
_TRISA                    (abs)        0085
_TRISB                    (abs)        0086
_TRISBbits                (abs)        0086
_TRISC                    (abs)        0087
_WriteCmdXLCD             text25       0CAB
_WriteDataXLCD            text17       0CF8
__Babs1                   abs1         4250
__Bbank0                  bank0        4250
__Bbank1                  bank1        4250
__Bbank2                  bank2        4250
__Bbank3                  bank3        4250
__BbssBANK0               bssBANK0     4250
__BbssBANK1               bssBANK1     4250
__Bclrtext                clrtext      4250
__Bcode                   code         4250
__Bcommon                 common       4250
__BcstackBANK0            cstackBANK0  4250
__BcstackBANK1            cstackBANK1  4250
__BcstackCOMMON           cstackCOMMON 4250
__BdataBANK0              dataBANK0    4250
__Beeprom_data            eeprom_data  2100
__BidataBANK0             idataBANK0   4250
__Binittext               inittext     4250
__Bmaintext               maintext     4250
__Bram                    ram          4250
__Bsfr0                   sfr0         4250
__Bsfr1                   sfr1         4250
__Bsfr2                   sfr2         4250
__Bsfr3                   sfr3         4250
__Bstrings                strings      4250
__Btext                   text         4250
__CFG_BOR4V$BOR40V        (abs)        0000
__CFG_BOREN$OFF           (abs)        0000
__CFG_CP$ON               (abs)        0000
__CFG_CPD$ON              (abs)        0000
__CFG_FCMEN$OFF           (abs)        0000
__CFG_FOSC$XT             (abs)        0000
__CFG_IESO$OFF            (abs)        0000
__CFG_LVP$OFF             (abs)        0000
__CFG_MCLRE$ON            (abs)        0000
__CFG_PWRTE$OFF           (abs)        0000
__CFG_WDTE$OFF            (abs)        0000
__CFG_WRT$OFF             (abs)        0000
__Habs1                   abs1         0050
__Hbank0                  bank0        0050
__Hbank1                  bank1        0050
__Hbank2                  bank2        0050
__Hbank3                  bank3        0050
__HbssBANK0               bssBANK0     0050
__HbssBANK1               bssBANK1     0050
__Hcinit                  cinit        0033
__Hclrtext                clrtext      0050
__Hcode                   code         0050
__Hcommon                 common       0050
__Hconfig                 config       2009
__HcstackBANK0            cstackBANK0  0050
__HcstackBANK1            cstackBANK1  0050
__HcstackCOMMON           cstackCOMMON 0050
__HdataBANK0              dataBANK0    0050
__Heeprom_data            eeprom_data  0028
__Hend_init               end_init     0015
__Hfunctab                functab      0000
__HidataBANK0             idataBANK0   0050
__Hidloc                  idloc        0000
__Hinit                   init         0012
__Hinittext               inittext     0050
__Hintentry               intentry     0012
__Hmaintext               maintext     0050
__Hpowerup                powerup      0000
__Hram                    ram          0050
__Hreset_vec              reset_vec    0003
__Hsfr0                   sfr0         0050
__Hsfr1                   sfr1         0050
__Hsfr2                   sfr2         0050
__Hsfr3                   sfr3         0050
__Hspace_0                (abs)        2009
__Hspace_1                (abs)        00E5
__Hspace_2                (abs)        0000
__Hspace_3                (abs)        0028
__Hstack                  stack        0000
__Hstrings                strings      0050
__Htext                   text         0050
__Labs1                   abs1         0050
__Lbank0                  bank0        0050
__Lbank1                  bank1        0050
__Lbank2                  bank2        0050
__Lbank3                  bank3        0050
__LbssBANK0               bssBANK0     0050
__LbssBANK1               bssBANK1     0050
__Lcinit                  cinit        0015
__Lclrtext                clrtext      0050
__Lcode                   code         0050
__Lcommon                 common       0050
__Lconfig                 config       2007
__LcstackBANK0            cstackBANK0  0050
__LcstackBANK1            cstackBANK1  0050
__LcstackCOMMON           cstackCOMMON 0050
__LdataBANK0              dataBANK0    0050
__Leeprom_data            eeprom_data  0000
__Lend_init               end_init     0012
__Lfunctab                functab      0000
__LidataBANK0             idataBANK0   0050
__Lidloc                  idloc        0000
__Linit                   init         0012
__Linittext               inittext     0050
__Lintentry               intentry     0004
__Lmaintext               maintext     0050
__Lpowerup                powerup      0000
__Lram                    ram          0050
__Lreset_vec              reset_vec    0000
__Lsfr0                   sfr0         0050
__Lsfr1                   sfr1         0050
__Lsfr2                   sfr2         0050
__Lsfr3                   sfr3         0050
__Lspace_0                (abs)        0000
__Lspace_1                (abs)        0000
__Lspace_2                (abs)        0000
__Lspace_3                (abs)        0000
__Lstack                  stack        0000
__Lstrings                strings      0050
__Ltext                   text         0050
__S0                      (abs)        2009
__S1                      (abs)        00E5
__S2                      (abs)        0000
__S3                      (abs)        2128
___int_sp                 stack        0000
___latbits                (abs)        0002
___lwdiv                  text14       0DEF
___lwdiv@counter          cstackBANK1  00C3
___lwdiv@dividend         cstackBANK0  003F
___lwdiv@divisor          cstackBANK0  003D
___lwdiv@quotient         cstackBANK1  00C4
___lwmod                  text13       0B41
___lwmod@counter          cstackBANK0  0043
___lwmod@dividend         cstackBANK1  00C8
___lwmod@divisor          cstackBANK1  00C6
___sp                     stack        0000
___stackhi                (abs)        0000
___stacklo                (abs)        0000
___wmul                   text12       09DD
___wmul@multiplicand      cstackBANK0  003F
___wmul@multiplier        cstackBANK0  003D
___wmul@product           cstackBANK0  0041
__end_of_BLOCKED          strings      0714
__end_of_BusyXLCD         text29       08EC
__end_of_DelayFor18TCY    text27       08B8
__end_of_DelayPORXLCD     text28       08DF
__end_of_FINAL_DAY        strings      0711
__end_of_FINAL_MONTH      strings      0712
__end_of_OpenXLCD         text24       06E7
__end_of_SendCMDLCD       text23       0949
__end_of_SetDDRamAddr     text26       07FC
__end_of_UN_BLOCKED       strings      0713
__end_of_WriteCmdXLCD     text25       0CF8
__end_of_WriteDataXLCD    text17       0D45
__end_of___lwdiv          text14       0E46
__end_of___lwmod          text13       0B81
__end_of___wmul           text12       0A00
__end_of__initialization  cinit        002F
__end_of__stringtab       strings      0706
__end_of_beep             text5        0C5F
__end_of_codFreq          text4        08F9
__end_of_config           text20       0AA4
__end_of_dpowers          strings      0710
__end_of_getData          text18       0EFD
__end_of_initLCD          text22       0A4C
__end_of_inter            text30       0A24
__end_of_isdigit          text11       0926
__end_of_lockingScreen    text8        0AD3
__end_of_main             maintext     1000
__end_of_principalScreen  text9        0F60
__end_of_putrsXLCD        text16       0A76
__end_of_putsXLCD         text15       09DD
__end_of_readEEPROM       text19       0916
__end_of_setData          text6        0DEF
__end_of_setFrequency     text2        0565
__end_of_setTransStat     text21       095F
__end_of_sprintf          text10       01BB
__end_of_start            text1        044D
__end_of_time             text42       0BC9
__end_of_updateLCD        text31       0EA0
__end_of_writeEEPROM      text7        0999
__end_of_writeFrequency   text3        062F
__end_ofi1_BusyXLCD       text39       08D3
__end_ofi1_DelayFor18TCY  text41       08B1
__end_ofi1_SetDDRamAddr   text40       0CAB
__end_ofi1_WriteDataXLCD  text38       0C14
__end_ofi1___lwdiv        text36       0B41
__end_ofi1___lwmod        text35       0B05
__end_ofi1___wmul         text34       09BA
__end_ofi1_isdigit        text33       0907
__end_ofi1_putsXLCD       text37       097C
__end_ofi1_setData        text43       0D99
__end_ofi1_sprintf        text32       0323
__end_ofi1_writeEEPROM    text44       06FE
__initialization          cinit        0015
__pbssBANK0               bssBANK0     004D
__pbssBANK1               bssBANK1     00A0
__pcstackBANK0            cstackBANK0  0020
__pcstackBANK1            cstackBANK1  00C3
__pcstackCOMMON           cstackCOMMON 0070
__pdataBANK0              dataBANK0    0044
__pidataBANK0             idataBANK0   08C0
__pintentry               intentry     0004
__pmaintext               maintext     0F60
__pstrings                strings      0700
__ptext1                  text1        0323
__ptext10                 text10       0033
__ptext11                 text11       0916
__ptext12                 text12       09DD
__ptext13                 text13       0B41
__ptext14                 text14       0DEF
__ptext15                 text15       09BA
__ptext16                 text16       0A4C
__ptext17                 text17       0CF8
__ptext18                 text18       0EA0
__ptext19                 text19       0907
__ptext2                  text2        044D
__ptext20                 text20       0A76
__ptext21                 text21       0949
__ptext22                 text22       0A24
__ptext23                 text23       0937
__ptext24                 text24       062F
__ptext25                 text25       0CAB
__ptext26                 text26       07AE
__ptext27                 text27       08B1
__ptext28                 text28       08D3
__ptext29                 text29       08DF
__ptext3                  text3        0565
__ptext30                 text30       0A00
__ptext31                 text31       0E46
__ptext32                 text32       01BB
__ptext33                 text33       08F9
__ptext34                 text34       0999
__ptext35                 text35       0AD3
__ptext36                 text36       0B05
__ptext37                 text37       095F
__ptext38                 text38       0BC9
__ptext39                 text39       08C9
__ptext4                  text4        08EC
__ptext40                 text40       0C5F
__ptext41                 text41       08AB
__ptext42                 text42       0B81
__ptext43                 text43       0D45
__ptext44                 text44       06E7
__ptext5                  text5        0C14
__ptext6                  text6        0D99
__ptext7                  text7        097C
__ptext8                  text8        0AA4
__ptext9                  text9        0EFD
__size_of_BusyXLCD        (abs)        0000
__size_of_DelayFor18TCY   (abs)        0000
__size_of_DelayPORXLCD    (abs)        0000
__size_of_OpenXLCD        (abs)        0000
__size_of_SendCMDLCD      (abs)        0000
__size_of_SetDDRamAddr    (abs)        0000
__size_of_WriteCmdXLCD    (abs)        0000
__size_of_WriteDataXLCD   (abs)        0000
__size_of___lwdiv         (abs)        0000
__size_of___lwmod         (abs)        0000
__size_of___wmul          (abs)        0000
__size_of_beep            (abs)        0000
__size_of_codFreq         (abs)        0000
__size_of_config          (abs)        0000
__size_of_getData         (abs)        0000
__size_of_initLCD         (abs)        0000
__size_of_inter           (abs)        0000
__size_of_isdigit         (abs)        0000
__size_of_lockingScreen   (abs)        0000
__size_of_main            (abs)        0000
__size_of_principalScreen (abs)        0000
__size_of_putrsXLCD       (abs)        0000
__size_of_putsXLCD        (abs)        0000
__size_of_readEEPROM      (abs)        0000
__size_of_setData         (abs)        0000
__size_of_setFrequency    (abs)        0000
__size_of_setTransStat    (abs)        0000
__size_of_sprintf         (abs)        0000
__size_of_start           (abs)        0000
__size_of_time            (abs)        0000
__size_of_updateLCD       (abs)        0000
__size_of_writeEEPROM     (abs)        0000
__size_of_writeFrequency  (abs)        0000
__size_ofi1_BusyXLCD      (abs)        0000
__size_ofi1_DelayFor18TCY (abs)        0000
__size_ofi1_SetDDRamAddr  (abs)        0000
__size_ofi1_WriteDataXLCD (abs)        0000
__size_ofi1___lwdiv       (abs)        0000
__size_ofi1___lwmod       (abs)        0000
__size_ofi1___wmul        (abs)        0000
__size_ofi1_isdigit       (abs)        0000
__size_ofi1_putsXLCD      (abs)        0000
__size_ofi1_setData       (abs)        0000
__size_ofi1_sprintf       (abs)        0000
__size_ofi1_writeEEPROM   (abs)        0000
__stringbase              strings      0705
__stringtab               strings      0700
_beep                     text5        0C14
_cntTmr1                  bssBANK0     0052
_codFreq                  text4        08EC
_config                   text20       0A76
_days                     dataBANK0    0049
_dpowers                  strings      0706
_frequency                dataBANK0    0044
_functionalStat           bssBANK0     004F
_getData                  text18       0EA0
_hours                    dataBANK0    0048
_hundredMiliSeconds       bssBANK0     0050
_i                        bssBANK1     00A0
_initLCD                  text22       0A24
_inter                    text30       0A00
_isOnConfig               bssBANK0     004E
_isdigit                  text11       0916
_isdigit$1104             cstackBANK0  003D
_lineOne                  bssBANK1     00B2
_lineTwo                  bssBANK1     00A1
_lockingScreen            text8        0AA4
_main                     maintext     0F60
_minutes                  dataBANK0    0047
_months                   dataBANK0    004A
_prTmr1H                  dataBANK0    004B
_prTmr1L                  dataBANK0    004C
_principalScreen          text9        0EFD
_putrsXLCD                text16       0A4C
_putsXLCD                 text15       09BA
_readEEPROM               text19       0907
_seconds                  bssBANK0     0051
_setData                  text6        0D99
_setFrequency             text2        044D
_setTransStat             text21       0949
_sprintf                  text10       0033
_start                    text1        0323
_time                     text42       0B81
_updateLCD                text31       0E46
_writeEEPROM              text7        097C
_writeFrequency           text3        0565
beep@ms                   cstackBANK1  00C3
btemp                     (abs)        007E
clear_ram0                clrtext      08B8
codFreq@f                 cstackBANK0  003D
codFreq@fr                cstackBANK0  003F
end_of_initialization     cinit        002F
getData@aux0              cstackBANK0  0042
getData@aux1              cstackBANK0  0043
i1SetDDRamAddr@DDaddr     cstackCOMMON 0073
i1WriteDataXLCD@data      cstackCOMMON 0073
i1_BusyXLCD               text39       08C9
i1_DelayFor18TCY          text41       08AB
i1_SetDDRamAddr           text40       0C5F
i1_WriteDataXLCD          text38       0BC9
i1___lwdiv                text36       0B05
i1___lwdiv@counter        cstackCOMMON 0077
i1___lwdiv@dividend       cstackCOMMON 0072
i1___lwdiv@divisor        cstackCOMMON 0070
i1___lwdiv@quotient       cstackCOMMON 0075
i1___lwmod                text35       0AD3
i1___lwmod@counter        cstackCOMMON 007D
i1___lwmod@dividend       cstackCOMMON 007A
i1___lwmod@divisor        cstackCOMMON 0078
i1___wmul                 text34       0999
i1___wmul@multiplicand    cstackCOMMON 0072
i1___wmul@multiplier      cstackCOMMON 0070
i1___wmul@product         cstackCOMMON 0074
i1_isdigit                text33       08F9
i1_isdigit$1104           cstackCOMMON 0070
i1_putsXLCD               text37       095F
i1_setData                text43       0D45
i1_sprintf                text32       01BB
i1_writeEEPROM            text44       06E7
i1isdigit@c               cstackCOMMON 0071
i1putsXLCD@buffer         cstackCOMMON 0075
i1setData@data0           cstackCOMMON 0073
i1setData@data1           cstackCOMMON 0074
i1sprintf@ap              cstackBANK0  0028
i1sprintf@c               cstackBANK0  0030
i1sprintf@f               cstackBANK0  0020
i1sprintf@flag            cstackBANK0  002A
i1sprintf@prec            cstackBANK0  0029
i1sprintf@sp              cstackBANK0  002D
i1sprintf@val             cstackBANK0  002B
i1sprintf@width           cstackBANK0  002E
i1writeEEPROM@address     cstackCOMMON 0070
i1writeEEPROM@data        cstackCOMMON 0071
init_fetch0               inittext     0926
init_ram0                 inittext     092A
interrupt_function        intentry     0004
intlevel0                 functab      0000
intlevel1                 functab      0000
intlevel2                 functab      0000
intlevel3                 functab      0000
intlevel4                 functab      0000
intlevel5                 functab      0000
isdigit@c                 cstackBANK0  003E
principalScreen@decim     cstackBANK1  00E0
principalScreen@integ     cstackBANK1  00E1
putrsXLCD@buffer          cstackBANK0  0042
putsXLCD@buffer           cstackBANK0  0042
readEEPROM@address        cstackBANK0  003D
reset_vec                 reset_vec    0000
saved_w                   (abs)        007E
setData@data0             cstackBANK0  0040
setData@data1             cstackBANK0  0041
setTransStat@stat         cstackBANK0  003D
sprintf@ap                cstackBANK1  00D2
sprintf@c                 cstackBANK1  00DA
sprintf@f                 cstackBANK1  00CA
sprintf@flag              cstackBANK1  00D4
sprintf@prec              cstackBANK1  00D3
sprintf@sp                cstackBANK1  00D9
sprintf@val               cstackBANK1  00D5
sprintf@width             cstackBANK1  00D7
start                     init         0012
start@i                   cstackBANK1  00DE
start_initialization      cinit        0015
updateLCD@decim           cstackBANK0  0036
updateLCD@integ           cstackBANK0  0037
writeEEPROM@address       cstackBANK0  003D
writeEEPROM@data          cstackBANK0  003E
writeFrequency@buffer     cstackBANK1  00CA
writeFrequency@f          cstackBANK1  00C5
writeFrequency@r          cstackBANK1  00CC
wtemp0                    (abs)        007E


FUNCTION INFORMATION:

 *************** function _main *****************
 Defined at:
		line 5 in file "main.c"
 Parameters:    Size  Location     Type
		None
 Auto vars:     Size  Location     Type
  index           1    0        unsigned char 
 Return value:  Size  Location     Type
                  1    wreg      void 
 Registers used:
		wreg, fsr0l, fsr0h, status,2, status,0, btemp+1, pclath, cstack
 Tracked objects:
		On entry : 
		On exit  : 
		Unchanged: 
 Data sizes:     COMMON   BANK0   BANK1   BANK3   BANK2
      Params:         0       0       0       0       0
      Locals:         0       0       0       0       0
      Temps:          0       0       3       0       0
      Totals:         0       0       3       0       0
Total ram usage:        3 bytes
 Hardware stack levels required when called:   10
 This function calls:
		_beep
		_config
		_getData
		_lockingScreen
		_principalScreen
		_setFrequency
		_start
		_writeFrequency
 This function is called by:
		Startup code after reset
 This function uses a non-reentrant model


 *************** function _start *****************
 Defined at:
		line 73 in file "main.c"
 Parameters:    Size  Location     Type
		None
 Auto vars:     Size  Location     Type
  i               1   27[BANK1 ] unsigned char 
 Return value:  Size  Location     Type
                  1    wreg      void 
 Registers used:
		wreg, fsr0l, fsr0h, status,2, status,0, btemp+1, pclath, cstack
 Tracked objects:
		On entry : 
		On exit  : 
		Unchanged: 
 Data sizes:     COMMON   BANK0   BANK1   BANK3   BANK2
      Params:         0       0       0       0       0
      Locals:         0       0       1       0       0
      Temps:          0       0       3       0       0
      Totals:         0       0       4       0       0
Total ram usage:        4 bytes
 Hardware stack levels used:    1
 Hardware stack levels required when called:    8
 This function calls:
		_SetDDRamAddr
		_beep
		_putsXLCD
		_sprintf
 This function is called by:
		_main
 This function uses a non-reentrant model


 *************** function _setFrequency *****************
 Defined at:
		line 179 in file "main.c"
 Parameters:    Size  Location     Type
		None
 Auto vars:     Size  Location     Type
		None
 Return value:  Size  Location     Type
                  1    wreg      void 
 Registers used:
		wreg, fsr0l, fsr0h, status,2, status,0, btemp+1, pclath, cstack
 Tracked objects:
		On entry : 
		On exit  : 
		Unchanged: 
 Data sizes:     COMMON   BANK0   BANK1   BANK3   BANK2
      Params:         0       0       0       0       0
      Locals:         0       0       0       0       0
      Temps:          0       0       3       0       0
      Totals:         0       0       3       0       0
Total ram usage:        3 bytes
 Hardware stack levels used:    1
 Hardware stack levels required when called:    9
 This function calls:
		_SetDDRamAddr
		_beep
		_lockingScreen
		_putsXLCD
		_setData
		_sprintf
		_writeFrequency
 This function is called by:
		_main
 This function uses a non-reentrant model


 *************** function _writeFrequency *****************
 Defined at:
		line 12 in file "bh1514.c"
 Parameters:    Size  Location     Type
  f               2    2[BANK1 ] unsigned int 
 Auto vars:     Size  Location     Type
  r               2    9[BANK1 ] unsigned int 
  buffer          2    7[BANK1 ] unsigned int 
 Return value:  Size  Location     Type
                  1    wreg      void 
 Registers used:
		wreg, status,2, status,0, btemp+1, pclath, cstack
 Tracked objects:
		On entry : 
		On exit  : 
		Unchanged: 
 Data sizes:     COMMON   BANK0   BANK1   BANK3   BANK2
      Params:         0       0       2       0       0
      Locals:         0       0       4       0       0
      Temps:          0       0       3       0       0
      Totals:         0       0       9       0       0
Total ram usage:        9 bytes
 Hardware stack levels used:    1
 Hardware stack levels required when called:    7
 This function calls:
		_beep
		_codFreq
 This function is called by:
		_main
		_setFrequency
 This function uses a non-reentrant model


 *************** function _codFreq *****************
 Defined at:
		line 6 in file "bh1514.c"
 Parameters:    Size  Location     Type
  f               2   29[BANK0 ] unsigned int 
 Auto vars:     Size  Location     Type
  fr              2   31[BANK0 ] unsigned int 
 Return value:  Size  Location     Type
                  2   29[BANK0 ] unsigned int 
 Registers used:
		wreg
 Tracked objects:
		On entry : 
		On exit  : 
		Unchanged: 
 Data sizes:     COMMON   BANK0   BANK1   BANK3   BANK2
      Params:         0       2       0       0       0
      Locals:         0       2       0       0       0
      Temps:          0       0       0       0       0
      Totals:         0       4       0       0       0
Total ram usage:        4 bytes
 Hardware stack levels used:    1
 Hardware stack levels required when called:    5
 This function calls:
		Nothing
 This function is called by:
		_writeFrequency
 This function uses a non-reentrant model


 *************** function _beep *****************
 Defined at:
		line 168 in file "main.c"
 Parameters:    Size  Location     Type
  ms              2    0[BANK1 ] int 
 Auto vars:     Size  Location     Type
		None
 Return value:  Size  Location     Type
                  1    wreg      void 
 Registers used:
		wreg, status,2, status,0, btemp+1, pclath, cstack
 Tracked objects:
		On entry : 
		On exit  : 
		Unchanged: 
 Data sizes:     COMMON   BANK0   BANK1   BANK3   BANK2
      Params:         0       0       2       0       0
      Locals:         0       0       0       0       0
      Temps:          0       1       0       0       0
      Totals:         0       1       2       0       0
Total ram usage:        3 bytes
 Hardware stack levels used:    1
 Hardware stack levels required when called:    6
 This function calls:
		___wmul
 This function is called by:
		_main
		_start
		_setFrequency
		_writeFrequency
 This function uses a non-reentrant model


 *************** function _setData *****************
 Defined at:
		line 44 in file "eeprom.c"
 Parameters:    Size  Location     Type
  full            1    wreg     unsigned char 
 Auto vars:     Size  Location     Type
  full            1    0[COMMON] unsigned char 
  data1           1   33[BANK0 ] unsigned char 
  data0           1   32[BANK0 ] unsigned char 
 Return value:  Size  Location     Type
                  1    wreg      void 
 Registers used:
		wreg, status,2, status,0, pclath, cstack
 Tracked objects:
		On entry : 
		On exit  : 
		Unchanged: 
 Data sizes:     COMMON   BANK0   BANK1   BANK3   BANK2
      Params:         0       0       0       0       0
      Locals:         0       2       0       0       0
      Temps:          0       1       0       0       0
      Totals:         0       3       0       0       0
Total ram usage:        3 bytes
 Hardware stack levels used:    1
 Hardware stack levels required when called:    6
 This function calls:
		_writeEEPROM
 This function is called by:
		_setFrequency
 This function uses a non-reentrant model


 *************** function _writeEEPROM *****************
 Defined at:
		line 14 in file "eeprom.c"
 Parameters:    Size  Location     Type
  data            1    wreg     unsigned char 
  address         1   29[BANK0 ] unsigned char 
 Auto vars:     Size  Location     Type
  data            1   30[BANK0 ] unsigned char 
 Return value:  Size  Location     Type
                  1    wreg      void 
 Registers used:
		wreg
 Tracked objects:
		On entry : 
		On exit  : 
		Unchanged: 
 Data sizes:     COMMON   BANK0   BANK1   BANK3   BANK2
      Params:         0       1       0       0       0
      Locals:         0       1       0       0       0
      Temps:          0       0       0       0       0
      Totals:         0       2       0       0       0
Total ram usage:        2 bytes
 Hardware stack levels used:    1
 Hardware stack levels required when called:    5
 This function calls:
		Nothing
 This function is called by:
		_setData
 This function uses a non-reentrant model


 *************** function _lockingScreen *****************
 Defined at:
		line 250 in file "main.c"
 Parameters:    Size  Location     Type
		None
 Auto vars:     Size  Location     Type
		None
 Return value:  Size  Location     Type
                  1    wreg      void 
 Registers used:
		wreg, fsr0l, fsr0h, status,2, status,0, btemp+1, pclath, cstack
 Tracked objects:
		On entry : 
		On exit  : 
		Unchanged: 
 Data sizes:     COMMON   BANK0   BANK1   BANK3   BANK2
      Params:         0       0       0       0       0
      Locals:         0       0       0       0       0
      Temps:          0       0       1       0       0
      Totals:         0       0       1       0       0
Total ram usage:        1 bytes
 Hardware stack levels used:    1
 Hardware stack levels required when called:    8
 This function calls:
		_SetDDRamAddr
		_putsXLCD
		_sprintf
 This function is called by:
		_main
		_setFrequency
 This function uses a non-reentrant model


 *************** function _principalScreen *****************
 Defined at:
		line 240 in file "main.c"
 Parameters:    Size  Location     Type
		None
 Auto vars:     Size  Location     Type
  integ           1   30[BANK1 ] unsigned char 
  decim           1   29[BANK1 ] unsigned char 
 Return value:  Size  Location     Type
                  1    wreg      void 
 Registers used:
		wreg, fsr0l, fsr0h, status,2, status,0, btemp+1, pclath, cstack
 Tracked objects:
		On entry : 
		On exit  : 
		Unchanged: 
 Data sizes:     COMMON   BANK0   BANK1   BANK3   BANK2
      Params:         0       0       0       0       0
      Locals:         0       0       2       0       0
      Temps:          0       0       5       0       0
      Totals:         0       0       7       0       0
Total ram usage:        7 bytes
 Hardware stack levels used:    1
 Hardware stack levels required when called:    8
 This function calls:
		_SetDDRamAddr
		___lwdiv
		___lwmod
		_putrsXLCD
		_putsXLCD
		_sprintf
 This function is called by:
		_main
 This function uses a non-reentrant model


 *************** function _sprintf *****************
 Defined at:
		line 500 in file "/opt/microchip/xc8/v2.05/pic/sources/c90/common/doprnt.c"
 Parameters:    Size  Location     Type
  sp              1    wreg     PTR unsigned char 
		 -> lineTwo(17), lineOne(17), 
  f               1    7[BANK1 ] PTR const unsigned char 
		 -> STR_12(18), STR_11(17), STR_10(17), STR_9(18), 
		 -> STR_7(17), STR_6(17), STR_5(17), STR_4(17), 
		 -> STR_3(17), STR_2(17), STR_1(17), 
 Auto vars:     Size  Location     Type
  sp              1   22[BANK1 ] PTR unsigned char 
		 -> lineTwo(17), lineOne(17), 
  tmpval          4    0        struct .
  width           2   20[BANK1 ] int 
  val             2   18[BANK1 ] unsigned int 
  cp              2    0        PTR const unsigned char 
  len             2    0        unsigned int 
  c               1   23[BANK1 ] unsigned char 
  flag            1   17[BANK1 ] unsigned char 
  prec            1   16[BANK1 ] char 
  ap              1   15[BANK1 ] PTR void [1]
		 -> ?_sprintf(2), 
 Return value:  Size  Location     Type
                  2    7[BANK1 ] int 
 Registers used:
		wreg, fsr0l, fsr0h, status,2, status,0, btemp+1, pclath, cstack
 Tracked objects:
		On entry : 
		On exit  : 
		Unchanged: 
 Data sizes:     COMMON   BANK0   BANK1   BANK3   BANK2
      Params:         0       0       5       0       0
      Locals:         0       0       9       0       0
      Temps:          0       0       3       0       0
      Totals:         0       0      17       0       0
Total ram usage:       17 bytes
 Hardware stack levels used:    1
 Hardware stack levels required when called:    6
 This function calls:
		___lwdiv
		___lwmod
		___wmul
		_isdigit
 This function is called by:
		_start
		_setFrequency
		_principalScreen
		_lockingScreen
 This function uses a non-reentrant model


 *************** function _isdigit *****************
 Defined at:
		line 8 in file "/opt/microchip/xc8/v2.05/pic/sources/c90/common/isdigit.c"
 Parameters:    Size  Location     Type
  c               1    wreg     unsigned char 
 Auto vars:     Size  Location     Type
  c               1   30[BANK0 ] unsigned char 
 Return value:  Size  Location     Type
		None               void
 Registers used:
		wreg, status,2, status,0
 Tracked objects:
		On entry : 
		On exit  : 
		Unchanged: 
 Data sizes:     COMMON   BANK0   BANK1   BANK3   BANK2
      Params:         0       0       0       0       0
      Locals:         0       2       0       0       0
      Temps:          0       0       0       0       0
      Totals:         0       2       0       0       0
Total ram usage:        2 bytes
 Hardware stack levels used:    1
 Hardware stack levels required when called:    5
 This function calls:
		Nothing
 This function is called by:
		_sprintf
 This function uses a non-reentrant model


 *************** function ___wmul *****************
 Defined at:
		line 15 in file "/opt/microchip/xc8/v2.05/pic/sources/c90/common/Umul16.c"
 Parameters:    Size  Location     Type
  multiplier      2   29[BANK0 ] unsigned int 
  multiplicand    2   31[BANK0 ] unsigned int 
 Auto vars:     Size  Location     Type
  product         2   33[BANK0 ] unsigned int 
 Return value:  Size  Location     Type
                  2   29[BANK0 ] unsigned int 
 Registers used:
		wreg, status,2, status,0
 Tracked objects:
		On entry : 
		On exit  : 
		Unchanged: 
 Data sizes:     COMMON   BANK0   BANK1   BANK3   BANK2
      Params:         0       4       0       0       0
      Locals:         0       2       0       0       0
      Temps:          0       0       0       0       0
      Totals:         0       6       0       0       0
Total ram usage:        6 bytes
 Hardware stack levels used:    1
 Hardware stack levels required when called:    5
 This function calls:
		Nothing
 This function is called by:
		_beep
		_sprintf
 This function uses a non-reentrant model


 *************** function ___lwmod *****************
 Defined at:
		line 5 in file "/opt/microchip/xc8/v2.05/pic/sources/c90/common/lwmod.c"
 Parameters:    Size  Location     Type
  divisor         2    3[BANK1 ] unsigned int 
  dividend        2    5[BANK1 ] unsigned int 
 Auto vars:     Size  Location     Type
  counter         1   35[BANK0 ] unsigned char 
 Return value:  Size  Location     Type
                  2    3[BANK1 ] unsigned int 
 Registers used:
		wreg, status,2, status,0
 Tracked objects:
		On entry : 
		On exit  : 
		Unchanged: 
 Data sizes:     COMMON   BANK0   BANK1   BANK3   BANK2
      Params:         0       0       4       0       0
      Locals:         0       1       0       0       0
      Temps:          0       1       0       0       0
      Totals:         0       2       4       0       0
Total ram usage:        6 bytes
 Hardware stack levels used:    1
 Hardware stack levels required when called:    5
 This function calls:
		Nothing
 This function is called by:
		_principalScreen
		_sprintf
 This function uses a non-reentrant model


 *************** function ___lwdiv *****************
 Defined at:
		line 5 in file "/opt/microchip/xc8/v2.05/pic/sources/c90/common/lwdiv.c"
 Parameters:    Size  Location     Type
  divisor         2   29[BANK0 ] unsigned int 
  dividend        2   31[BANK0 ] unsigned int 
 Auto vars:     Size  Location     Type
  quotient        2    1[BANK1 ] unsigned int 
  counter         1    0[BANK1 ] unsigned char 
 Return value:  Size  Location     Type
                  2   29[BANK0 ] unsigned int 
 Registers used:
		wreg, status,2, status,0
 Tracked objects:
		On entry : 
		On exit  : 
		Unchanged: 
 Data sizes:     COMMON   BANK0   BANK1   BANK3   BANK2
      Params:         0       4       0       0       0
      Locals:         0       0       3       0       0
      Temps:          0       1       0       0       0
      Totals:         0       5       3       0       0
Total ram usage:        8 bytes
 Hardware stack levels used:    1
 Hardware stack levels required when called:    5
 This function calls:
		Nothing
 This function is called by:
		_principalScreen
		_sprintf
 This function uses a non-reentrant model


 *************** function _putsXLCD *****************
 Defined at:
		line 419 in file "lcd_pic16.c"
 Parameters:    Size  Location     Type
  buffer          1    wreg     PTR unsigned char 
		 -> lineTwo(17), lineOne(17), 
 Auto vars:     Size  Location     Type
  buffer          1   34[BANK0 ] PTR unsigned char 
		 -> lineTwo(17), lineOne(17), 
 Return value:  Size  Location     Type
                  1    wreg      void 
 Registers used:
		wreg, fsr0l, fsr0h, status,2, status,0, pclath, cstack
 Tracked objects:
		On entry : 
		On exit  : 
		Unchanged: 
 Data sizes:     COMMON   BANK0   BANK1   BANK3   BANK2
      Params:         0       0       0       0       0
      Locals:         0       1       0       0       0
      Temps:          0       1       0       0       0
      Totals:         0       2       0       0       0
Total ram usage:        2 bytes
 Hardware stack levels used:    1
 Hardware stack levels required when called:    7
 This function calls:
		_BusyXLCD
		_WriteDataXLCD
 This function is called by:
		_start
		_setFrequency
		_principalScreen
		_lockingScreen
 This function uses a non-reentrant model


 *************** function _putrsXLCD *****************
 Defined at:
		line 435 in file "lcd_pic16.c"
 Parameters:    Size  Location     Type
  buffer          1    wreg     PTR const unsigned char 
		 -> STR_8(17), 
 Auto vars:     Size  Location     Type
  buffer          1   34[BANK0 ] PTR const unsigned char 
		 -> STR_8(17), 
 Return value:  Size  Location     Type
                  1    wreg      void 
 Registers used:
		wreg, fsr0l, fsr0h, status,2, status,0, pclath, cstack
 Tracked objects:
		On entry : 
		On exit  : 
		Unchanged: 
 Data sizes:     COMMON   BANK0   BANK1   BANK3   BANK2
      Params:         0       0       0       0       0
      Locals:         0       1       0       0       0
      Temps:          0       1       0       0       0
      Totals:         0       2       0       0       0
Total ram usage:        2 bytes
 Hardware stack levels used:    1
 Hardware stack levels required when called:    7
 This function calls:
		_BusyXLCD
		_WriteDataXLCD
 This function is called by:
		_principalScreen
 This function uses a non-reentrant model


 *************** function _WriteDataXLCD *****************
 Defined at:
		line 110 in file "lcd_pic16.c"
 Parameters:    Size  Location     Type
  data            1    wreg     unsigned char 
 Auto vars:     Size  Location     Type
  data            1   32[BANK0 ] unsigned char 
 Return value:  Size  Location     Type
                  1    wreg      void 
 Registers used:
		wreg, status,2, status,0, pclath, cstack
 Tracked objects:
		On entry : 
		On exit  : 
		Unchanged: 
 Data sizes:     COMMON   BANK0   BANK1   BANK3   BANK2
      Params:         0       0       0       0       0
      Locals:         0       1       0       0       0
      Temps:          0       2       0       0       0
      Totals:         0       3       0       0       0
Total ram usage:        3 bytes
 Hardware stack levels used:    1
 Hardware stack levels required when called:    6
 This function calls:
		_DelayFor18TCY
 This function is called by:
		_putsXLCD
		_putrsXLCD
 This function uses a non-reentrant model


 *************** function _getData *****************
 Defined at:
		line 31 in file "eeprom.c"
 Parameters:    Size  Location     Type
		None
 Auto vars:     Size  Location     Type
  aux1            1   35[BANK0 ] unsigned char 
  aux0            1   34[BANK0 ] unsigned char 
 Return value:  Size  Location     Type
                  1    wreg      void 
 Registers used:
		wreg, status,2, btemp+1, pclath, cstack
 Tracked objects:
		On entry : 
		On exit  : 
		Unchanged: 
 Data sizes:     COMMON   BANK0   BANK1   BANK3   BANK2
      Params:         0       0       0       0       0
      Locals:         0       2       0       0       0
      Temps:          0       4       0       0       0
      Totals:         0       6       0       0       0
Total ram usage:        6 bytes
 Hardware stack levels used:    1
 Hardware stack levels required when called:    6
 This function calls:
		_readEEPROM
 This function is called by:
		_main
 This function uses a non-reentrant model


 *************** function _readEEPROM *****************
 Defined at:
		line 7 in file "eeprom.c"
 Parameters:    Size  Location     Type
  address         1    wreg     unsigned char 
 Auto vars:     Size  Location     Type
  address         1   29[BANK0 ] unsigned char 
 Return value:  Size  Location     Type
                  1    wreg      unsigned char 
 Registers used:
		wreg
 Tracked objects:
		On entry : 
		On exit  : 
		Unchanged: 
 Data sizes:     COMMON   BANK0   BANK1   BANK3   BANK2
      Params:         0       0       0       0       0
      Locals:         0       1       0       0       0
      Temps:          0       0       0       0       0
      Totals:         0       1       0       0       0
Total ram usage:        1 bytes
 Hardware stack levels used:    1
 Hardware stack levels required when called:    5
 This function calls:
		Nothing
 This function is called by:
		_getData
 This function uses a non-reentrant model


 *************** function _config *****************
 Defined at:
		line 42 in file "main.c"
 Parameters:    Size  Location     Type
		None
 Auto vars:     Size  Location     Type
		None
 Return value:  Size  Location     Type
                  1    wreg      void 
 Registers used:
		wreg, status,2, status,0, pclath, cstack
 Tracked objects:
		On entry : 
		On exit  : 
		Unchanged: 
 Data sizes:     COMMON   BANK0   BANK1   BANK3   BANK2
      Params:         0       0       0       0       0
      Locals:         0       0       0       0       0
      Temps:          0       0       0       0       0
      Totals:         0       0       0       0       0
Total ram usage:        0 bytes
 Hardware stack levels used:    1
 Hardware stack levels required when called:    9
 This function calls:
		_initLCD
		_setTransStat
 This function is called by:
		_main
 This function uses a non-reentrant model


 *************** function _setTransStat *****************
 Defined at:
		line 228 in file "main.c"
 Parameters:    Size  Location     Type
  stat            2   29[BANK0 ] int 
 Auto vars:     Size  Location     Type
		None
 Return value:  Size  Location     Type
                  1    wreg      void 
 Registers used:
		wreg, status,2, status,0
 Tracked objects:
		On entry : 
		On exit  : 
		Unchanged: 
 Data sizes:     COMMON   BANK0   BANK1   BANK3   BANK2
      Params:         0       2       0       0       0
      Locals:         0       0       0       0       0
      Temps:          0       2       0       0       0
      Totals:         0       4       0       0       0
Total ram usage:        4 bytes
 Hardware stack levels used:    1
 Hardware stack levels required when called:    5
 This function calls:
		Nothing
 This function is called by:
		_config
 This function uses a non-reentrant model


 *************** function _initLCD *****************
 Defined at:
		line 5 in file "lcd.c"
 Parameters:    Size  Location     Type
		None
 Auto vars:     Size  Location     Type
		None
 Return value:  Size  Location     Type
                  1    wreg      void 
 Registers used:
		wreg, status,2, status,0, pclath, cstack
 Tracked objects:
		On entry : 
		On exit  : 
		Unchanged: 
 Data sizes:     COMMON   BANK0   BANK1   BANK3   BANK2
      Params:         0       0       0       0       0
      Locals:         0       0       0       0       0
      Temps:          0       0       2       0       0
      Totals:         0       0       2       0       0
Total ram usage:        2 bytes
 Hardware stack levels used:    1
 Hardware stack levels required when called:    8
 This function calls:
		_OpenXLCD
		_SendCMDLCD
 This function is called by:
		_config
 This function uses a non-reentrant model


 *************** function _SendCMDLCD *****************
 Defined at:
		line 27 in file "lcd.c"
 Parameters:    Size  Location     Type
  CMD             1    wreg     unsigned char 
 Auto vars:     Size  Location     Type
  CMD             1   33[BANK0 ] unsigned char 
 Return value:  Size  Location     Type
                  1    wreg      void 
 Registers used:
		wreg, status,2, status,0, pclath, cstack
 Tracked objects:
		On entry : 
		On exit  : 
		Unchanged: 
 Data sizes:     COMMON   BANK0   BANK1   BANK3   BANK2
      Params:         0       0       0       0       0
      Locals:         0       1       0       0       0
      Temps:          0       0       0       0       0
      Totals:         0       1       0       0       0
Total ram usage:        1 bytes
 Hardware stack levels used:    1
 Hardware stack levels required when called:    7
 This function calls:
		_BusyXLCD
		_WriteCmdXLCD
 This function is called by:
		_initLCD
 This function uses a non-reentrant model


 *************** function _OpenXLCD *****************
 Defined at:
		line 40 in file "lcd_pic16.c"
 Parameters:    Size  Location     Type
  lcdtype         1    wreg     unsigned char 
 Auto vars:     Size  Location     Type
  lcdtype         1   35[BANK0 ] unsigned char 
 Return value:  Size  Location     Type
                  1    wreg      void 
 Registers used:
		wreg, status,2, status,0, pclath, cstack
 Tracked objects:
		On entry : 
		On exit  : 
		Unchanged: 
 Data sizes:     COMMON   BANK0   BANK1   BANK3   BANK2
      Params:         0       0       0       0       0
      Locals:         0       1       0       0       0
      Temps:          0       2       0       0       0
      Totals:         0       3       0       0       0
Total ram usage:        3 bytes
 Hardware stack levels used:    1
 Hardware stack levels required when called:    7
 This function calls:
		_BusyXLCD
		_DelayPORXLCD
		_SetDDRamAddr
		_WriteCmdXLCD
 This function is called by:
		_initLCD
 This function uses a non-reentrant model


 *************** function _WriteCmdXLCD *****************
 Defined at:
		line 164 in file "lcd_pic16.c"
 Parameters:    Size  Location     Type
  cmd             1    wreg     unsigned char 
 Auto vars:     Size  Location     Type
  cmd             1   32[BANK0 ] unsigned char 
 Return value:  Size  Location     Type
                  1    wreg      void 
 Registers used:
		wreg, status,2, status,0, pclath, cstack
 Tracked objects:
		On entry : 
		On exit  : 
		Unchanged: 
 Data sizes:     COMMON   BANK0   BANK1   BANK3   BANK2
      Params:         0       0       0       0       0
      Locals:         0       1       0       0       0
      Temps:          0       2       0       0       0
      Totals:         0       3       0       0       0
Total ram usage:        3 bytes
 Hardware stack levels used:    1
 Hardware stack levels required when called:    6
 This function calls:
		_DelayFor18TCY
 This function is called by:
		_OpenXLCD
		_SendCMDLCD
 This function uses a non-reentrant model


 *************** function _SetDDRamAddr *****************
 Defined at:
		line 217 in file "lcd_pic16.c"
 Parameters:    Size  Location     Type
  DDaddr          1    wreg     unsigned char 
 Auto vars:     Size  Location     Type
  DDaddr          1   32[BANK0 ] unsigned char 
 Return value:  Size  Location     Type
                  1    wreg      void 
 Registers used:
		wreg, status,2, status,0, pclath, cstack
 Tracked objects:
		On entry : 
		On exit  : 
		Unchanged: 
 Data sizes:     COMMON   BANK0   BANK1   BANK3   BANK2
      Params:         0       0       0       0       0
      Locals:         0       1       0       0       0
      Temps:          0       2       0       0       0
      Totals:         0       3       0       0       0
Total ram usage:        3 bytes
 Hardware stack levels used:    1
 Hardware stack levels required when called:    6
 This function calls:
		_DelayFor18TCY
 This function is called by:
		_start
		_setFrequency
		_principalScreen
		_lockingScreen
		_OpenXLCD
 This function uses a non-reentrant model


 *************** function _DelayFor18TCY *****************
 Defined at:
		line 22 in file "lcd_pic16.c"
 Parameters:    Size  Location     Type
		None
 Auto vars:     Size  Location     Type
		None
 Return value:  Size  Location     Type
                  1    wreg      void 
 Registers used:
		wreg
 Tracked objects:
		On entry : 
		On exit  : 
		Unchanged: 
 Data sizes:     COMMON   BANK0   BANK1   BANK3   BANK2
      Params:         0       0       0       0       0
      Locals:         0       0       0       0       0
      Temps:          0       1       0       0       0
      Totals:         0       1       0       0       0
Total ram usage:        1 bytes
 Hardware stack levels used:    1
 Hardware stack levels required when called:    5
 This function calls:
		Nothing
 This function is called by:
		_WriteDataXLCD
		_WriteCmdXLCD
		_SetDDRamAddr
		_SetCGRamAddr
		_ReadDataXLCD
		_ReadAddrXLCD
 This function uses a non-reentrant model


 *************** function _DelayPORXLCD *****************
 Defined at:
		line 27 in file "lcd_pic16.c"
 Parameters:    Size  Location     Type
		None
 Auto vars:     Size  Location     Type
		None
 Return value:  Size  Location     Type
                  1    wreg      void 
 Registers used:
		wreg
 Tracked objects:
		On entry : 
		On exit  : 
		Unchanged: 
 Data sizes:     COMMON   BANK0   BANK1   BANK3   BANK2
      Params:         0       0       0       0       0
      Locals:         0       0       0       0       0
      Temps:          0       2       0       0       0
      Totals:         0       2       0       0       0
Total ram usage:        2 bytes
 Hardware stack levels used:    1
 Hardware stack levels required when called:    5
 This function calls:
		Nothing
 This function is called by:
		_OpenXLCD
 This function uses a non-reentrant model


 *************** function _BusyXLCD *****************
 Defined at:
		line 451 in file "lcd_pic16.c"
 Parameters:    Size  Location     Type
		None
 Auto vars:     Size  Location     Type
		None
 Return value:  Size  Location     Type
                  1    wreg      unsigned char 
 Registers used:
		wreg
 Tracked objects:
		On entry : 
		On exit  : 
		Unchanged: 
 Data sizes:     COMMON   BANK0   BANK1   BANK3   BANK2
      Params:         0       0       0       0       0
      Locals:         0       0       0       0       0
      Temps:          0       2       0       0       0
      Totals:         0       2       0       0       0
Total ram usage:        2 bytes
 Hardware stack levels used:    1
 Hardware stack levels required when called:    5
 This function calls:
		Nothing
 This function is called by:
		_OpenXLCD
		_putsXLCD
		_putrsXLCD
		_SendCMDLCD
 This function uses a non-reentrant model


 *************** function _inter *****************
 Defined at:
		line 122 in file "main.c"
 Parameters:    Size  Location     Type
		None
 Auto vars:     Size  Location     Type
		None
 Return value:  Size  Location     Type
                  1    wreg      void 
 Registers used:
		wreg, fsr0l, fsr0h, status,2, status,0, btemp+1, pclath, cstack
 Tracked objects:
		On entry : 
		On exit  : 
		Unchanged: 
 Data sizes:     COMMON   BANK0   BANK1   BANK3   BANK2
      Params:         0       0       0       0       0
      Locals:         0       0       0       0       0
      Temps:          0       5       0       0       0
      Totals:         0       5       0       0       0
Total ram usage:        5 bytes
 Hardware stack levels used:    1
 Hardware stack levels required when called:    4
 This function calls:
		_time
		_updateLCD
 This function is called by:
		Interrupt level 1
 This function uses a non-reentrant model


 *************** function _updateLCD *****************
 Defined at:
		line 14 in file "lcd.c"
 Parameters:    Size  Location     Type
		None
 Auto vars:     Size  Location     Type
  integ           1   23[BANK0 ] unsigned char 
  decim           1   22[BANK0 ] unsigned char 
 Return value:  Size  Location     Type
                  1    wreg      void 
 Registers used:
		wreg, fsr0l, fsr0h, status,2, status,0, btemp+1, pclath, cstack
 Tracked objects:
		On entry : 
		On exit  : 
		Unchanged: 
 Data sizes:     COMMON   BANK0   BANK1   BANK3   BANK2
      Params:         0       0       0       0       0
      Locals:         0       2       0       0       0
      Temps:          0       5       0       0       0
      Totals:         0       7       0       0       0
Total ram usage:        7 bytes
 Hardware stack levels used:    1
 Hardware stack levels required when called:    3
 This function calls:
		i1_SetDDRamAddr
		i1___lwdiv
		i1___lwmod
		i1_putsXLCD
		i1_sprintf
 This function is called by:
		_inter
 This function uses a non-reentrant model


 *************** function i1_sprintf *****************
 Defined at:
		line 500 in file "/opt/microchip/xc8/v2.05/pic/sources/c90/common/doprnt.c"
 Parameters:    Size  Location     Type
  sp              1    wreg     PTR unsigned char 
		 -> lineTwo(17), lineOne(17), 
  f               1    0[BANK0 ] PTR const unsigned char 
		 -> STR_12(18), STR_11(17), STR_10(17), STR_9(18), 
		 -> STR_7(17), STR_6(17), STR_5(17), STR_4(17), 
		 -> STR_3(17), STR_2(17), STR_1(17), 
 Auto vars:     Size  Location     Type
  sp              1   13[BANK0 ] PTR unsigned char 
		 -> lineTwo(17), lineOne(17), 
  sprintf         4    0        struct .
  sprintf         2   14[BANK0 ] int 
  sprintf         2   11[BANK0 ] unsigned int 
  sprintf         2    0        PTR const unsigned char 
  sprintf         2    0        unsigned int 
  sprintf         1   16[BANK0 ] unsigned char 
  sprintf         1   10[BANK0 ] unsigned char 
  sprintf         1    9[BANK0 ] char 
  sprintf         1    8[BANK0 ] PTR void [1]
		 -> ?i1_sprintf(2), ?_sprintf(2), 
 Return value:  Size  Location     Type
                  2    0[BANK0 ] int 
 Registers used:
		wreg, fsr0l, fsr0h, status,2, status,0, btemp+1, pclath, cstack
 Tracked objects:
		On entry : 
		On exit  : 
		Unchanged: 
 Data sizes:     COMMON   BANK0   BANK1   BANK3   BANK2
      Params:         0       5       0       0       0
      Locals:         0       9       0       0       0
      Temps:          0       3       0       0       0
      Totals:         0      17       0       0       0
Total ram usage:       17 bytes
 Hardware stack levels used:    1
 Hardware stack levels required when called:    1
 This function calls:
		i1___lwdiv
		i1___lwmod
		i1___wmul
		i1_isdigit
 This function is called by:
		_updateLCD
 This function uses a non-reentrant model


 *************** function i1_isdigit *****************
 Defined at:
		line 8 in file "/opt/microchip/xc8/v2.05/pic/sources/c90/common/isdigit.c"
 Parameters:    Size  Location     Type
  c               1    wreg     unsigned char 
 Auto vars:     Size  Location     Type
  c               1    1[COMMON] unsigned char 
 Return value:  Size  Location     Type
		None               void
 Registers used:
		wreg, status,2, status,0
 Tracked objects:
		On entry : 
		On exit  : 
		Unchanged: 
 Data sizes:     COMMON   BANK0   BANK1   BANK3   BANK2
      Params:         0       0       0       0       0
      Locals:         2       0       0       0       0
      Temps:          0       0       0       0       0
      Totals:         2       0       0       0       0
Total ram usage:        2 bytes
 Hardware stack levels used:    1
 This function calls:
		Nothing
 This function is called by:
		i1_sprintf
 This function uses a non-reentrant model


 *************** function i1___wmul *****************
 Defined at:
		line 15 in file "/opt/microchip/xc8/v2.05/pic/sources/c90/common/Umul16.c"
 Parameters:    Size  Location     Type
  multiplier      2    0[COMMON] unsigned int 
  multiplicand    2    2[COMMON] unsigned int 
 Auto vars:     Size  Location     Type
  __wmul          2    4[COMMON] unsigned int 
 Return value:  Size  Location     Type
                  2    0[COMMON] unsigned int 
 Registers used:
		wreg, status,2, status,0
 Tracked objects:
		On entry : 
		On exit  : 
		Unchanged: 
 Data sizes:     COMMON   BANK0   BANK1   BANK3   BANK2
      Params:         4       0       0       0       0
      Locals:         2       0       0       0       0
      Temps:          0       0       0       0       0
      Totals:         6       0       0       0       0
Total ram usage:        6 bytes
 Hardware stack levels used:    1
 This function calls:
		Nothing
 This function is called by:
		i1_sprintf
 This function uses a non-reentrant model


 *************** function i1___lwmod *****************
 Defined at:
		line 5 in file "/opt/microchip/xc8/v2.05/pic/sources/c90/common/lwmod.c"
 Parameters:    Size  Location     Type
  divisor         2    8[COMMON] unsigned int 
  dividend        2   10[COMMON] unsigned int 
 Auto vars:     Size  Location     Type
  __lwmod         1   13[COMMON] unsigned char 
 Return value:  Size  Location     Type
                  2    8[COMMON] unsigned int 
 Registers used:
		wreg, status,2, status,0
 Tracked objects:
		On entry : 
		On exit  : 
		Unchanged: 
 Data sizes:     COMMON   BANK0   BANK1   BANK3   BANK2
      Params:         4       0       0       0       0
      Locals:         1       0       0       0       0
      Temps:          1       0       0       0       0
      Totals:         6       0       0       0       0
Total ram usage:        6 bytes
 Hardware stack levels used:    1
 This function calls:
		Nothing
 This function is called by:
		_updateLCD
		i1_sprintf
 This function uses a non-reentrant model


 *************** function i1___lwdiv *****************
 Defined at:
		line 5 in file "/opt/microchip/xc8/v2.05/pic/sources/c90/common/lwdiv.c"
 Parameters:    Size  Location     Type
  divisor         2    0[COMMON] unsigned int 
  dividend        2    2[COMMON] unsigned int 
 Auto vars:     Size  Location     Type
  __lwdiv         2    5[COMMON] unsigned int 
  __lwdiv         1    7[COMMON] unsigned char 
 Return value:  Size  Location     Type
                  2    0[COMMON] unsigned int 
 Registers used:
		wreg, status,2, status,0
 Tracked objects:
		On entry : 
		On exit  : 
		Unchanged: 
 Data sizes:     COMMON   BANK0   BANK1   BANK3   BANK2
      Params:         4       0       0       0       0
      Locals:         3       0       0       0       0
      Temps:          1       0       0       0       0
      Totals:         8       0       0       0       0
Total ram usage:        8 bytes
 Hardware stack levels used:    1
 This function calls:
		Nothing
 This function is called by:
		_updateLCD
		i1_sprintf
 This function uses a non-reentrant model


 *************** function i1_putsXLCD *****************
 Defined at:
		line 419 in file "lcd_pic16.c"
 Parameters:    Size  Location     Type
  buffer          1    wreg     PTR unsigned char 
		 -> lineTwo(17), lineOne(17), 
 Auto vars:     Size  Location     Type
  buffer          1    5[COMMON] PTR unsigned char 
		 -> lineTwo(17), lineOne(17), 
 Return value:  Size  Location     Type
                  1    wreg      void 
 Registers used:
		wreg, fsr0l, fsr0h, status,2, status,0, pclath, cstack
 Tracked objects:
		On entry : 
		On exit  : 
		Unchanged: 
 Data sizes:     COMMON   BANK0   BANK1   BANK3   BANK2
      Params:         0       0       0       0       0
      Locals:         1       0       0       0       0
      Temps:          1       0       0       0       0
      Totals:         2       0       0       0       0
Total ram usage:        2 bytes
 Hardware stack levels used:    1
 Hardware stack levels required when called:    2
 This function calls:
		i1_BusyXLCD
		i1_WriteDataXLCD
 This function is called by:
		_updateLCD
 This function uses a non-reentrant model


 *************** function i1_WriteDataXLCD *****************
 Defined at:
		line 110 in file "lcd_pic16.c"
 Parameters:    Size  Location     Type
  data            1    wreg     unsigned char 
 Auto vars:     Size  Location     Type
  data            1    3[COMMON] unsigned char 
 Return value:  Size  Location     Type
                  1    wreg      void 
 Registers used:
		wreg, status,2, status,0, pclath, cstack
 Tracked objects:
		On entry : 
		On exit  : 
		Unchanged: 
 Data sizes:     COMMON   BANK0   BANK1   BANK3   BANK2
      Params:         0       0       0       0       0
      Locals:         1       0       0       0       0
      Temps:          2       0       0       0       0
      Totals:         3       0       0       0       0
Total ram usage:        3 bytes
 Hardware stack levels used:    1
 Hardware stack levels required when called:    1
 This function calls:
		i1_DelayFor18TCY
 This function is called by:
		i1_putsXLCD
 This function uses a non-reentrant model


 *************** function i1_BusyXLCD *****************
 Defined at:
		line 451 in file "lcd_pic16.c"
 Parameters:    Size  Location     Type
		None
 Auto vars:     Size  Location     Type
		None
 Return value:  Size  Location     Type
                  1    wreg      unsigned char 
 Registers used:
		wreg
 Tracked objects:
		On entry : 
		On exit  : 
		Unchanged: 
 Data sizes:     COMMON   BANK0   BANK1   BANK3   BANK2
      Params:         0       0       0       0       0
      Locals:         0       0       0       0       0
      Temps:          2       0       0       0       0
      Totals:         2       0       0       0       0
Total ram usage:        2 bytes
 Hardware stack levels used:    1
 This function calls:
		Nothing
 This function is called by:
		i1_putsXLCD
 This function uses a non-reentrant model


 *************** function i1_SetDDRamAddr *****************
 Defined at:
		line 217 in file "lcd_pic16.c"
 Parameters:    Size  Location     Type
  DDaddr          1    wreg     unsigned char 
 Auto vars:     Size  Location     Type
  DDaddr          1    3[COMMON] unsigned char 
 Return value:  Size  Location     Type
                  1    wreg      void 
 Registers used:
		wreg, status,2, status,0, pclath, cstack
 Tracked objects:
		On entry : 
		On exit  : 
		Unchanged: 
 Data sizes:     COMMON   BANK0   BANK1   BANK3   BANK2
      Params:         0       0       0       0       0
      Locals:         1       0       0       0       0
      Temps:          2       0       0       0       0
      Totals:         3       0       0       0       0
Total ram usage:        3 bytes
 Hardware stack levels used:    1
 Hardware stack levels required when called:    1
 This function calls:
		i1_DelayFor18TCY
 This function is called by:
		_updateLCD
 This function uses a non-reentrant model


 *************** function i1_DelayFor18TCY *****************
 Defined at:
		line 22 in file "lcd_pic16.c"
 Parameters:    Size  Location     Type
		None
 Auto vars:     Size  Location     Type
		None
 Return value:  Size  Location     Type
                  1    wreg      void 
 Registers used:
		wreg
 Tracked objects:
		On entry : 
		On exit  : 
		Unchanged: 
 Data sizes:     COMMON   BANK0   BANK1   BANK3   BANK2
      Params:         0       0       0       0       0
      Locals:         0       0       0       0       0
      Temps:          1       0       0       0       0
      Totals:         1       0       0       0       0
Total ram usage:        1 bytes
 Hardware stack levels used:    1
 This function calls:
		Nothing
 This function is called by:
		i1_WriteDataXLCD
		i1_SetDDRamAddr
 This function uses a non-reentrant model


 *************** function _time *****************
 Defined at:
		line 138 in file "main.c"
 Parameters:    Size  Location     Type
		None
 Auto vars:     Size  Location     Type
		None
 Return value:  Size  Location     Type
                  1    wreg      void 
 Registers used:
		wreg, status,2, status,0, pclath, cstack
 Tracked objects:
		On entry : 
		On exit  : 
		Unchanged: 
 Data sizes:     COMMON   BANK0   BANK1   BANK3   BANK2
      Params:         0       0       0       0       0
      Locals:         0       0       0       0       0
      Temps:          1       0       0       0       0
      Totals:         1       0       0       0       0
Total ram usage:        1 bytes
 Hardware stack levels used:    1
 Hardware stack levels required when called:    2
 This function calls:
		i1_setData
 This function is called by:
		_inter
 This function uses a non-reentrant model


 *************** function i1_setData *****************
 Defined at:
		line 44 in file "eeprom.c"
 Parameters:    Size  Location     Type
  full            1    wreg     unsigned char 
 Auto vars:     Size  Location     Type
  full            1  (no storage) unsigned char 
  setData         1    4[COMMON] unsigned char 
  setData         1    3[COMMON] unsigned char 
 Return value:  Size  Location     Type
                  1    wreg      void 
 Registers used:
		wreg, status,2, status,0, pclath, cstack
 Tracked objects:
		On entry : 
		On exit  : 
		Unchanged: 
 Data sizes:     COMMON   BANK0   BANK1   BANK3   BANK2
      Params:         0       0       0       0       0
      Locals:         2       0       0       0       0
      Temps:          1       0       0       0       0
      Totals:         3       0       0       0       0
Total ram usage:        3 bytes
 Hardware stack levels used:    1
 Hardware stack levels required when called:    1
 This function calls:
		i1_writeEEPROM
 This function is called by:
		_time
 This function uses a non-reentrant model


 *************** function i1_writeEEPROM *****************
 Defined at:
		line 14 in file "eeprom.c"
 Parameters:    Size  Location     Type
  data            1    wreg     unsigned char 
  address         1    0[COMMON] unsigned char 
 Auto vars:     Size  Location     Type
  data            1    1[COMMON] unsigned char 
 Return value:  Size  Location     Type
                  1    wreg      void 
 Registers used:
		wreg
 Tracked objects:
		On entry : 
		On exit  : 
		Unchanged: 
 Data sizes:     COMMON   BANK0   BANK1   BANK3   BANK2
      Params:         1       0       0       0       0
      Locals:         1       0       0       0       0
      Temps:          0       0       0       0       0
      Totals:         2       0       0       0       0
Total ram usage:        2 bytes
 Hardware stack levels used:    1
 This function calls:
		Nothing
 This function is called by:
		i1_setData
 This function uses a non-reentrant model



MODULE INFORMATION

Module		Function		Class		Link	Load	Size
/opt/microchip/xc8/v2.05/pic/sources/c90/common/doprnt.c
		_sprintf       		CODE           	0033	0000	393

/opt/microchip/xc8/v2.05/pic/sources/c90/common/doprnt.c estimated size: 393

/opt/microchip/xc8/v2.05/pic/sources/c90/common/lwmod.c
		___lwmod       		CODE           	0B41	0000	65

/opt/microchip/xc8/v2.05/pic/sources/c90/common/lwmod.c estimated size: 65

lcd_pic16.c
		_BusyXLCD      		CODE           	08DF	0000	14
		_putsXLCD      		CODE           	09BA	0000	36
		_DelayFor18TCY 		CODE           	08B1	0000	8
		_WriteCmdXLCD  		CODE           	0CAB	0000	78
		_OpenXLCD      		CODE           	062F	0000	185
		_WriteDataXLCD 		CODE           	0CF8	0000	78
		_SetDDRamAddr  		CODE           	07AE	0000	79
		_DelayPORXLCD  		CODE           	08D3	0000	13
		_putrsXLCD     		CODE           	0A4C	0000	43

lcd_pic16.c estimated size: 534

eeprom.c
		_getData       		CODE           	0EA0	0000	94
		_setData       		CODE           	0D99	0000	87
		_readEEPROM    		CODE           	0907	0000	16
		_writeEEPROM   		CODE           	097C	0000	30

eeprom.c estimated size: 227

/opt/microchip/xc8/v2.05/pic/sources/c90/common/Umul16.c
		___wmul        		CODE           	09DD	0000	36

/opt/microchip/xc8/v2.05/pic/sources/c90/common/Umul16.c estimated size: 36

/opt/microchip/xc8/v2.05/pic/sources/c90/common/isdigit.c
		_isdigit       		CODE           	0916	0000	17

/opt/microchip/xc8/v2.05/pic/sources/c90/common/isdigit.c estimated size: 17

shared
		i1_WriteDataXLCD		CODE           	0BC9	0000	76
		_FINAL_MONTH   		STRING         	0000	0000	0
		__stringtab    		STRING         	0700	0000	7
		i1_writeEEPROM 		CODE           	06E7	0000	24
		i1___lwdiv     		CODE           	0B05	0000	61
		_dpowers       		STRING         	0706	0000	11
		i1_isdigit     		CODE           	08F9	0000	15
		i1_SetDDRamAddr		CODE           	0C5F	0000	77
		i1___wmul      		CODE           	0999	0000	34
		i1_setData     		CODE           	0D45	0000	85
		i1___lwmod     		CODE           	0AD3	0000	51
		__initialization		CODE           	0015	0000	27
		i1_BusyXLCD    		CODE           	08C9	0000	11
		i1_putsXLCD    		CODE           	095F	0000	30
		i1_sprintf     		CODE           	01BB	0000	361
		_UN_BLOCKED    		STRING         	0000	0000	0
		_FINAL_DAY     		STRING         	0000	0000	0
		i1_DelayFor18TCY		CODE           	08AB	0000	7
		_BLOCKED       		STRING         	0000	0000	0

shared estimated size: 877

/opt/microchip/xc8/v2.05/pic/sources/c90/common/lwdiv.c
		___lwdiv       		CODE           	0DEF	0000	88

/opt/microchip/xc8/v2.05/pic/sources/c90/common/lwdiv.c estimated size: 88

lcd.c
		_SendCMDLCD    		CODE           	0937	0000	19
		_updateLCD     		CODE           	0E46	0000	91
		_initLCD       		CODE           	0A24	0000	41

lcd.c estimated size: 151

main.c
		_beep          		CODE           	0C14	0000	76
		_main          		CODE           	0F60	0000	161
		_setTransStat  		CODE           	0949	0000	23
		_principalScreen		CODE           	0EFD	0000	100
		_config        		CODE           	0A76	0000	47
		_setFrequency  		CODE           	044D	0000	281
		_start         		CODE           	0323	0000	299
		_inter         		CODE           	0A00	0000	37
		_time          		CODE           	0B81	0000	73
		_lockingScreen 		CODE           	0AA4	0000	48

main.c estimated size: 1145

bh1514.c
		_writeFrequency		CODE           	0565	0000	203
		_codFreq       		CODE           	08EC	0000	14

bh1514.c estimated size: 217

