Microchip MPLAB XC8 Compiler V2.10 ()

Linker command line:

-W-3 --edf=C:\Program Files (x86)\Microchip\xc8\v2.10\pic\dat\en_msgs.txt \
  -cs -h+dist/default/production\BH1415v2.production.sym \
  --cmf=dist/default/production\BH1415v2.production.cmf -z -Q16F886 \
  -oC:\Users\Sismore\AppData\Local\Temp\s5h4.2 --defsym=__MPLAB_BUILD=1 \
  -Mdist/default/production/BH1415v2.production.map -E1 -ver=XC8 \
  --acfsm=1493 -ASTACK=0110h-016Fh -pstack=STACK -ACODE=00h-07FFhx4 \
  -ASTRCODE=00h-01FFFh -ASTRING=00h-0FFhx32 -ACONST=00h-0FFhx32 \
  -AENTRY=00h-0FFhx32 -ACOMMON=070h-07Fh -ABANK0=020h-06Fh \
  -ABANK1=0A0h-0EFh -ABANK2=0110h-016Fh -ABANK3=0190h-01EFh \
  -ARAM=020h-06Fh,0A0h-0EFh,0110h-016Fh,0190h-01EFh \
  -AABS1=020h-07Fh,0A0h-0EFh,0110h-016Fh,0190h-01EFh -ASFR0=00h-01Fh \
  -ASFR1=080h-09Fh -ASFR2=0100h-010Fh -ASFR3=0180h-018Fh \
  -preset_vec=00h,intentry=04h,init,end_init -ppowerup=CODE -pcinit=CODE \
  -pfunctab=ENTRY -ACONFIG=02007h-02008h -pconfig=CONFIG -DCONFIG=2 \
  -AIDLOC=02000h-02003h -pidloc=IDLOC -DIDLOC=2 -AEEDATA=00h-0FFh/02100h \
  -peeprom_data=EEDATA -DEEDATA=2 -DCODE=2 -DSTRCODE=2 -DSTRING=2 -DCONST=2 \
  -DENTRY=2 -k C:\Users\Sismore\AppData\Local\Temp\s5h4.o \
  dist/default/production\BH1415v2.production.o 

Object code version is 3.11

Machine type is 16F886



                Name                               Link     Load   Length Selector   Space Scale
C:\Users\Sismore\AppData\Local\Temp\s5h4.o
                end_init                             12       12        3        8       0
                reset_vec                             0        0        3        0       0
                config                             2007     2007        2     400E       0
dist/default/production\BH1415v2.production.o
                cinit                                15       15       20        8       0
                intentry                              4        4        E        8       0
                eeprom_data                           0     2100       28     4200       3
                text44                              8FB      8FB       19     11F6       0
                text43                              D2D      D2D       56     1A5A       0
                text42                              D83      D83       56     1B06       0
                text41                             17A0     17A0        6     2F40       0
                text40                              BA2      BA2       4E     1744       0
                text39                             17BE     17BE        A     2F7C       0
                text38                              B55      B55       4D     16AA       0
                text37                              94C      94C       22     1298       0
                text36                              AC9      AC9       44     1592       0
                text35                              A8F      A8F       3A     151E       0
                text34                              96E      96E       25     12DC       0
                text33                             17EE     17EE       12     2FDC       0
                text32                              1DB      1DB      186        8       0
                text31                              E31      E31       5E     1C62       0
                text30                              993      993       26     1326       0
                text29                             17D4     17D4        D     2FA8       0
                text28                             17C8     17C8        C     2F90       0
                text27                             17A6     17A6        7     2F4C       0
                text26                              CDD      CDD       50     19BA       0
                text25                              BF0      BF0       4F     17E0       0
                text24                              69E      69E       CC        8       0
                text23                              8E5      8E5       16     11CA       0
                text22                              9E0      9E0       28     13C0       0
                text21                              914      914       19     1228       0
                text20                              A5F      A5F       30     14BE       0
                text19                              8AF      8AF        F     115E       0
                text18                              E8F      E8F       5F     1D1E       0
                text17                              C3F      C3F       4F     187E       0
                text16                              A30      A30       2F     1460       0
                text15                              A08      A08       28     1410       0
                text14                              EEE      EEE       5F     1DDC       0
                text13                              B0D      B0D       48     161A       0
                text12                              9B9      9B9       27     1372       0
                text11                              8D1      8D1       14     11A2       0
                text10                               35       35      1A6        8       0
                text9                               76A      76A       65        8       0
                text8                               7CF      7CF       31        8       0
                text7                               92D      92D       1F     125A       0
                text6                               DD9      DD9       58     1BB2       0
                text5                               C8E      C8E       4F     191C       0
                text4                              17E1     17E1        D     2FC2       0
                text3                               5CC      5CC       D2        8       0
                text2                               361      361      138        8       0
                text1                               499      499      133        8       0
                maintext                            F4D      F4D       B3     1E9A       0
                cstackBANK0                          20       20       24       20       1
                cstackCOMMON                         70       70        E       70       1
                cstackBANK1                          C3       C3       22       A0       1
                clrtext                            17AD     17AD        8     2F5A       0
                inittext                            8BE      8BE       13     117C       0
                bssBANK1                             A0       A0       23       A0       1
                dataBANK0                            44       44        9       20       1
                bssBANK0                             4D       4D        6       20       1
                strings                             800      800       AE     1000       0
                idataBANK0                         17B5     17B5        9     2F6A       0

TOTAL           Name                               Link     Load   Length     Space
        CLASS   STACK          

        CLASS   CODE           
                end_init                             12       12        3         0
                cinit                                15       15       20         0
                intentry                              4        4        E         0
                reset_vec                             0        0        3         0
                text44                              8FB      8FB       19         0
                text43                              D2D      D2D       56         0
                text42                              D83      D83       56         0
                text41                             17A0     17A0        6         0
                text40                              BA2      BA2       4E         0
                text39                             17BE     17BE        A         0
                text38                              B55      B55       4D         0
                text37                              94C      94C       22         0
                text36                              AC9      AC9       44         0
                text35                              A8F      A8F       3A         0
                text34                              96E      96E       25         0
                text33                             17EE     17EE       12         0
                text32                              1DB      1DB      186         0
                text31                              E31      E31       5E         0
                text30                              993      993       26         0
                text29                             17D4     17D4        D         0
                text28                             17C8     17C8        C         0
                text27                             17A6     17A6        7         0
                text26                              CDD      CDD       50         0
                text25                              BF0      BF0       4F         0
                text24                              69E      69E       CC         0
                text23                              8E5      8E5       16         0
                text22                              9E0      9E0       28         0
                text21                              914      914       19         0
                text20                              A5F      A5F       30         0
                text19                              8AF      8AF        F         0
                text18                              E8F      E8F       5F         0
                text17                              C3F      C3F       4F         0
                text16                              A30      A30       2F         0
                text15                              A08      A08       28         0
                text14                              EEE      EEE       5F         0
                text13                              B0D      B0D       48         0
                text12                              9B9      9B9       27         0
                text11                              8D1      8D1       14         0
                text10                               35       35      1A6         0
                text9                               76A      76A       65         0
                text8                               7CF      7CF       31         0
                text7                               92D      92D       1F         0
                text6                               DD9      DD9       58         0
                text5                               C8E      C8E       4F         0
                text4                              17E1     17E1        D         0
                text3                               5CC      5CC       D2         0
                text2                               361      361      138         0
                text1                               499      499      133         0
                maintext                            F4D      F4D       B3         0
                clrtext                            17AD     17AD        8         0
                inittext                            8BE      8BE       13         0
                idataBANK0                         17B5     17B5        9         0

        CLASS   STRCODE        

        CLASS   STRING         
                strings                             800      800       AE         0

        CLASS   CONST          

        CLASS   ENTRY          

        CLASS   COMMON         
                cstackCOMMON                         70       70        E         1

        CLASS   BANK0          
                cstackBANK0                          20       20       24         1
                dataBANK0                            44       44        9         1
                bssBANK0                             4D       4D        6         1

        CLASS   BANK1          
                cstackBANK1                          C3       C3       22         1
                bssBANK1                             A0       A0       23         1

        CLASS   BANK2          

        CLASS   BANK3          

        CLASS   RAM            

        CLASS   ABS1           
                abs_s1                               7E       7E        2         1

        CLASS   SFR0           

        CLASS   SFR1           

        CLASS   SFR2           

        CLASS   SFR3           

        CLASS   CONFIG         
                config                             2007     2007        2         0

        CLASS   IDLOC          

        CLASS   EEDATA         
                eeprom_data                           0     2100       28         3



SEGMENTS        Name                           Load    Length   Top    Selector   Space  Class     Delta

                reset_vec                      000000  000003  000003         0       0  CODE        2
                intentry                       000004  0007FC  000800         8       0  CODE        2
                cstackBANK0                    000020  000033  000053        20       1  BANK0       1
                cstackCOMMON                   000070  00000E  00007E        70       1  COMMON      1
                bssBANK1                       0000A0  000045  0000E5        A0       1  BANK1       1
                strings                        000800  0000AE  0008AE      1000       0  STRING      2
                text19                         0008AF  00000F  0008BE      115E       0  CODE        2
                inittext                       0008BE  000013  0008D1      117C       0  CODE        2
                text11                         0008D1  000014  0008E5      11A2       0  CODE        2
                text23                         0008E5  000016  0008FB      11CA       0  CODE        2
                text44                         0008FB  000019  000914      11F6       0  CODE        2
                text21                         000914  000019  00092D      1228       0  CODE        2
                text7                          00092D  00001F  00094C      125A       0  CODE        2
                text37                         00094C  000022  00096E      1298       0  CODE        2
                text34                         00096E  000025  000993      12DC       0  CODE        2
                text30                         000993  000026  0009B9      1326       0  CODE        2
                text12                         0009B9  000027  0009E0      1372       0  CODE        2
                text22                         0009E0  000028  000A08      13C0       0  CODE        2
                text15                         000A08  000028  000A30      1410       0  CODE        2
                text16                         000A30  00002F  000A5F      1460       0  CODE        2
                text20                         000A5F  000030  000A8F      14BE       0  CODE        2
                text35                         000A8F  00003A  000AC9      151E       0  CODE        2
                text36                         000AC9  000044  000B0D      1592       0  CODE        2
                text13                         000B0D  000048  000B55      161A       0  CODE        2
                text38                         000B55  00004D  000BA2      16AA       0  CODE        2
                text40                         000BA2  00004E  000BF0      1744       0  CODE        2
                text25                         000BF0  00004F  000C3F      17E0       0  CODE        2
                text17                         000C3F  00004F  000C8E      187E       0  CODE        2
                text5                          000C8E  00004F  000CDD      191C       0  CODE        2
                text26                         000CDD  000050  000D2D      19BA       0  CODE        2
                text43                         000D2D  000056  000D83      1A5A       0  CODE        2
                text42                         000D83  000056  000DD9      1B06       0  CODE        2
                text6                          000DD9  000058  000E31      1BB2       0  CODE        2
                text31                         000E31  00005E  000E8F      1C62       0  CODE        2
                text18                         000E8F  00005F  000EEE      1D1E       0  CODE        2
                text14                         000EEE  00005F  000F4D      1DDC       0  CODE        2
                maintext                       000F4D  0000B3  001000      1E9A       0  CODE        2
                text41                         0017A0  000006  0017A6      2F40       0  CODE        2
                text27                         0017A6  000007  0017AD      2F4C       0  CODE        2
                clrtext                        0017AD  000008  0017B5      2F5A       0  CODE        2
                idataBANK0                     0017B5  000009  0017BE      2F6A       0  CODE        2
                text39                         0017BE  00000A  0017C8      2F7C       0  CODE        2
                text28                         0017C8  00000C  0017D4      2F90       0  CODE        2
                text29                         0017D4  00000D  0017E1      2FA8       0  CODE        2
                text4                          0017E1  00000D  0017EE      2FC2       0  CODE        2
                text33                         0017EE  000012  001800      2FDC       0  CODE        2
                config                         002007  000002  002009      400E       0  CONFIG      2
                eeprom_data                    002100  000028  002128      4200       3  EEDATA      2


UNUSED ADDRESS RANGES

        Name                Unused          Largest block    Delta
        BANK0            0053-006F             1D           1
        BANK1            00E5-00EF              B           1
        BANK2            0110-016F             60           1
        BANK3            0190-01EF             60           1
        CODE             0003-0003              1           2
                         08AE-08AE              1
                         1000-179F            7A0
                         1800-1FFF            800
        CONST            0003-0003              1           2
                         08AE-08AE              1
                         1000-179F            100
                         1800-1FFF            100
        EEDATA           2128-21FF             D8           2
        ENTRY            0003-0003              1           2
                         08AE-08AE              1
                         1000-179F            100
                         1800-1FFF            100
        IDLOC            2000-2003              4           2
        RAM              0053-006F             1D           1
                         00E5-00EF              B
                         0110-016F             60
                         0190-01EF             60
        SFR0             0000-001F             20           1
        SFR1             0080-009F             20           1
        SFR2             0100-010F             10           1
        SFR3             0180-018F             10           1
        STACK            0110-016F             60           1
        STRCODE          0003-0003              1           2
                         08AE-08AE              1
                         1000-179F            7A0
                         1800-1FFF            800
        STRING           0003-0003              1           2
                         08AE-08AE              1
                         1000-179F            100
                         1800-1FFF            100

                                  Symbol Table

?___lwdiv                 cstackBANK0  003D
?___lwmod                 cstackBANK1  00C6
?___wmul                  cstackBANK0  003D
?_codFreq                 cstackBANK0  003D
?_sprintf                 cstackBANK1  00CA
?i1___lwdiv               cstackCOMMON 0070
?i1___lwmod               cstackCOMMON 0078
?i1___wmul                cstackCOMMON 0070
?i1_sprintf               cstackBANK0  0020
OpenXLCD@lcdtype          cstackBANK0  0043
SendCMDLCD@CMD            cstackBANK0  0041
SetDDRamAddr@DDaddr       cstackBANK0  0040
WriteCmdXLCD@cmd          cstackBANK0  0040
WriteDataXLCD@data        cstackBANK0  0040
_ADCON0                   (abs)        001F
_ADCON1                   (abs)        009F
_ANSEL                    (abs)        0188
_ANSELH                   (abs)        0189
_BusyXLCD                 text29       17D4
_DelayFor18TCY            text27       17A6
_DelayPORXLCD             text28       17C8
_EEADR                    (abs)        010D
_EECON1bits               (abs)        018C
_EECON2                   (abs)        018D
_EEDATA                   (abs)        010C
_INTCON                   (abs)        000B
_INTCONbits               (abs)        000B
_OpenXLCD                 text24       069E
_PIE1                     (abs)        008C
_PIR1bits                 (abs)        000C
_PIR2bits                 (abs)        000D
_PORTA                    (abs)        0005
_PORTAbits                (abs)        0005
_PORTB                    (abs)        0006
_PORTBbits                (abs)        0006
_PORTC                    (abs)        0007
_PORTCbits                (abs)        0007
_SendCMDLCD               text23       08E5
_SetDDRamAddr             text26       0CDD
_T1CON                    (abs)        0010
_T1CONbits                (abs)        0010
_TMR1H                    (abs)        000F
_TMR1L                    (abs)        000E
_TRISA                    (abs)        0085
_TRISB                    (abs)        0086
_TRISBbits                (abs)        0086
_TRISC                    (abs)        0087
_WriteCmdXLCD             text25       0BF0
_WriteDataXLCD            text17       0C3F
__Babs1                   abs1         4250
__Bbank0                  bank0        4250
__Bbank1                  bank1        4250
__Bbank2                  bank2        4250
__Bbank3                  bank3        4250
__BbssBANK0               bssBANK0     4250
__BbssBANK1               bssBANK1     4250
__Bclrtext                clrtext      4250
__Bcode                   code         4250
__Bcommon                 common       4250
__BcstackBANK0            cstackBANK0  4250
__BcstackBANK1            cstackBANK1  4250
__BcstackCOMMON           cstackCOMMON 4250
__BdataBANK0              dataBANK0    4250
__Beeprom_data            eeprom_data  2100
__BidataBANK0             idataBANK0   4250
__Binittext               inittext     4250
__Bmaintext               maintext     4250
__Bram                    ram          4250
__Bsfr0                   sfr0         4250
__Bsfr1                   sfr1         4250
__Bsfr2                   sfr2         4250
__Bsfr3                   sfr3         4250
__Bstrings                strings      4250
__Btext                   text         4250
__CFG_BOR4V$BOR40V        (abs)        0000
__CFG_BOREN$OFF           (abs)        0000
__CFG_CP$ON               (abs)        0000
__CFG_CPD$ON              (abs)        0000
__CFG_FCMEN$OFF           (abs)        0000
__CFG_FOSC$XT             (abs)        0000
__CFG_IESO$OFF            (abs)        0000
__CFG_LVP$OFF             (abs)        0000
__CFG_MCLRE$ON            (abs)        0000
__CFG_PWRTE$OFF           (abs)        0000
__CFG_WDTE$OFF            (abs)        0000
__CFG_WRT$OFF             (abs)        0000
__Habs1                   abs1         0050
__Hbank0                  bank0        0050
__Hbank1                  bank1        0050
__Hbank2                  bank2        0050
__Hbank3                  bank3        0050
__HbssBANK0               bssBANK0     0050
__HbssBANK1               bssBANK1     0050
__Hcinit                  cinit        0035
__Hclrtext                clrtext      0050
__Hcode                   code         0050
__Hcommon                 common       0050
__Hconfig                 config       2009
__HcstackBANK0            cstackBANK0  0050
__HcstackBANK1            cstackBANK1  0050
__HcstackCOMMON           cstackCOMMON 0050
__HdataBANK0              dataBANK0    0050
__Heeprom_data            eeprom_data  0028
__Hend_init               end_init     0015
__Hfunctab                functab      0000
__HidataBANK0             idataBANK0   0050
__Hidloc                  idloc        0000
__Hinit                   init         0012
__Hinittext               inittext     0050
__Hintentry               intentry     0012
__Hmaintext               maintext     0050
__Hpowerup                powerup      0000
__Hram                    ram          0050
__Hreset_vec              reset_vec    0003
__Hsfr0                   sfr0         0050
__Hsfr1                   sfr1         0050
__Hsfr2                   sfr2         0050
__Hsfr3                   sfr3         0050
__Hspace_0                (abs)        2009
__Hspace_1                (abs)        00E5
__Hspace_2                (abs)        0000
__Hspace_3                (abs)        0028
__Hstack                  stack        0000
__Hstrings                strings      0050
__Htext                   text         0050
__Labs1                   abs1         0050
__Lbank0                  bank0        0050
__Lbank1                  bank1        0050
__Lbank2                  bank2        0050
__Lbank3                  bank3        0050
__LbssBANK0               bssBANK0     0050
__LbssBANK1               bssBANK1     0050
__Lcinit                  cinit        0015
__Lclrtext                clrtext      0050
__Lcode                   code         0050
__Lcommon                 common       0050
__Lconfig                 config       2007
__LcstackBANK0            cstackBANK0  0050
__LcstackBANK1            cstackBANK1  0050
__LcstackCOMMON           cstackCOMMON 0050
__LdataBANK0              dataBANK0    0050
__Leeprom_data            eeprom_data  0000
__Lend_init               end_init     0012
__Lfunctab                functab      0000
__LidataBANK0             idataBANK0   0050
__Lidloc                  idloc        0000
__Linit                   init         0012
__Linittext               inittext     0050
__Lintentry               intentry     0004
__Lmaintext               maintext     0050
__Lpowerup                powerup      0000
__Lram                    ram          0050
__Lreset_vec              reset_vec    0000
__Lsfr0                   sfr0         0050
__Lsfr1                   sfr1         0050
__Lsfr2                   sfr2         0050
__Lsfr3                   sfr3         0050
__Lspace_0                (abs)        0000
__Lspace_1                (abs)        0000
__Lspace_2                (abs)        0000
__Lspace_3                (abs)        0000
__Lstack                  stack        0000
__Lstrings                strings      0050
__Ltext                   text         0050
__S0                      (abs)        2009
__S1                      (abs)        00E5
__S2                      (abs)        0000
__S3                      (abs)        2128
___int_sp                 stack        0000
___latbits                (abs)        0002
___lwdiv                  text14       0EEE
___lwdiv@counter          cstackBANK1  00C3
___lwdiv@dividend         cstackBANK0  003F
___lwdiv@divisor          cstackBANK0  003D
___lwdiv@quotient         cstackBANK1  00C4
___lwmod                  text13       0B0D
___lwmod@counter          cstackBANK0  0043
___lwmod@dividend         cstackBANK1  00C8
___lwmod@divisor          cstackBANK1  00C6
___sp                     stack        0000
___stackhi                (abs)        0000
___stacklo                (abs)        0000
___wmul                   text12       09B9
___wmul@multiplicand      cstackBANK0  003F
___wmul@multiplier        cstackBANK0  003D
___wmul@product           cstackBANK0  0041
__end_of_BLOCKED          strings      0814
__end_of_BusyXLCD         text29       17E1
__end_of_DelayFor18TCY    text27       17AD
__end_of_DelayPORXLCD     text28       17D4
__end_of_FINAL_DAY        strings      0811
__end_of_FINAL_MONTH      strings      0812
__end_of_OpenXLCD         text24       076A
__end_of_SendCMDLCD       text23       08FB
__end_of_SetDDRamAddr     text26       0D2D
__end_of_UN_BLOCKED       strings      0813
__end_of_WriteCmdXLCD     text25       0C3F
__end_of_WriteDataXLCD    text17       0C8E
__end_of___lwdiv          text14       0F4D
__end_of___lwmod          text13       0B55
__end_of___wmul           text12       09E0
__end_of__initialization  cinit        0031
__end_of__stringtab       strings      0806
__end_of_beep             text5        0CDD
__end_of_codFreq          text4        17EE
__end_of_config           text20       0A8F
__end_of_dpowers          strings      0810
__end_of_getData          text18       0EEE
__end_of_initLCD          text22       0A08
__end_of_inter            text30       09B9
__end_of_isdigit          text11       08E5
__end_of_lockingScreen    text8        0800
__end_of_main             maintext     1000
__end_of_principalScreen  text9        07CF
__end_of_putrsXLCD        text16       0A5F
__end_of_putsXLCD         text15       0A30
__end_of_readEEPROM       text19       08BE
__end_of_setData          text6        0E31
__end_of_setFrequency     text2        0499
__end_of_setTransStat     text21       092D
__end_of_sprintf          text10       01DB
__end_of_start            text1        05CC
__end_of_time             text42       0DD9
__end_of_updateLCD        text31       0E8F
__end_of_writeEEPROM      text7        094C
__end_of_writeFrequency   text3        069E
__end_ofi1_BusyXLCD       text39       17C8
__end_ofi1_DelayFor18TCY  text41       17A6
__end_ofi1_SetDDRamAddr   text40       0BF0
__end_ofi1_WriteDataXLCD  text38       0BA2
__end_ofi1___lwdiv        text36       0B0D
__end_ofi1___lwmod        text35       0AC9
__end_ofi1___wmul         text34       0993
__end_ofi1_isdigit        text33       1800
__end_ofi1_putsXLCD       text37       096E
__end_ofi1_setData        text43       0D83
__end_ofi1_sprintf        text32       0361
__end_ofi1_writeEEPROM    text44       0914
__initialization          cinit        0015
__pbssBANK0               bssBANK0     004D
__pbssBANK1               bssBANK1     00A0
__pcstackBANK0            cstackBANK0  0020
__pcstackBANK1            cstackBANK1  00C3
__pcstackCOMMON           cstackCOMMON 0070
__pdataBANK0              dataBANK0    0044
__pidataBANK0             idataBANK0   17B5
__pintentry               intentry     0004
__pmaintext               maintext     0F4D
__pstrings                strings      0800
__ptext1                  text1        0499
__ptext10                 text10       0035
__ptext11                 text11       08D1
__ptext12                 text12       09B9
__ptext13                 text13       0B0D
__ptext14                 text14       0EEE
__ptext15                 text15       0A08
__ptext16                 text16       0A30
__ptext17                 text17       0C3F
__ptext18                 text18       0E8F
__ptext19                 text19       08AF
__ptext2                  text2        0361
__ptext20                 text20       0A5F
__ptext21                 text21       0914
__ptext22                 text22       09E0
__ptext23                 text23       08E5
__ptext24                 text24       069E
__ptext25                 text25       0BF0
__ptext26                 text26       0CDD
__ptext27                 text27       17A6
__ptext28                 text28       17C8
__ptext29                 text29       17D4
__ptext3                  text3        05CC
__ptext30                 text30       0993
__ptext31                 text31       0E31
__ptext32                 text32       01DB
__ptext33                 text33       17EE
__ptext34                 text34       096E
__ptext35                 text35       0A8F
__ptext36                 text36       0AC9
__ptext37                 text37       094C
__ptext38                 text38       0B55
__ptext39                 text39       17BE
__ptext4                  text4        17E1
__ptext40                 text40       0BA2
__ptext41                 text41       17A0
__ptext42                 text42       0D83
__ptext43                 text43       0D2D
__ptext44                 text44       08FB
__ptext5                  text5        0C8E
__ptext6                  text6        0DD9
__ptext7                  text7        092D
__ptext8                  text8        07CF
__ptext9                  text9        076A
__size_of_BusyXLCD        (abs)        0000
__size_of_DelayFor18TCY   (abs)        0000
__size_of_DelayPORXLCD    (abs)        0000
__size_of_OpenXLCD        (abs)        0000
__size_of_SendCMDLCD      (abs)        0000
__size_of_SetDDRamAddr    (abs)        0000
__size_of_WriteCmdXLCD    (abs)        0000
__size_of_WriteDataXLCD   (abs)        0000
__size_of___lwdiv         (abs)        0000
__size_of___lwmod         (abs)        0000
__size_of___wmul          (abs)        0000
__size_of_beep            (abs)        0000
__size_of_codFreq         (abs)        0000
__size_of_config          (abs)        0000
__size_of_getData         (abs)        0000
__size_of_initLCD         (abs)        0000
__size_of_inter           (abs)        0000
__size_of_isdigit         (abs)        0000
__size_of_lockingScreen   (abs)        0000
__size_of_main            (abs)        0000
__size_of_principalScreen (abs)        0000
__size_of_putrsXLCD       (abs)        0000
__size_of_putsXLCD        (abs)        0000
__size_of_readEEPROM      (abs)        0000
__size_of_setData         (abs)        0000
__size_of_setFrequency    (abs)        0000
__size_of_setTransStat    (abs)        0000
__size_of_sprintf         (abs)        0000
__size_of_start           (abs)        0000
__size_of_time            (abs)        0000
__size_of_updateLCD       (abs)        0000
__size_of_writeEEPROM     (abs)        0000
__size_of_writeFrequency  (abs)        0000
__size_ofi1_BusyXLCD      (abs)        0000
__size_ofi1_DelayFor18TCY (abs)        0000
__size_ofi1_SetDDRamAddr  (abs)        0000
__size_ofi1_WriteDataXLCD (abs)        0000
__size_ofi1___lwdiv       (abs)        0000
__size_ofi1___lwmod       (abs)        0000
__size_ofi1___wmul        (abs)        0000
__size_ofi1_isdigit       (abs)        0000
__size_ofi1_putsXLCD      (abs)        0000
__size_ofi1_setData       (abs)        0000
__size_ofi1_sprintf       (abs)        0000
__size_ofi1_writeEEPROM   (abs)        0000
__stringbase              strings      0805
__stringtab               strings      0800
_beep                     text5        0C8E
_cntTmr1                  bssBANK0     0052
_codFreq                  text4        17E1
_config                   text20       0A5F
_days                     dataBANK0    0049
_dpowers                  strings      0806
_frequency                dataBANK0    0044
_functionalStat           bssBANK0     004F
_getData                  text18       0E8F
_hours                    dataBANK0    0048
_hundredMiliSeconds       bssBANK0     0050
_i                        bssBANK1     00A0
_initLCD                  text22       09E0
_inter                    text30       0993
_isOnConfig               bssBANK0     004E
_isdigit                  text11       08D1
_isdigit$1104             cstackBANK0  003D
_lineOne                  bssBANK1     00B2
_lineTwo                  bssBANK1     00A1
_lockingScreen            text8        07CF
_main                     maintext     0F4D
_minutes                  dataBANK0    0047
_months                   dataBANK0    004A
_prTmr1H                  dataBANK0    004B
_prTmr1L                  dataBANK0    004C
_principalScreen          text9        076A
_putrsXLCD                text16       0A30
_putsXLCD                 text15       0A08
_readEEPROM               text19       08AF
_seconds                  bssBANK0     0051
_setData                  text6        0DD9
_setFrequency             text2        0361
_setTransStat             text21       0914
_sprintf                  text10       0035
_start                    text1        0499
_time                     text42       0D83
_updateLCD                text31       0E31
_writeEEPROM              text7        092D
_writeFrequency           text3        05CC
beep@ms                   cstackBANK1  00C3
btemp                     (abs)        007E
clear_ram0                clrtext      17AD
codFreq@f                 cstackBANK0  003D
codFreq@fr                cstackBANK0  003F
end_of_initialization     cinit        0031
getData@aux0              cstackBANK0  0042
getData@aux1              cstackBANK0  0043
i1SetDDRamAddr@DDaddr     cstackCOMMON 0073
i1WriteDataXLCD@data      cstackCOMMON 0073
i1_BusyXLCD               text39       17BE
i1_DelayFor18TCY          text41       17A0
i1_SetDDRamAddr           text40       0BA2
i1_WriteDataXLCD          text38       0B55
i1___lwdiv                text36       0AC9
i1___lwdiv@counter        cstackCOMMON 0077
i1___lwdiv@dividend       cstackCOMMON 0072
i1___lwdiv@divisor        cstackCOMMON 0070
i1___lwdiv@quotient       cstackCOMMON 0075
i1___lwmod                text35       0A8F
i1___lwmod@counter        cstackCOMMON 007D
i1___lwmod@dividend       cstackCOMMON 007A
i1___lwmod@divisor        cstackCOMMON 0078
i1___wmul                 text34       096E
i1___wmul@multiplicand    cstackCOMMON 0072
i1___wmul@multiplier      cstackCOMMON 0070
i1___wmul@product         cstackCOMMON 0074
i1_isdigit                text33       17EE
i1_isdigit$1104           cstackCOMMON 0070
i1_putsXLCD               text37       094C
i1_setData                text43       0D2D
i1_sprintf                text32       01DB
i1_writeEEPROM            text44       08FB
i1isdigit@c               cstackCOMMON 0071
i1putsXLCD@buffer         cstackCOMMON 0075
i1setData@data0           cstackCOMMON 0073
i1setData@data1           cstackCOMMON 0074
i1sprintf@ap              cstackBANK0  0028
i1sprintf@c               cstackBANK0  0030
i1sprintf@f               cstackBANK0  0020
i1sprintf@flag            cstackBANK0  002A
i1sprintf@prec            cstackBANK0  0029
i1sprintf@sp              cstackBANK0  002D
i1sprintf@val             cstackBANK0  002B
i1sprintf@width           cstackBANK0  002E
i1writeEEPROM@address     cstackCOMMON 0070
i1writeEEPROM@data        cstackCOMMON 0071
init_fetch0               inittext     08BE
init_ram0                 inittext     08C2
interrupt_function        intentry     0004
intlevel0                 functab      0000
intlevel1                 functab      0000
intlevel2                 functab      0000
intlevel3                 functab      0000
intlevel4                 functab      0000
intlevel5                 functab      0000
isdigit@c                 cstackBANK0  003E
principalScreen@decim     cstackBANK1  00E0
principalScreen@integ     cstackBANK1  00E1
putrsXLCD@buffer          cstackBANK0  0042
putsXLCD@buffer           cstackBANK0  0042
readEEPROM@address        cstackBANK0  003D
reset_vec                 reset_vec    0000
saved_w                   (abs)        007E
setData@data0             cstackBANK0  0040
setData@data1             cstackBANK0  0041
setTransStat@stat         cstackBANK0  003D
sprintf@ap                cstackBANK1  00D2
sprintf@c                 cstackBANK1  00DA
sprintf@f                 cstackBANK1  00CA
sprintf@flag              cstackBANK1  00D4
sprintf@prec              cstackBANK1  00D3
sprintf@sp                cstackBANK1  00D9
sprintf@val               cstackBANK1  00D5
sprintf@width             cstackBANK1  00D7
start                     init         0012
start@i                   cstackBANK1  00DE
start_initialization      cinit        0015
updateLCD@decim           cstackBANK0  0036
updateLCD@integ           cstackBANK0  0037
writeEEPROM@address       cstackBANK0  003D
writeEEPROM@data          cstackBANK0  003E
writeFrequency@buffer     cstackBANK1  00CA
writeFrequency@f          cstackBANK1  00C5
writeFrequency@r          cstackBANK1  00CC
wtemp0                    (abs)        007E


FUNCTION INFORMATION:

 *************** function _main *****************
 Defined at:
		line 5 in file "main.c"
 Parameters:    Size  Location     Type
		None
 Auto vars:     Size  Location     Type
  index           1    0        unsigned char 
 Return value:  Size  Location     Type
                  1    wreg      void 
 Registers used:
		wreg, fsr0l, fsr0h, status,2, status,0, btemp+1, pclath, cstack
 Tracked objects:
		On entry : 
		On exit  : 
		Unchanged: 
 Data sizes:     COMMON   BANK0   BANK1   BANK3   BANK2
      Params:         0       0       0       0       0
      Locals:         0       0       0       0       0
      Temps:          0       0       3       0       0
      Totals:         0       0       3       0       0
Total ram usage:        3 bytes
 Hardware stack levels required when called:   10
 This function calls:
		_beep
		_config
		_getData
		_lockingScreen
		_principalScreen
		_setFrequency
		_start
		_writeFrequency
 This function is called by:
		Startup code after reset
 This function uses a non-reentrant model


 *************** function _start *****************
 Defined at:
		line 73 in file "main.c"
 Parameters:    Size  Location     Type
		None
 Auto vars:     Size  Location     Type
  i               1   27[BANK1 ] unsigned char 
 Return value:  Size  Location     Type
                  1    wreg      void 
 Registers used:
		wreg, fsr0l, fsr0h, status,2, status,0, btemp+1, pclath, cstack
 Tracked objects:
		On entry : 
		On exit  : 
		Unchanged: 
 Data sizes:     COMMON   BANK0   BANK1   BANK3   BANK2
      Params:         0       0       0       0       0
      Locals:         0       0       1       0       0
      Temps:          0       0       3       0       0
      Totals:         0       0       4       0       0
Total ram usage:        4 bytes
 Hardware stack levels used:    1
 Hardware stack levels required when called:    8
 This function calls:
		_SetDDRamAddr
		_beep
		_putsXLCD
		_sprintf
 This function is called by:
		_main
 This function uses a non-reentrant model


 *************** function _setFrequency *****************
 Defined at:
		line 179 in file "main.c"
 Parameters:    Size  Location     Type
		None
 Auto vars:     Size  Location     Type
		None
 Return value:  Size  Location     Type
                  1    wreg      void 
 Registers used:
		wreg, fsr0l, fsr0h, status,2, status,0, btemp+1, pclath, cstack
 Tracked objects:
		On entry : 
		On exit  : 
		Unchanged: 
 Data sizes:     COMMON   BANK0   BANK1   BANK3   BANK2
      Params:         0       0       0       0       0
      Locals:         0       0       0       0       0
      Temps:          0       0       3       0       0
      Totals:         0       0       3       0       0
Total ram usage:        3 bytes
 Hardware stack levels used:    1
 Hardware stack levels required when called:    9
 This function calls:
		_SetDDRamAddr
		_beep
		_lockingScreen
		_putsXLCD
		_setData
		_sprintf
		_writeFrequency
 This function is called by:
		_main
 This function uses a non-reentrant model


 *************** function _writeFrequency *****************
 Defined at:
		line 12 in file "bh1514.c"
 Parameters:    Size  Location     Type
  f               2    2[BANK1 ] unsigned int 
 Auto vars:     Size  Location     Type
  r               2    9[BANK1 ] unsigned int 
  buffer          2    7[BANK1 ] unsigned int 
 Return value:  Size  Location     Type
                  1    wreg      void 
 Registers used:
		wreg, status,2, status,0, btemp+1, pclath, cstack
 Tracked objects:
		On entry : 
		On exit  : 
		Unchanged: 
 Data sizes:     COMMON   BANK0   BANK1   BANK3   BANK2
      Params:         0       0       2       0       0
      Locals:         0       0       4       0       0
      Temps:          0       0       3       0       0
      Totals:         0       0       9       0       0
Total ram usage:        9 bytes
 Hardware stack levels used:    1
 Hardware stack levels required when called:    7
 This function calls:
		_beep
		_codFreq
 This function is called by:
		_main
		_setFrequency
 This function uses a non-reentrant model


 *************** function _codFreq *****************
 Defined at:
		line 6 in file "bh1514.c"
 Parameters:    Size  Location     Type
  f               2   29[BANK0 ] unsigned int 
 Auto vars:     Size  Location     Type
  fr              2   31[BANK0 ] unsigned int 
 Return value:  Size  Location     Type
                  2   29[BANK0 ] unsigned int 
 Registers used:
		wreg
 Tracked objects:
		On entry : 
		On exit  : 
		Unchanged: 
 Data sizes:     COMMON   BANK0   BANK1   BANK3   BANK2
      Params:         0       2       0       0       0
      Locals:         0       2       0       0       0
      Temps:          0       0       0       0       0
      Totals:         0       4       0       0       0
Total ram usage:        4 bytes
 Hardware stack levels used:    1
 Hardware stack levels required when called:    5
 This function calls:
		Nothing
 This function is called by:
		_writeFrequency
 This function uses a non-reentrant model


 *************** function _beep *****************
 Defined at:
		line 168 in file "main.c"
 Parameters:    Size  Location     Type
  ms              2    0[BANK1 ] int 
 Auto vars:     Size  Location     Type
		None
 Return value:  Size  Location     Type
                  1    wreg      void 
 Registers used:
		wreg, status,2, status,0, btemp+1, pclath, cstack
 Tracked objects:
		On entry : 
		On exit  : 
		Unchanged: 
 Data sizes:     COMMON   BANK0   BANK1   BANK3   BANK2
      Params:         0       0       2       0       0
      Locals:         0       0       0       0       0
      Temps:          0       1       0       0       0
      Totals:         0       1       2       0       0
Total ram usage:        3 bytes
 Hardware stack levels used:    1
 Hardware stack levels required when called:    6
 This function calls:
		___wmul
 This function is called by:
		_main
		_start
		_setFrequency
		_writeFrequency
 This function uses a non-reentrant model


 *************** function _setData *****************
 Defined at:
		line 44 in file "eeprom.c"
 Parameters:    Size  Location     Type
  full            1    wreg     unsigned char 
 Auto vars:     Size  Location     Type
  full            1    0[COMMON] unsigned char 
  data1           1   33[BANK0 ] unsigned char 
  data0           1   32[BANK0 ] unsigned char 
 Return value:  Size  Location     Type
                  1    wreg      void 
 Registers used:
		wreg, status,2, status,0, pclath, cstack
 Tracked objects:
		On entry : 
		On exit  : 
		Unchanged: 
 Data sizes:     COMMON   BANK0   BANK1   BANK3   BANK2
      Params:         0       0       0       0       0
      Locals:         0       2       0       0       0
      Temps:          0       1       0       0       0
      Totals:         0       3       0       0       0
Total ram usage:        3 bytes
 Hardware stack levels used:    1
 Hardware stack levels required when called:    6
 This function calls:
		_writeEEPROM
 This function is called by:
		_setFrequency
 This function uses a non-reentrant model


 *************** function _writeEEPROM *****************
 Defined at:
		line 14 in file "eeprom.c"
 Parameters:    Size  Location     Type
  data            1    wreg     unsigned char 
  address         1   29[BANK0 ] unsigned char 
 Auto vars:     Size  Location     Type
  data            1   30[BANK0 ] unsigned char 
 Return value:  Size  Location     Type
                  1    wreg      void 
 Registers used:
		wreg
 Tracked objects:
		On entry : 
		On exit  : 
		Unchanged: 
 Data sizes:     COMMON   BANK0   BANK1   BANK3   BANK2
      Params:         0       1       0       0       0
      Locals:         0       1       0       0       0
      Temps:          0       0       0       0       0
      Totals:         0       2       0       0       0
Total ram usage:        2 bytes
 Hardware stack levels used:    1
 Hardware stack levels required when called:    5
 This function calls:
		Nothing
 This function is called by:
		_setData
 This function uses a non-reentrant model


 *************** function _lockingScreen *****************
 Defined at:
		line 250 in file "main.c"
 Parameters:    Size  Location     Type
		None
 Auto vars:     Size  Location     Type
		None
 Return value:  Size  Location     Type
                  1    wreg      void 
 Registers used:
		wreg, fsr0l, fsr0h, status,2, status,0, btemp+1, pclath, cstack
 Tracked objects:
		On entry : 
		On exit  : 
		Unchanged: 
 Data sizes:     COMMON   BANK0   BANK1   BANK3   BANK2
      Params:         0       0       0       0       0
      Locals:         0       0       0       0       0
      Temps:          0       0       1       0       0
      Totals:         0       0       1       0       0
Total ram usage:        1 bytes
 Hardware stack levels used:    1
 Hardware stack levels required when called:    8
 This function calls:
		_SetDDRamAddr
		_putsXLCD
		_sprintf
 This function is called by:
		_main
		_setFrequency
 This function uses a non-reentrant model


 *************** function _principalScreen *****************
 Defined at:
		line 240 in file "main.c"
 Parameters:    Size  Location     Type
		None
 Auto vars:     Size  Location     Type
  integ           1   30[BANK1 ] unsigned char 
  decim           1   29[BANK1 ] unsigned char 
 Return value:  Size  Location     Type
                  1    wreg      void 
 Registers used:
		wreg, fsr0l, fsr0h, status,2, status,0, btemp+1, pclath, cstack
 Tracked objects:
		On entry : 
		On exit  : 
		Unchanged: 
 Data sizes:     COMMON   BANK0   BANK1   BANK3   BANK2
      Params:         0       0       0       0       0
      Locals:         0       0       2       0       0
      Temps:          0       0       5       0       0
      Totals:         0       0       7       0       0
Total ram usage:        7 bytes
 Hardware stack levels used:    1
 Hardware stack levels required when called:    8
 This function calls:
		_SetDDRamAddr
		___lwdiv
		___lwmod
		_putrsXLCD
		_putsXLCD
		_sprintf
 This function is called by:
		_main
 This function uses a non-reentrant model


 *************** function _sprintf *****************
 Defined at:
		line 505 in file "C:\Program Files (x86)\Microchip\xc8\v2.10\pic\sources\c90\common\doprnt.c"
 Parameters:    Size  Location     Type
  sp              1    wreg     PTR unsigned char 
		 -> lineTwo(17), lineOne(17), 
  f               1    7[BANK1 ] PTR const unsigned char 
		 -> STR_12(18), STR_11(17), STR_10(17), STR_9(18), 
		 -> STR_7(17), STR_6(17), STR_5(17), STR_4(17), 
		 -> STR_3(17), STR_2(17), STR_1(17), 
 Auto vars:     Size  Location     Type
  sp              1   22[BANK1 ] PTR unsigned char 
		 -> lineTwo(17), lineOne(17), 
  tmpval          4    0        struct .
  width           2   20[BANK1 ] int 
  val             2   18[BANK1 ] unsigned int 
  cp              2    0        PTR const unsigned char 
  len             2    0        unsigned int 
  c               1   23[BANK1 ] unsigned char 
  flag            1   17[BANK1 ] unsigned char 
  prec            1   16[BANK1 ] char 
  ap              1   15[BANK1 ] PTR void [1]
		 -> ?_sprintf(2), 
 Return value:  Size  Location     Type
                  2    7[BANK1 ] int 
 Registers used:
		wreg, fsr0l, fsr0h, status,2, status,0, btemp+1, pclath, cstack
 Tracked objects:
		On entry : 
		On exit  : 
		Unchanged: 
 Data sizes:     COMMON   BANK0   BANK1   BANK3   BANK2
      Params:         0       0       5       0       0
      Locals:         0       0       9       0       0
      Temps:          0       0       3       0       0
      Totals:         0       0      17       0       0
Total ram usage:       17 bytes
 Hardware stack levels used:    1
 Hardware stack levels required when called:    6
 This function calls:
		___lwdiv
		___lwmod
		___wmul
		_isdigit
 This function is called by:
		_start
		_setFrequency
		_principalScreen
		_lockingScreen
 This function uses a non-reentrant model


 *************** function _isdigit *****************
 Defined at:
		line 8 in file "C:\Program Files (x86)\Microchip\xc8\v2.10\pic\sources\c90\common\isdigit.c"
 Parameters:    Size  Location     Type
  c               1    wreg     unsigned char 
 Auto vars:     Size  Location     Type
  c               1   30[BANK0 ] unsigned char 
 Return value:  Size  Location     Type
		None               void
 Registers used:
		wreg, status,2, status,0
 Tracked objects:
		On entry : 
		On exit  : 
		Unchanged: 
 Data sizes:     COMMON   BANK0   BANK1   BANK3   BANK2
      Params:         0       0       0       0       0
      Locals:         0       2       0       0       0
      Temps:          0       0       0       0       0
      Totals:         0       2       0       0       0
Total ram usage:        2 bytes
 Hardware stack levels used:    1
 Hardware stack levels required when called:    5
 This function calls:
		Nothing
 This function is called by:
		_sprintf
 This function uses a non-reentrant model


 *************** function ___wmul *****************
 Defined at:
		line 15 in file "C:\Program Files (x86)\Microchip\xc8\v2.10\pic\sources\c90\common\Umul16.c"
 Parameters:    Size  Location     Type
  multiplier      2   29[BANK0 ] unsigned int 
  multiplicand    2   31[BANK0 ] unsigned int 
 Auto vars:     Size  Location     Type
  product         2   33[BANK0 ] unsigned int 
 Return value:  Size  Location     Type
                  2   29[BANK0 ] unsigned int 
 Registers used:
		wreg, status,2, status,0
 Tracked objects:
		On entry : 
		On exit  : 
		Unchanged: 
 Data sizes:     COMMON   BANK0   BANK1   BANK3   BANK2
      Params:         0       4       0       0       0
      Locals:         0       2       0       0       0
      Temps:          0       0       0       0       0
      Totals:         0       6       0       0       0
Total ram usage:        6 bytes
 Hardware stack levels used:    1
 Hardware stack levels required when called:    5
 This function calls:
		Nothing
 This function is called by:
		_beep
		_sprintf
 This function uses a non-reentrant model


 *************** function ___lwmod *****************
 Defined at:
		line 5 in file "C:\Program Files (x86)\Microchip\xc8\v2.10\pic\sources\c90\common\lwmod.c"
 Parameters:    Size  Location     Type
  divisor         2    3[BANK1 ] unsigned int 
  dividend        2    5[BANK1 ] unsigned int 
 Auto vars:     Size  Location     Type
  counter         1   35[BANK0 ] unsigned char 
 Return value:  Size  Location     Type
                  2    3[BANK1 ] unsigned int 
 Registers used:
		wreg, status,2, status,0
 Tracked objects:
		On entry : 
		On exit  : 
		Unchanged: 
 Data sizes:     COMMON   BANK0   BANK1   BANK3   BANK2
      Params:         0       0       4       0       0
      Locals:         0       1       0       0       0
      Temps:          0       1       0       0       0
      Totals:         0       2       4       0       0
Total ram usage:        6 bytes
 Hardware stack levels used:    1
 Hardware stack levels required when called:    5
 This function calls:
		Nothing
 This function is called by:
		_principalScreen
		_sprintf
 This function uses a non-reentrant model


 *************** function ___lwdiv *****************
 Defined at:
		line 5 in file "C:\Program Files (x86)\Microchip\xc8\v2.10\pic\sources\c90\common\lwdiv.c"
 Parameters:    Size  Location     Type
  divisor         2   29[BANK0 ] unsigned int 
  dividend        2   31[BANK0 ] unsigned int 
 Auto vars:     Size  Location     Type
  quotient        2    1[BANK1 ] unsigned int 
  counter         1    0[BANK1 ] unsigned char 
 Return value:  Size  Location     Type
                  2   29[BANK0 ] unsigned int 
 Registers used:
		wreg, status,2, status,0
 Tracked objects:
		On entry : 
		On exit  : 
		Unchanged: 
 Data sizes:     COMMON   BANK0   BANK1   BANK3   BANK2
      Params:         0       4       0       0       0
      Locals:         0       0       3       0       0
      Temps:          0       1       0       0       0
      Totals:         0       5       3       0       0
Total ram usage:        8 bytes
 Hardware stack levels used:    1
 Hardware stack levels required when called:    5
 This function calls:
		Nothing
 This function is called by:
		_principalScreen
		_sprintf
 This function uses a non-reentrant model


 *************** function _putsXLCD *****************
 Defined at:
		line 419 in file "lcd_pic16.c"
 Parameters:    Size  Location     Type
  buffer          1    wreg     PTR unsigned char 
		 -> lineTwo(17), lineOne(17), 
 Auto vars:     Size  Location     Type
  buffer          1   34[BANK0 ] PTR unsigned char 
		 -> lineTwo(17), lineOne(17), 
 Return value:  Size  Location     Type
                  1    wreg      void 
 Registers used:
		wreg, fsr0l, fsr0h, status,2, status,0, pclath, cstack
 Tracked objects:
		On entry : 
		On exit  : 
		Unchanged: 
 Data sizes:     COMMON   BANK0   BANK1   BANK3   BANK2
      Params:         0       0       0       0       0
      Locals:         0       1       0       0       0
      Temps:          0       1       0       0       0
      Totals:         0       2       0       0       0
Total ram usage:        2 bytes
 Hardware stack levels used:    1
 Hardware stack levels required when called:    7
 This function calls:
		_BusyXLCD
		_WriteDataXLCD
 This function is called by:
		_start
		_setFrequency
		_principalScreen
		_lockingScreen
 This function uses a non-reentrant model


 *************** function _putrsXLCD *****************
 Defined at:
		line 435 in file "lcd_pic16.c"
 Parameters:    Size  Location     Type
  buffer          1    wreg     PTR const unsigned char 
		 -> STR_8(17), 
 Auto vars:     Size  Location     Type
  buffer          1   34[BANK0 ] PTR const unsigned char 
		 -> STR_8(17), 
 Return value:  Size  Location     Type
                  1    wreg      void 
 Registers used:
		wreg, fsr0l, fsr0h, status,2, status,0, pclath, cstack
 Tracked objects:
		On entry : 
		On exit  : 
		Unchanged: 
 Data sizes:     COMMON   BANK0   BANK1   BANK3   BANK2
      Params:         0       0       0       0       0
      Locals:         0       1       0       0       0
      Temps:          0       1       0       0       0
      Totals:         0       2       0       0       0
Total ram usage:        2 bytes
 Hardware stack levels used:    1
 Hardware stack levels required when called:    7
 This function calls:
		_BusyXLCD
		_WriteDataXLCD
 This function is called by:
		_principalScreen
 This function uses a non-reentrant model


 *************** function _WriteDataXLCD *****************
 Defined at:
		line 110 in file "lcd_pic16.c"
 Parameters:    Size  Location     Type
  data            1    wreg     unsigned char 
 Auto vars:     Size  Location     Type
  data            1   32[BANK0 ] unsigned char 
 Return value:  Size  Location     Type
                  1    wreg      void 
 Registers used:
		wreg, status,2, status,0, pclath, cstack
 Tracked objects:
		On entry : 
		On exit  : 
		Unchanged: 
 Data sizes:     COMMON   BANK0   BANK1   BANK3   BANK2
      Params:         0       0       0       0       0
      Locals:         0       1       0       0       0
      Temps:          0       2       0       0       0
      Totals:         0       3       0       0       0
Total ram usage:        3 bytes
 Hardware stack levels used:    1
 Hardware stack levels required when called:    6
 This function calls:
		_DelayFor18TCY
 This function is called by:
		_putsXLCD
		_putrsXLCD
 This function uses a non-reentrant model


 *************** function _getData *****************
 Defined at:
		line 31 in file "eeprom.c"
 Parameters:    Size  Location     Type
		None
 Auto vars:     Size  Location     Type
  aux1            1   35[BANK0 ] unsigned char 
  aux0            1   34[BANK0 ] unsigned char 
 Return value:  Size  Location     Type
                  1    wreg      void 
 Registers used:
		wreg, status,2, btemp+1, pclath, cstack
 Tracked objects:
		On entry : 
		On exit  : 
		Unchanged: 
 Data sizes:     COMMON   BANK0   BANK1   BANK3   BANK2
      Params:         0       0       0       0       0
      Locals:         0       2       0       0       0
      Temps:          0       4       0       0       0
      Totals:         0       6       0       0       0
Total ram usage:        6 bytes
 Hardware stack levels used:    1
 Hardware stack levels required when called:    6
 This function calls:
		_readEEPROM
 This function is called by:
		_main
 This function uses a non-reentrant model


 *************** function _readEEPROM *****************
 Defined at:
		line 7 in file "eeprom.c"
 Parameters:    Size  Location     Type
  address         1    wreg     unsigned char 
 Auto vars:     Size  Location     Type
  address         1   29[BANK0 ] unsigned char 
 Return value:  Size  Location     Type
                  1    wreg      unsigned char 
 Registers used:
		wreg
 Tracked objects:
		On entry : 
		On exit  : 
		Unchanged: 
 Data sizes:     COMMON   BANK0   BANK1   BANK3   BANK2
      Params:         0       0       0       0       0
      Locals:         0       1       0       0       0
      Temps:          0       0       0       0       0
      Totals:         0       1       0       0       0
Total ram usage:        1 bytes
 Hardware stack levels used:    1
 Hardware stack levels required when called:    5
 This function calls:
		Nothing
 This function is called by:
		_getData
 This function uses a non-reentrant model


 *************** function _config *****************
 Defined at:
		line 42 in file "main.c"
 Parameters:    Size  Location     Type
		None
 Auto vars:     Size  Location     Type
		None
 Return value:  Size  Location     Type
                  1    wreg      void 
 Registers used:
		wreg, status,2, status,0, pclath, cstack
 Tracked objects:
		On entry : 
		On exit  : 
		Unchanged: 
 Data sizes:     COMMON   BANK0   BANK1   BANK3   BANK2
      Params:         0       0       0       0       0
      Locals:         0       0       0       0       0
      Temps:          0       0       0       0       0
      Totals:         0       0       0       0       0
Total ram usage:        0 bytes
 Hardware stack levels used:    1
 Hardware stack levels required when called:    9
 This function calls:
		_initLCD
		_setTransStat
 This function is called by:
		_main
 This function uses a non-reentrant model


 *************** function _setTransStat *****************
 Defined at:
		line 228 in file "main.c"
 Parameters:    Size  Location     Type
  stat            2   29[BANK0 ] int 
 Auto vars:     Size  Location     Type
		None
 Return value:  Size  Location     Type
                  1    wreg      void 
 Registers used:
		wreg, status,2, status,0
 Tracked objects:
		On entry : 
		On exit  : 
		Unchanged: 
 Data sizes:     COMMON   BANK0   BANK1   BANK3   BANK2
      Params:         0       2       0       0       0
      Locals:         0       0       0       0       0
      Temps:          0       2       0       0       0
      Totals:         0       4       0       0       0
Total ram usage:        4 bytes
 Hardware stack levels used:    1
 Hardware stack levels required when called:    5
 This function calls:
		Nothing
 This function is called by:
		_config
 This function uses a non-reentrant model


 *************** function _initLCD *****************
 Defined at:
		line 5 in file "lcd.c"
 Parameters:    Size  Location     Type
		None
 Auto vars:     Size  Location     Type
		None
 Return value:  Size  Location     Type
                  1    wreg      void 
 Registers used:
		wreg, status,2, status,0, pclath, cstack
 Tracked objects:
		On entry : 
		On exit  : 
		Unchanged: 
 Data sizes:     COMMON   BANK0   BANK1   BANK3   BANK2
      Params:         0       0       0       0       0
      Locals:         0       0       0       0       0
      Temps:          0       0       2       0       0
      Totals:         0       0       2       0       0
Total ram usage:        2 bytes
 Hardware stack levels used:    1
 Hardware stack levels required when called:    8
 This function calls:
		_OpenXLCD
		_SendCMDLCD
 This function is called by:
		_config
 This function uses a non-reentrant model


 *************** function _SendCMDLCD *****************
 Defined at:
		line 27 in file "lcd.c"
 Parameters:    Size  Location     Type
  CMD             1    wreg     unsigned char 
 Auto vars:     Size  Location     Type
  CMD             1   33[BANK0 ] unsigned char 
 Return value:  Size  Location     Type
                  1    wreg      void 
 Registers used:
		wreg, status,2, status,0, pclath, cstack
 Tracked objects:
		On entry : 
		On exit  : 
		Unchanged: 
 Data sizes:     COMMON   BANK0   BANK1   BANK3   BANK2
      Params:         0       0       0       0       0
      Locals:         0       1       0       0       0
      Temps:          0       0       0       0       0
      Totals:         0       1       0       0       0
Total ram usage:        1 bytes
 Hardware stack levels used:    1
 Hardware stack levels required when called:    7
 This function calls:
		_BusyXLCD
		_WriteCmdXLCD
 This function is called by:
		_initLCD
 This function uses a non-reentrant model


 *************** function _OpenXLCD *****************
 Defined at:
		line 40 in file "lcd_pic16.c"
 Parameters:    Size  Location     Type
  lcdtype         1    wreg     unsigned char 
 Auto vars:     Size  Location     Type
  lcdtype         1   35[BANK0 ] unsigned char 
 Return value:  Size  Location     Type
                  1    wreg      void 
 Registers used:
		wreg, status,2, status,0, pclath, cstack
 Tracked objects:
		On entry : 
		On exit  : 
		Unchanged: 
 Data sizes:     COMMON   BANK0   BANK1   BANK3   BANK2
      Params:         0       0       0       0       0
      Locals:         0       1       0       0       0
      Temps:          0       2       0       0       0
      Totals:         0       3       0       0       0
Total ram usage:        3 bytes
 Hardware stack levels used:    1
 Hardware stack levels required when called:    7
 This function calls:
		_BusyXLCD
		_DelayPORXLCD
		_SetDDRamAddr
		_WriteCmdXLCD
 This function is called by:
		_initLCD
 This function uses a non-reentrant model


 *************** function _WriteCmdXLCD *****************
 Defined at:
		line 164 in file "lcd_pic16.c"
 Parameters:    Size  Location     Type
  cmd             1    wreg     unsigned char 
 Auto vars:     Size  Location     Type
  cmd             1   32[BANK0 ] unsigned char 
 Return value:  Size  Location     Type
                  1    wreg      void 
 Registers used:
		wreg, status,2, status,0, pclath, cstack
 Tracked objects:
		On entry : 
		On exit  : 
		Unchanged: 
 Data sizes:     COMMON   BANK0   BANK1   BANK3   BANK2
      Params:         0       0       0       0       0
      Locals:         0       1       0       0       0
      Temps:          0       2       0       0       0
      Totals:         0       3       0       0       0
Total ram usage:        3 bytes
 Hardware stack levels used:    1
 Hardware stack levels required when called:    6
 This function calls:
		_DelayFor18TCY
 This function is called by:
		_OpenXLCD
		_SendCMDLCD
 This function uses a non-reentrant model


 *************** function _SetDDRamAddr *****************
 Defined at:
		line 217 in file "lcd_pic16.c"
 Parameters:    Size  Location     Type
  DDaddr          1    wreg     unsigned char 
 Auto vars:     Size  Location     Type
  DDaddr          1   32[BANK0 ] unsigned char 
 Return value:  Size  Location     Type
                  1    wreg      void 
 Registers used:
		wreg, status,2, status,0, pclath, cstack
 Tracked objects:
		On entry : 
		On exit  : 
		Unchanged: 
 Data sizes:     COMMON   BANK0   BANK1   BANK3   BANK2
      Params:         0       0       0       0       0
      Locals:         0       1       0       0       0
      Temps:          0       2       0       0       0
      Totals:         0       3       0       0       0
Total ram usage:        3 bytes
 Hardware stack levels used:    1
 Hardware stack levels required when called:    6
 This function calls:
		_DelayFor18TCY
 This function is called by:
		_start
		_setFrequency
		_principalScreen
		_lockingScreen
		_OpenXLCD
 This function uses a non-reentrant model


 *************** function _DelayFor18TCY *****************
 Defined at:
		line 22 in file "lcd_pic16.c"
 Parameters:    Size  Location     Type
		None
 Auto vars:     Size  Location     Type
		None
 Return value:  Size  Location     Type
                  1    wreg      void 
 Registers used:
		wreg
 Tracked objects:
		On entry : 
		On exit  : 
		Unchanged: 
 Data sizes:     COMMON   BANK0   BANK1   BANK3   BANK2
      Params:         0       0       0       0       0
      Locals:         0       0       0       0       0
      Temps:          0       1       0       0       0
      Totals:         0       1       0       0       0
Total ram usage:        1 bytes
 Hardware stack levels used:    1
 Hardware stack levels required when called:    5
 This function calls:
		Nothing
 This function is called by:
		_WriteDataXLCD
		_WriteCmdXLCD
		_SetDDRamAddr
		_SetCGRamAddr
		_ReadDataXLCD
		_ReadAddrXLCD
 This function uses a non-reentrant model


 *************** function _DelayPORXLCD *****************
 Defined at:
		line 27 in file "lcd_pic16.c"
 Parameters:    Size  Location     Type
		None
 Auto vars:     Size  Location     Type
		None
 Return value:  Size  Location     Type
                  1    wreg      void 
 Registers used:
		wreg
 Tracked objects:
		On entry : 
		On exit  : 
		Unchanged: 
 Data sizes:     COMMON   BANK0   BANK1   BANK3   BANK2
      Params:         0       0       0       0       0
      Locals:         0       0       0       0       0
      Temps:          0       2       0       0       0
      Totals:         0       2       0       0       0
Total ram usage:        2 bytes
 Hardware stack levels used:    1
 Hardware stack levels required when called:    5
 This function calls:
		Nothing
 This function is called by:
		_OpenXLCD
 This function uses a non-reentrant model


 *************** function _BusyXLCD *****************
 Defined at:
		line 451 in file "lcd_pic16.c"
 Parameters:    Size  Location     Type
		None
 Auto vars:     Size  Location     Type
		None
 Return value:  Size  Location     Type
                  1    wreg      unsigned char 
 Registers used:
		wreg
 Tracked objects:
		On entry : 
		On exit  : 
		Unchanged: 
 Data sizes:     COMMON   BANK0   BANK1   BANK3   BANK2
      Params:         0       0       0       0       0
      Locals:         0       0       0       0       0
      Temps:          0       2       0       0       0
      Totals:         0       2       0       0       0
Total ram usage:        2 bytes
 Hardware stack levels used:    1
 Hardware stack levels required when called:    5
 This function calls:
		Nothing
 This function is called by:
		_OpenXLCD
		_putsXLCD
		_putrsXLCD
		_SendCMDLCD
 This function uses a non-reentrant model


 *************** function _inter *****************
 Defined at:
		line 122 in file "main.c"
 Parameters:    Size  Location     Type
		None
 Auto vars:     Size  Location     Type
		None
 Return value:  Size  Location     Type
                  1    wreg      void 
 Registers used:
		wreg, fsr0l, fsr0h, status,2, status,0, btemp+1, pclath, cstack
 Tracked objects:
		On entry : 
		On exit  : 
		Unchanged: 
 Data sizes:     COMMON   BANK0   BANK1   BANK3   BANK2
      Params:         0       0       0       0       0
      Locals:         0       0       0       0       0
      Temps:          0       5       0       0       0
      Totals:         0       5       0       0       0
Total ram usage:        5 bytes
 Hardware stack levels used:    1
 Hardware stack levels required when called:    4
 This function calls:
		_time
		_updateLCD
 This function is called by:
		Interrupt level 1
 This function uses a non-reentrant model


 *************** function _updateLCD *****************
 Defined at:
		line 14 in file "lcd.c"
 Parameters:    Size  Location     Type
		None
 Auto vars:     Size  Location     Type
  integ           1   23[BANK0 ] unsigned char 
  decim           1   22[BANK0 ] unsigned char 
 Return value:  Size  Location     Type
                  1    wreg      void 
 Registers used:
		wreg, fsr0l, fsr0h, status,2, status,0, btemp+1, pclath, cstack
 Tracked objects:
		On entry : 
		On exit  : 
		Unchanged: 
 Data sizes:     COMMON   BANK0   BANK1   BANK3   BANK2
      Params:         0       0       0       0       0
      Locals:         0       2       0       0       0
      Temps:          0       5       0       0       0
      Totals:         0       7       0       0       0
Total ram usage:        7 bytes
 Hardware stack levels used:    1
 Hardware stack levels required when called:    3
 This function calls:
		i1_SetDDRamAddr
		i1___lwdiv
		i1___lwmod
		i1_putsXLCD
		i1_sprintf
 This function is called by:
		_inter
 This function uses a non-reentrant model


 *************** function i1_sprintf *****************
 Defined at:
		line 505 in file "C:\Program Files (x86)\Microchip\xc8\v2.10\pic\sources\c90\common\doprnt.c"
 Parameters:    Size  Location     Type
  sp              1    wreg     PTR unsigned char 
		 -> lineTwo(17), lineOne(17), 
  f               1    0[BANK0 ] PTR const unsigned char 
		 -> STR_12(18), STR_11(17), STR_10(17), STR_9(18), 
		 -> STR_7(17), STR_6(17), STR_5(17), STR_4(17), 
		 -> STR_3(17), STR_2(17), STR_1(17), 
 Auto vars:     Size  Location     Type
  sp              1   13[BANK0 ] PTR unsigned char 
		 -> lineTwo(17), lineOne(17), 
  sprintf         4    0        struct .
  sprintf         2   14[BANK0 ] int 
  sprintf         2   11[BANK0 ] unsigned int 
  sprintf         2    0        PTR const unsigned char 
  sprintf         2    0        unsigned int 
  sprintf         1   16[BANK0 ] unsigned char 
  sprintf         1   10[BANK0 ] unsigned char 
  sprintf         1    9[BANK0 ] char 
  sprintf         1    8[BANK0 ] PTR void [1]
		 -> ?i1_sprintf(2), ?_sprintf(2), 
 Return value:  Size  Location     Type
                  2    0[BANK0 ] int 
 Registers used:
		wreg, fsr0l, fsr0h, status,2, status,0, btemp+1, pclath, cstack
 Tracked objects:
		On entry : 
		On exit  : 
		Unchanged: 
 Data sizes:     COMMON   BANK0   BANK1   BANK3   BANK2
      Params:         0       5       0       0       0
      Locals:         0       9       0       0       0
      Temps:          0       3       0       0       0
      Totals:         0      17       0       0       0
Total ram usage:       17 bytes
 Hardware stack levels used:    1
 Hardware stack levels required when called:    1
 This function calls:
		i1___lwdiv
		i1___lwmod
		i1___wmul
		i1_isdigit
 This function is called by:
		_updateLCD
 This function uses a non-reentrant model


 *************** function i1_isdigit *****************
 Defined at:
		line 8 in file "C:\Program Files (x86)\Microchip\xc8\v2.10\pic\sources\c90\common\isdigit.c"
 Parameters:    Size  Location     Type
  c               1    wreg     unsigned char 
 Auto vars:     Size  Location     Type
  c               1    1[COMMON] unsigned char 
 Return value:  Size  Location     Type
		None               void
 Registers used:
		wreg, status,2, status,0
 Tracked objects:
		On entry : 
		On exit  : 
		Unchanged: 
 Data sizes:     COMMON   BANK0   BANK1   BANK3   BANK2
      Params:         0       0       0       0       0
      Locals:         2       0       0       0       0
      Temps:          0       0       0       0       0
      Totals:         2       0       0       0       0
Total ram usage:        2 bytes
 Hardware stack levels used:    1
 This function calls:
		Nothing
 This function is called by:
		i1_sprintf
 This function uses a non-reentrant model


 *************** function i1___wmul *****************
 Defined at:
		line 15 in file "C:\Program Files (x86)\Microchip\xc8\v2.10\pic\sources\c90\common\Umul16.c"
 Parameters:    Size  Location     Type
  multiplier      2    0[COMMON] unsigned int 
  multiplicand    2    2[COMMON] unsigned int 
 Auto vars:     Size  Location     Type
  __wmul          2    4[COMMON] unsigned int 
 Return value:  Size  Location     Type
                  2    0[COMMON] unsigned int 
 Registers used:
		wreg, status,2, status,0
 Tracked objects:
		On entry : 
		On exit  : 
		Unchanged: 
 Data sizes:     COMMON   BANK0   BANK1   BANK3   BANK2
      Params:         4       0       0       0       0
      Locals:         2       0       0       0       0
      Temps:          0       0       0       0       0
      Totals:         6       0       0       0       0
Total ram usage:        6 bytes
 Hardware stack levels used:    1
 This function calls:
		Nothing
 This function is called by:
		i1_sprintf
 This function uses a non-reentrant model


 *************** function i1___lwmod *****************
 Defined at:
		line 5 in file "C:\Program Files (x86)\Microchip\xc8\v2.10\pic\sources\c90\common\lwmod.c"
 Parameters:    Size  Location     Type
  divisor         2    8[COMMON] unsigned int 
  dividend        2   10[COMMON] unsigned int 
 Auto vars:     Size  Location     Type
  __lwmod         1   13[COMMON] unsigned char 
 Return value:  Size  Location     Type
                  2    8[COMMON] unsigned int 
 Registers used:
		wreg, status,2, status,0
 Tracked objects:
		On entry : 
		On exit  : 
		Unchanged: 
 Data sizes:     COMMON   BANK0   BANK1   BANK3   BANK2
      Params:         4       0       0       0       0
      Locals:         1       0       0       0       0
      Temps:          1       0       0       0       0
      Totals:         6       0       0       0       0
Total ram usage:        6 bytes
 Hardware stack levels used:    1
 This function calls:
		Nothing
 This function is called by:
		_updateLCD
		i1_sprintf
 This function uses a non-reentrant model


 *************** function i1___lwdiv *****************
 Defined at:
		line 5 in file "C:\Program Files (x86)\Microchip\xc8\v2.10\pic\sources\c90\common\lwdiv.c"
 Parameters:    Size  Location     Type
  divisor         2    0[COMMON] unsigned int 
  dividend        2    2[COMMON] unsigned int 
 Auto vars:     Size  Location     Type
  __lwdiv         2    5[COMMON] unsigned int 
  __lwdiv         1    7[COMMON] unsigned char 
 Return value:  Size  Location     Type
                  2    0[COMMON] unsigned int 
 Registers used:
		wreg, status,2, status,0
 Tracked objects:
		On entry : 
		On exit  : 
		Unchanged: 
 Data sizes:     COMMON   BANK0   BANK1   BANK3   BANK2
      Params:         4       0       0       0       0
      Locals:         3       0       0       0       0
      Temps:          1       0       0       0       0
      Totals:         8       0       0       0       0
Total ram usage:        8 bytes
 Hardware stack levels used:    1
 This function calls:
		Nothing
 This function is called by:
		_updateLCD
		i1_sprintf
 This function uses a non-reentrant model


 *************** function i1_putsXLCD *****************
 Defined at:
		line 419 in file "lcd_pic16.c"
 Parameters:    Size  Location     Type
  buffer          1    wreg     PTR unsigned char 
		 -> lineTwo(17), lineOne(17), 
 Auto vars:     Size  Location     Type
  buffer          1    5[COMMON] PTR unsigned char 
		 -> lineTwo(17), lineOne(17), 
 Return value:  Size  Location     Type
                  1    wreg      void 
 Registers used:
		wreg, fsr0l, fsr0h, status,2, status,0, pclath, cstack
 Tracked objects:
		On entry : 
		On exit  : 
		Unchanged: 
 Data sizes:     COMMON   BANK0   BANK1   BANK3   BANK2
      Params:         0       0       0       0       0
      Locals:         1       0       0       0       0
      Temps:          1       0       0       0       0
      Totals:         2       0       0       0       0
Total ram usage:        2 bytes
 Hardware stack levels used:    1
 Hardware stack levels required when called:    2
 This function calls:
		i1_BusyXLCD
		i1_WriteDataXLCD
 This function is called by:
		_updateLCD
 This function uses a non-reentrant model


 *************** function i1_WriteDataXLCD *****************
 Defined at:
		line 110 in file "lcd_pic16.c"
 Parameters:    Size  Location     Type
  data            1    wreg     unsigned char 
 Auto vars:     Size  Location     Type
  data            1    3[COMMON] unsigned char 
 Return value:  Size  Location     Type
                  1    wreg      void 
 Registers used:
		wreg, status,2, status,0, pclath, cstack
 Tracked objects:
		On entry : 
		On exit  : 
		Unchanged: 
 Data sizes:     COMMON   BANK0   BANK1   BANK3   BANK2
      Params:         0       0       0       0       0
      Locals:         1       0       0       0       0
      Temps:          2       0       0       0       0
      Totals:         3       0       0       0       0
Total ram usage:        3 bytes
 Hardware stack levels used:    1
 Hardware stack levels required when called:    1
 This function calls:
		i1_DelayFor18TCY
 This function is called by:
		i1_putsXLCD
 This function uses a non-reentrant model


 *************** function i1_BusyXLCD *****************
 Defined at:
		line 451 in file "lcd_pic16.c"
 Parameters:    Size  Location     Type
		None
 Auto vars:     Size  Location     Type
		None
 Return value:  Size  Location     Type
                  1    wreg      unsigned char 
 Registers used:
		wreg
 Tracked objects:
		On entry : 
		On exit  : 
		Unchanged: 
 Data sizes:     COMMON   BANK0   BANK1   BANK3   BANK2
      Params:         0       0       0       0       0
      Locals:         0       0       0       0       0
      Temps:          2       0       0       0       0
      Totals:         2       0       0       0       0
Total ram usage:        2 bytes
 Hardware stack levels used:    1
 This function calls:
		Nothing
 This function is called by:
		i1_putsXLCD
 This function uses a non-reentrant model


 *************** function i1_SetDDRamAddr *****************
 Defined at:
		line 217 in file "lcd_pic16.c"
 Parameters:    Size  Location     Type
  DDaddr          1    wreg     unsigned char 
 Auto vars:     Size  Location     Type
  DDaddr          1    3[COMMON] unsigned char 
 Return value:  Size  Location     Type
                  1    wreg      void 
 Registers used:
		wreg, status,2, status,0, pclath, cstack
 Tracked objects:
		On entry : 
		On exit  : 
		Unchanged: 
 Data sizes:     COMMON   BANK0   BANK1   BANK3   BANK2
      Params:         0       0       0       0       0
      Locals:         1       0       0       0       0
      Temps:          2       0       0       0       0
      Totals:         3       0       0       0       0
Total ram usage:        3 bytes
 Hardware stack levels used:    1
 Hardware stack levels required when called:    1
 This function calls:
		i1_DelayFor18TCY
 This function is called by:
		_updateLCD
 This function uses a non-reentrant model


 *************** function i1_DelayFor18TCY *****************
 Defined at:
		line 22 in file "lcd_pic16.c"
 Parameters:    Size  Location     Type
		None
 Auto vars:     Size  Location     Type
		None
 Return value:  Size  Location     Type
                  1    wreg      void 
 Registers used:
		wreg
 Tracked objects:
		On entry : 
		On exit  : 
		Unchanged: 
 Data sizes:     COMMON   BANK0   BANK1   BANK3   BANK2
      Params:         0       0       0       0       0
      Locals:         0       0       0       0       0
      Temps:          1       0       0       0       0
      Totals:         1       0       0       0       0
Total ram usage:        1 bytes
 Hardware stack levels used:    1
 This function calls:
		Nothing
 This function is called by:
		i1_WriteDataXLCD
		i1_SetDDRamAddr
 This function uses a non-reentrant model


 *************** function _time *****************
 Defined at:
		line 138 in file "main.c"
 Parameters:    Size  Location     Type
		None
 Auto vars:     Size  Location     Type
		None
 Return value:  Size  Location     Type
                  1    wreg      void 
 Registers used:
		wreg, status,2, status,0, pclath, cstack
 Tracked objects:
		On entry : 
		On exit  : 
		Unchanged: 
 Data sizes:     COMMON   BANK0   BANK1   BANK3   BANK2
      Params:         0       0       0       0       0
      Locals:         0       0       0       0       0
      Temps:          1       0       0       0       0
      Totals:         1       0       0       0       0
Total ram usage:        1 bytes
 Hardware stack levels used:    1
 Hardware stack levels required when called:    2
 This function calls:
		i1_setData
 This function is called by:
		_inter
 This function uses a non-reentrant model


 *************** function i1_setData *****************
 Defined at:
		line 44 in file "eeprom.c"
 Parameters:    Size  Location     Type
  full            1    wreg     unsigned char 
 Auto vars:     Size  Location     Type
  full            1  (no storage) unsigned char 
  setData         1    4[COMMON] unsigned char 
  setData         1    3[COMMON] unsigned char 
 Return value:  Size  Location     Type
                  1    wreg      void 
 Registers used:
		wreg, status,2, status,0, pclath, cstack
 Tracked objects:
		On entry : 
		On exit  : 
		Unchanged: 
 Data sizes:     COMMON   BANK0   BANK1   BANK3   BANK2
      Params:         0       0       0       0       0
      Locals:         2       0       0       0       0
      Temps:          1       0       0       0       0
      Totals:         3       0       0       0       0
Total ram usage:        3 bytes
 Hardware stack levels used:    1
 Hardware stack levels required when called:    1
 This function calls:
		i1_writeEEPROM
 This function is called by:
		_time
 This function uses a non-reentrant model


 *************** function i1_writeEEPROM *****************
 Defined at:
		line 14 in file "eeprom.c"
 Parameters:    Size  Location     Type
  data            1    wreg     unsigned char 
  address         1    0[COMMON] unsigned char 
 Auto vars:     Size  Location     Type
  data            1    1[COMMON] unsigned char 
 Return value:  Size  Location     Type
                  1    wreg      void 
 Registers used:
		wreg
 Tracked objects:
		On entry : 
		On exit  : 
		Unchanged: 
 Data sizes:     COMMON   BANK0   BANK1   BANK3   BANK2
      Params:         1       0       0       0       0
      Locals:         1       0       0       0       0
      Temps:          0       0       0       0       0
      Totals:         2       0       0       0       0
Total ram usage:        2 bytes
 Hardware stack levels used:    1
 This function calls:
		Nothing
 This function is called by:
		i1_setData
 This function uses a non-reentrant model



MODULE INFORMATION

Module		Function		Class		Link	Load	Size
C:\Program Files (x86)\Microchip\xc8\v2.10\pic\sources\c90\common\lwdiv.c
		___lwdiv       		CODE           	0EEE	0000	96

C:\Program Files (x86)\Microchip\xc8\v2.10\pic\sources\c90\common\lwdiv.c estimated size: 96

C:\Program Files (x86)\Microchip\xc8\v2.10\pic\sources\c90\common\Umul16.c
		___wmul        		CODE           	09B9	0000	40

C:\Program Files (x86)\Microchip\xc8\v2.10\pic\sources\c90\common\Umul16.c estimated size: 40

lcd_pic16.c
		_BusyXLCD      		CODE           	17D4	0000	14
		_putsXLCD      		CODE           	0A08	0000	41
		_DelayFor18TCY 		CODE           	17A6	0000	8
		_WriteCmdXLCD  		CODE           	0BF0	0000	80
		_OpenXLCD      		CODE           	069E	0000	205
		_WriteDataXLCD 		CODE           	0C3F	0000	80
		_SetDDRamAddr  		CODE           	0CDD	0000	81
		_DelayPORXLCD  		CODE           	17C8	0000	13
		_putrsXLCD     		CODE           	0A30	0000	48

lcd_pic16.c estimated size: 570

eeprom.c
		_getData       		CODE           	0E8F	0000	96
		_setData       		CODE           	0DD9	0000	89
		_readEEPROM    		CODE           	08AF	0000	16
		_writeEEPROM   		CODE           	092D	0000	32

eeprom.c estimated size: 233

shared
		i1_WriteDataXLCD		CODE           	0B55	0000	78
		_FINAL_MONTH   		STRING         	0000	0000	0
		__stringtab    		STRING         	0800	0000	7
		i1_writeEEPROM 		CODE           	08FB	0000	26
		i1___lwdiv     		CODE           	0AC9	0000	69
		_dpowers       		STRING         	0806	0000	11
		i1_isdigit     		CODE           	17EE	0000	19
		i1_SetDDRamAddr		CODE           	0BA2	0000	79
		i1___wmul      		CODE           	096E	0000	38
		i1_setData     		CODE           	0D2D	0000	87
		i1___lwmod     		CODE           	0A8F	0000	59
		__initialization		CODE           	0015	0000	29
		i1_BusyXLCD    		CODE           	17BE	0000	11
		i1_putsXLCD    		CODE           	094C	0000	35
		i1_sprintf     		CODE           	01DB	0000	391
		_UN_BLOCKED    		STRING         	0000	0000	0
		_FINAL_DAY     		STRING         	0000	0000	0
		i1_DelayFor18TCY		CODE           	17A0	0000	7
		_BLOCKED       		STRING         	0000	0000	0

shared estimated size: 946

C:\Program Files (x86)\Microchip\xc8\v2.10\pic\sources\c90\common\lwmod.c
		___lwmod       		CODE           	0B0D	0000	73

C:\Program Files (x86)\Microchip\xc8\v2.10\pic\sources\c90\common\lwmod.c estimated size: 73

lcd.c
		_SendCMDLCD    		CODE           	08E5	0000	23
		_updateLCD     		CODE           	0E31	0000	95
		_initLCD       		CODE           	09E0	0000	41

lcd.c estimated size: 159

C:\Program Files (x86)\Microchip\xc8\v2.10\pic\sources\c90\common\isdigit.c
		_isdigit       		CODE           	08D1	0000	21

C:\Program Files (x86)\Microchip\xc8\v2.10\pic\sources\c90\common\isdigit.c estimated size: 21

C:\Program Files (x86)\Microchip\xc8\v2.10\pic\sources\c90\common\doprnt.c
		_sprintf       		CODE           	0035	0000	423

C:\Program Files (x86)\Microchip\xc8\v2.10\pic\sources\c90\common\doprnt.c estimated size: 423

main.c
		_beep          		CODE           	0C8E	0000	80
		_main          		CODE           	0F4D	0000	180
		_setTransStat  		CODE           	0914	0000	26
		_principalScreen		CODE           	076A	0000	102
		_config        		CODE           	0A5F	0000	49
		_setFrequency  		CODE           	0361	0000	313
		_start         		CODE           	0499	0000	308
		_inter         		CODE           	0993	0000	39
		_time          		CODE           	0D83	0000	87
		_lockingScreen 		CODE           	07CF	0000	50

main.c estimated size: 1234

bh1514.c
		_writeFrequency		CODE           	05CC	0000	211
		_codFreq       		CODE           	17E1	0000	14

bh1514.c estimated size: 225

