Microchip MPLAB XC8 Compiler V2.05 ()

Linker command line:

-W-3 --edf=C:\Developments\Microchip\xc8\v2.05\pic\dat\en_msgs.txt -cs \
  -h+dist/default/production\ContBH1415-v2.X.production.sym \
  --cmf=dist/default/production\ContBH1415-v2.X.production.cmf -z -Q18F452 \
  -oC:\Users\sebas\AppData\Local\Temp\s2ks.2 --defsym=__MPLAB_BUILD=1 \
  -Mdist/default/production/ContBH1415-v2.X.production.map -E1 -ver=XC8 \
  --acfsm=1493 -ASTACK=0142h-05FFh -pstack=STACK -ACODE=00h-03FFFhx2 \
  -ACONST=00h-07FFFh -ASMALLCONST=0600h-06FFhx122 \
  -AMEDIUMCONST=0600h-07FFFh -ACOMRAM=01h-07Fh -AABS1=00h-05FFh \
  -ABIGRAM=01h-05FFh -ARAM=080h-0FFh,0100h-01FFhx5 -ABANK0=080h-0FFh \
  -ABANK1=0100h-01FFh -ABANK2=0200h-02FFh -ABANK3=0300h-03FFh \
  -ABANK4=0400h-04FFh -ABANK5=0500h-05FFh -ASFR=0F80h-0FFFh \
  -preset_vec=00h,intcode=08h,intcodelo,powerup,init -pramtop=0600h \
  -psmallconst=SMALLCONST -pmediumconst=MEDIUMCONST -pconst=CONST \
  -AFARRAM=00h-00h -ACONFIG=0300000h-030000Dh -pconfig=CONFIG \
  -AIDLOC=0200000h-0200007h -pidloc=IDLOC -AEEDATA=0F00000h-0F000FFh \
  -peeprom_data=EEDATA \
  -prdata=COMRAM,nvrram=COMRAM,nvbit=COMRAM,rbss=COMRAM,rbit=COMRAM \
  -pfarbss=FARRAM,fardata=FARRAM,nvFARRAM=FARRAM \
  -pintsave_regs=BIGRAM,bigbss=BIGRAM,bigdata=BIGRAM -pbss=RAM \
  -pidata=CODE,irdata=CODE,ibigdata=CODE,ifardata=CODE -prparam=COMRAM \
  C:\Users\sebas\AppData\Local\Temp\s2ks.o \
  dist/default/production\ContBH1415-v2.X.production.o 

Object code version is 3.11

Machine type is 18F452

Call graph: (short form)




                Name                               Link     Load   Length Selector   Space Scale
C:\Users\sebas\AppData\Local\Temp\s2ks.o
                text                               2998     2998        2     14CC       0
                init                                 A6       A6        4        4       0
                reset_vec                             0        0        6        0       0
                idloc                            200000   200000        8   200000       0
                config                           300000   300000        E   300000       0
dist/default/production\ContBH1415-v2.X.production.o
                eeprom_data                      F00000   F00000       28   F00000       0
                intcode                               8        8       9E        4       0
                temp                                 7F       7F        1        1       1
                smallconst                          600      600       4C      300       0
                text60                             2886     2886       2C      326       0
                text59                             1FCC     1FCC       72      326       0
                text58                             203E     203E       6E      326       0
                text57                             223E     223E       60      326       0
                text56                             239E     239E       50      326       0
                text55                             2972     2972       10      326       0
                text54                             2620     2620       42      326       0
                text53                             2934     2934       18      326       0
                text52                             278C     278C       38      326       0
                text51                             259A     259A       44      326       0
                text50                             28B2     28B2       2A      326       0
                text49                             2754     2754       38      326       0
                text48                             2556     2556       44      326       0
                text47                             1338     1338      166      326       0
                text46                             15FC     15FC      15C      326       0
                text45                             1892     1892      138      326       0
                text44                             26DE     26DE       3C      326       0
                text43                             2988     2988        6      326       0
                text42                             1CF6     1CF6       AC      326       0
                text41                             25DE     25DE       42      326       0
                text40                             27FA     27FA       32      326       0
                text39                             1DA2     1DA2       AA      326       0
                text38                              DBE      DBE      26C      326       0
                text37                              8D2      8D2      280      326       0
                text36                             21DE     21DE       60      326       0
                text35                             234C     234C       52      326       0
                text34                             1EDC     1EDC       7A      326       0
                text33                             1E4C     1E4C       90      326       0
                text31                             28FA     28FA       1E      326       0
                text30                             2918     2918       1C      326       0
                text29                             2962     2962       10      326       0
                text28                             2438     2438       4A      326       0
                text27                             2482     2482       48      326       0
                text26                             19CA     19CA       FE      326       0
                text25                             28DC     28DC       1E      326       0
                text24                             23EE     23EE       4A      326       0
                text23                             26A0     26A0       3E      326       0
                text22                             294C     294C       16      326       0
                text21                             20AC     20AC       6A      326       0
                text20                             285A     285A       2C      326       0
                text19                             229E     229E       58      326       0
                text18                             282C     282C       2E      326       0
                text17                             1F56     1F56       76      326       0
                text16                             271A     271A       3A      326       0
                text15                             2510     2510       46      326       0
                text14                             11CE     11CE      16A      326       0
                text13                             149E     149E      15E      326       0
                text12                             1758     1758      13A      326       0
                text11                             2662     2662       3E      326       0
                text10                             2982     2982        6      326       0
                text9                              1C48     1C48       AE      326       0
                text8                              24CA     24CA       46      326       0
                text7                              27C4     27C4       36      326       0
                text6                              1B9A     1B9A       AE      326       0
                text5                               B52      B52      26C      326       0
                text4                               64C      64C      286      326       0
                text3                              217E     217E       60      326       0
                text2                              22F6     22F6       56      326       0
                text1                              102A     102A      1A4      326       0
                text0                              1AC8     1AC8       D2      326       0
                cstackCOMRAM                          1        1       79        1       1
                cstackBANK0                          80       80       6E       80       1
                bssBANK1                            100      100       42      100       1
                dataBANK0                            FB       FB        5       80       1
                bssBANK0                             EE       EE        D       80       1
                dataCOMRAM                           7A       7A        4        1       1
                bssCOMRAM                            7E       7E        1        1       1
                cinit                              2116     2116       68      326       0
                idataBANK0                         298E     298E        5      326       0
                idataCOMRAM                        2993     2993        4      326       0

TOTAL           Name                               Link     Load   Length     Space
        CLASS   STACK          

        CLASS   CODE           
                intcode                               8        8       9E         0
                text                               2998     2998        2         0
                init                                 A6       A6        4         0
                reset_vec                             0        0        6         0
                text60                             2886     2886       2C         0
                text59                             1FCC     1FCC       72         0
                text58                             203E     203E       6E         0
                text57                             223E     223E       60         0
                text56                             239E     239E       50         0
                text55                             2972     2972       10         0
                text54                             2620     2620       42         0
                text53                             2934     2934       18         0
                text52                             278C     278C       38         0
                text51                             259A     259A       44         0
                text50                             28B2     28B2       2A         0
                text49                             2754     2754       38         0
                text48                             2556     2556       44         0
                text47                             1338     1338      166         0
                text46                             15FC     15FC      15C         0
                text45                             1892     1892      138         0
                text44                             26DE     26DE       3C         0
                text43                             2988     2988        6         0
                text42                             1CF6     1CF6       AC         0
                text41                             25DE     25DE       42         0
                text40                             27FA     27FA       32         0
                text39                             1DA2     1DA2       AA         0
                text38                              DBE      DBE      26C         0
                text37                              8D2      8D2      280         0
                text36                             21DE     21DE       60         0
                text35                             234C     234C       52         0
                text34                             1EDC     1EDC       7A         0
                text33                             1E4C     1E4C       90         0
                text31                             28FA     28FA       1E         0
                text30                             2918     2918       1C         0
                text29                             2962     2962       10         0
                text28                             2438     2438       4A         0
                text27                             2482     2482       48         0
                text26                             19CA     19CA       FE         0
                text25                             28DC     28DC       1E         0
                text24                             23EE     23EE       4A         0
                text23                             26A0     26A0       3E         0
                text22                             294C     294C       16         0
                text21                             20AC     20AC       6A         0
                text20                             285A     285A       2C         0
                text19                             229E     229E       58         0
                text18                             282C     282C       2E         0
                text17                             1F56     1F56       76         0
                text16                             271A     271A       3A         0
                text15                             2510     2510       46         0
                text14                             11CE     11CE      16A         0
                text13                             149E     149E      15E         0
                text12                             1758     1758      13A         0
                text11                             2662     2662       3E         0
                text10                             2982     2982        6         0
                text9                              1C48     1C48       AE         0
                text8                              24CA     24CA       46         0
                text7                              27C4     27C4       36         0
                text6                              1B9A     1B9A       AE         0
                text5                               B52      B52      26C         0
                text4                               64C      64C      286         0
                text3                              217E     217E       60         0
                text2                              22F6     22F6       56         0
                text1                              102A     102A      1A4         0
                text0                              1AC8     1AC8       D2         0
                cinit                              2116     2116       68         0
                idataBANK0                         298E     298E        5         0
                idataCOMRAM                        2993     2993        4         0

        CLASS   CONST          

        CLASS   SMALLCONST     
                smallconst                          600      600       4C         0

        CLASS   MEDIUMCONST    

        CLASS   COMRAM         
                temp                                 7F       7F        1         1
                cstackCOMRAM                          1        1       79         1
                dataCOMRAM                           7A       7A        4         1
                bssCOMRAM                            7E       7E        1         1

        CLASS   ABS1           

        CLASS   BIGRAM         

        CLASS   RAM            

        CLASS   BANK0          
                cstackBANK0                          80       80       6E         1
                dataBANK0                            FB       FB        5         1
                bssBANK0                             EE       EE        D         1

        CLASS   BANK1          
                bssBANK1                            100      100       42         1

        CLASS   BANK2          

        CLASS   BANK3          

        CLASS   BANK4          

        CLASS   BANK5          

        CLASS   SFR            

        CLASS   FARRAM         

        CLASS   CONFIG         
                config                           300000   300000        E         0

        CLASS   IDLOC          
                idloc                            200000   200000        8         0

        CLASS   EEDATA         
                eeprom_data                      F00000   F00000       28         0



SEGMENTS        Name                           Load    Length   Top    Selector   Space  Class

                reset_vec                      000000  000006  000006         0       0  CODE    
                cstackCOMRAM                   000001  00007F  000080         1       1  COMRAM  
                intcode                        000008  0000A2  0000AA         4       0  CODE    
                cstackBANK0                    000080  000080  000100        80       1  BANK0   
                bssBANK1                       000100  000042  000142       100       1  BANK1   
                smallconst                     000600  00004C  00064C       300       0  SMALLCON
                text4                          00064C  00234B  002997       326       0  CODE    
                text                           002998  000002  00299A      14CC       0  CODE    
                idloc                          200000  000008  200008    200000       0  IDLOC   
                config                         300000  00000E  30000E    300000       0  CONFIG  
                eeprom_data                    F00000  000028  F00028    F00000       0  EEDATA  


UNUSED ADDRESS RANGES

        Name                Unused          Largest block    Delta
        BANK1            000142-0001FF               BE
        BANK2            000200-0002FF              100
        BANK3            000300-0003FF              100
        BANK4            000400-0004FF              100
        BANK5            000500-0005FF              100
        BIGRAM           000142-0005FF              4BE
        CODE             000006-000007                2
                         0000AA-0005FF              556
                         002997-002997                1
                         00299A-007FFF             1666
        CONST            000006-000007                2
                         0000AA-0005FF              556
                         002997-002997                1
                         00299A-007FFF             5666
        EEDATA           F00028-F000FF               D8
        MEDIUMCONST      002997-002997                1
                         00299A-007FFF             5666
        RAM              000142-0005FF              100
        SFR              000F80-000FFF               80
        SMALLCONST       002997-002997                1
                         00299A-007FFF              100
        STACK            000142-0005FF              4BE

                                  Symbol Table

?___aodiv                                                           cstackBANK0  000080
?___aomod                                                           cstackBANK0  000080
?___lwdiv                                                           cstackCOMRAM 000001
?___lwmod                                                           cstackCOMRAM 000001
?___wmul                                                            cstackBANK0  000080
?_abs                                                               cstackBANK0  000092
?_atoi                                                              cstackBANK0  000087
?_dtoa                                                              cstackBANK0  00009B
?_isdigit                                                           cstackBANK0  000080
?_isspace                                                           cstackBANK0  000080
?_pad                                                               cstackBANK0  000090
?_sprintf                                                           cstackBANK0  0000DB
?_strlen                                                            cstackBANK0  000080
?_vfpfcnvrt                                                         cstackBANK0  0000BF
?_vfprintf                                                          cstackBANK0  0000D3
?i2___aodiv                                                         cstackCOMRAM 000001
?i2___aomod                                                         cstackCOMRAM 000001
?i2___wmul                                                          cstackCOMRAM 000001
?i2_abs                                                             cstackCOMRAM 000013
?i2_atoi                                                            cstackCOMRAM 000008
?i2_dtoa                                                            cstackCOMRAM 00001C
?i2_isdigit                                                         cstackCOMRAM 000001
?i2_isspace                                                         cstackCOMRAM 000001
?i2_pad                                                             cstackCOMRAM 000011
?i2_sprintf                                                         cstackCOMRAM 00005C
?i2_strlen                                                          cstackCOMRAM 000001
?i2_vfpfcnvrt                                                       cstackCOMRAM 000040
?i2_vfprintf                                                        cstackCOMRAM 000054
OpenXLCD@lcdtype                                                    cstackBANK0  000082
SendCMDLCD@CMD                                                      cstackBANK0  000081
SetDDRamAddr@DDaddr                                                 cstackBANK0  000080
WriteCmdXLCD@cmd                                                    cstackBANK0  000080
WriteDataXLCD@data                                                  cstackCOMRAM 000001
_ADCON0                                                             (abs)        000FC2
_ADCON0bits                                                         (abs)        000FC2
_ADCON1                                                             (abs)        000FC1
_ADRESH                                                             (abs)        000FC4
_BusyXLCD                                                           text31       0028FA
_DelayFor18TCY                                                      text29       002962
_DelayPORXLCD                                                       text30       002918
_EEADR                                                              (abs)        000FA9
_EECON1bits                                                         (abs)        000FA6
_EECON2                                                             (abs)        000FA7
_EEDATA                                                             (abs)        000FA8
_INTCON                                                             (abs)        000FF2
_INTCONbits                                                         (abs)        000FF2
_OSCCON                                                             (abs)        000FD3
_OpenXLCD                                                           text26       0019CA
_PIE1                                                               (abs)        000F9D
_PIR1bits                                                           (abs)        000F9E
_PIR2bits                                                           (abs)        000FA1
_PORTAbits                                                          (abs)        000F80
_PORTB                                                              (abs)        000F81
_PORTCbits                                                          (abs)        000F82
_PORTD                                                              (abs)        000F83
_PORTDbits                                                          (abs)        000F83
_PORTEbits                                                          (abs)        000F84
_SendCMDLCD                                                         text25       0028DC
_SetDDRamAddr                                                       text28       002438
_T0CON                                                              (abs)        000FD5
_T1CON                                                              (abs)        000FCD
_T1CONbits                                                          (abs)        000FCD
_TMR0H                                                              (abs)        000FD7
_TMR0L                                                              (abs)        000FD6
_TMR1H                                                              (abs)        000FCF
_TMR1L                                                              (abs)        000FCE
_TRISA                                                              (abs)        000F92
_TRISB                                                              (abs)        000F93
_TRISC                                                              (abs)        000F94
_TRISD                                                              (abs)        000F95
_TRISDbits                                                          (abs)        000F95
_TRISE                                                              (abs)        000F96
_WriteCmdXLCD                                                       text27       002482
_WriteDataXLCD                                                      text54       002620
__CFG_BOR$OFF                                                       (abs)        000000
__CFG_BORV$20                                                       (abs)        000000
__CFG_CCP2MUX$OFF                                                   (abs)        000000
__CFG_CP0$OFF                                                       (abs)        000000
__CFG_CP1$OFF                                                       (abs)        000000
__CFG_CP2$OFF                                                       (abs)        000000
__CFG_CP3$OFF                                                       (abs)        000000
__CFG_CPB$OFF                                                       (abs)        000000
__CFG_CPD$OFF                                                       (abs)        000000
__CFG_EBTR0$OFF                                                     (abs)        000000
__CFG_EBTR1$OFF                                                     (abs)        000000
__CFG_EBTR2$OFF                                                     (abs)        000000
__CFG_EBTR3$OFF                                                     (abs)        000000
__CFG_EBTRB$OFF                                                     (abs)        000000
__CFG_LVP$OFF                                                       (abs)        000000
__CFG_OSC$HS                                                        (abs)        000000
__CFG_OSCS$OFF                                                      (abs)        000000
__CFG_PWRT$ON                                                       (abs)        000000
__CFG_STVR$ON                                                       (abs)        000000
__CFG_WDT$OFF                                                       (abs)        000000
__CFG_WDTPS$128                                                     (abs)        000000
__CFG_WRT0$OFF                                                      (abs)        000000
__CFG_WRT1$OFF                                                      (abs)        000000
__CFG_WRT2$OFF                                                      (abs)        000000
__CFG_WRT3$OFF                                                      (abs)        000000
__CFG_WRTB$OFF                                                      (abs)        000000
__CFG_WRTC$OFF                                                      (abs)        000000
__CFG_WRTD$OFF                                                      (abs)        000000
__HRAM                                                              (abs)        000000
__Habs1                                                             abs1         000000
__Hbank0                                                            bank0        000000
__Hbank1                                                            bank1        000000
__Hbank2                                                            bank2        000000
__Hbank3                                                            bank3        000000
__Hbank4                                                            bank4        000000
__Hbank5                                                            bank5        000000
__Hbigbss                                                           bigbss       000000
__Hbigdata                                                          bigdata      000000
__Hbigram                                                           bigram       000000
__Hbss                                                              bss          000000
__HbssBANK0                                                         bssBANK0     000000
__HbssBANK1                                                         bssBANK1     000000
__HbssCOMRAM                                                        bssCOMRAM    000000
__Hcinit                                                            cinit        000000
__Hclrtext                                                          clrtext      000000
__Hcomram                                                           comram       000000
__Hconfig                                                           config       30000E
__Hconst                                                            const        000000
__HcstackBANK0                                                      cstackBANK0  000000
__HcstackCOMRAM                                                     cstackCOMRAM 000000
__Hdata                                                             data         000000
__HdataBANK0                                                        dataBANK0    000000
__HdataCOMRAM                                                       dataCOMRAM   000000
__Heeprom_data                                                      eeprom_data  F00028
__Hfarbss                                                           farbss       000000
__Hfardata                                                          fardata      000000
__Hibigdata                                                         ibigdata     000000
__Hidata                                                            idata        000000
__HidataBANK0                                                       idataBANK0   000000
__HidataCOMRAM                                                      idataCOMRAM  000000
__Hidloc                                                            idloc        200008
__Hifardata                                                         ifardata     000000
__Hinit                                                             init         0000AA
__Hintcode                                                          intcode      0000A6
__Hintcode_body                                                     intcode_body 000000
__Hintcodelo                                                        intcodelo    0000A6
__Hintentry                                                         intentry     000000
__Hintret                                                           intret       000000
__Hintsave_regs                                                     intsave_regs 000000
__Hirdata                                                           irdata       000000
__Hmediumconst                                                      mediumconst  000000
__HnvFARRAM                                                         nvFARRAM     000000
__Hnvbit                                                            nvbit        000000
__Hnvrram                                                           nvrram       000000
__Hparam                                                            rparam       000000
__Hpowerup                                                          powerup      0000A6
__Hram                                                              ram          000000
__Hramtop                                                           ramtop       000600
__Hrbit                                                             rbit         000000
__Hrbss                                                             rbss         000000
__Hrdata                                                            rdata        000000
__Hreset_vec                                                        reset_vec    000006
__Hrparam                                                           rparam       000000
__Hsfr                                                              sfr          000000
__Hsmallconst                                                       smallconst   00064C
__Hspace_0                                                          (abs)        F00028
__Hspace_1                                                          (abs)        000142
__Hspace_2                                                          (abs)        000000
__Hstack                                                            stack        000000
__Hstruct                                                           struct       000000
__Htemp                                                             temp         000080
__Htext                                                             text         000000
__Htext0                                                            text0        000000
__Htext1                                                            text1        000000
__Htext10                                                           text10       000000
__Htext11                                                           text11       000000
__Htext12                                                           text12       000000
__Htext13                                                           text13       000000
__Htext14                                                           text14       000000
__Htext15                                                           text15       000000
__Htext16                                                           text16       000000
__Htext17                                                           text17       000000
__Htext18                                                           text18       000000
__Htext19                                                           text19       000000
__Htext2                                                            text2        000000
__Htext20                                                           text20       000000
__Htext21                                                           text21       000000
__Htext22                                                           text22       000000
__Htext23                                                           text23       000000
__Htext24                                                           text24       000000
__Htext25                                                           text25       000000
__Htext26                                                           text26       000000
__Htext27                                                           text27       000000
__Htext28                                                           text28       000000
__Htext29                                                           text29       000000
__Htext3                                                            text3        000000
__Htext30                                                           text30       000000
__Htext31                                                           text31       000000
__Htext33                                                           text33       000000
__Htext34                                                           text34       000000
__Htext35                                                           text35       000000
__Htext36                                                           text36       000000
__Htext37                                                           text37       000000
__Htext38                                                           text38       000000
__Htext39                                                           text39       000000
__Htext4                                                            text4        000000
__Htext40                                                           text40       000000
__Htext41                                                           text41       000000
__Htext42                                                           text42       000000
__Htext43                                                           text43       000000
__Htext44                                                           text44       000000
__Htext45                                                           text45       000000
__Htext46                                                           text46       000000
__Htext47                                                           text47       000000
__Htext48                                                           text48       000000
__Htext49                                                           text49       000000
__Htext5                                                            text5        000000
__Htext50                                                           text50       000000
__Htext51                                                           text51       000000
__Htext52                                                           text52       000000
__Htext53                                                           text53       000000
__Htext54                                                           text54       000000
__Htext55                                                           text55       000000
__Htext56                                                           text56       000000
__Htext57                                                           text57       000000
__Htext58                                                           text58       000000
__Htext59                                                           text59       000000
__Htext6                                                            text6        000000
__Htext60                                                           text60       000000
__Htext7                                                            text7        000000
__Htext8                                                            text8        000000
__Htext9                                                            text9        000000
__LRAM                                                              (abs)        000001
__Labs1                                                             abs1         000000
__Lbank0                                                            bank0        000000
__Lbank1                                                            bank1        000000
__Lbank2                                                            bank2        000000
__Lbank3                                                            bank3        000000
__Lbank4                                                            bank4        000000
__Lbank5                                                            bank5        000000
__Lbigbss                                                           bigbss       000000
__Lbigdata                                                          bigdata      000000
__Lbigram                                                           bigram       000000
__Lbss                                                              bss          000000
__LbssBANK0                                                         bssBANK0     000000
__LbssBANK1                                                         bssBANK1     000000
__LbssCOMRAM                                                        bssCOMRAM    000000
__Lcinit                                                            cinit        000000
__Lclrtext                                                          clrtext      000000
__Lcomram                                                           comram       000000
__Lconfig                                                           config       300000
__Lconst                                                            const        000000
__LcstackBANK0                                                      cstackBANK0  000000
__LcstackCOMRAM                                                     cstackCOMRAM 000000
__Ldata                                                             data         000000
__LdataBANK0                                                        dataBANK0    000000
__LdataCOMRAM                                                       dataCOMRAM   000000
__Leeprom_data                                                      eeprom_data  F00000
__Lfarbss                                                           farbss       000000
__Lfardata                                                          fardata      000000
__Libigdata                                                         ibigdata     000000
__Lidata                                                            idata        000000
__LidataBANK0                                                       idataBANK0   000000
__LidataCOMRAM                                                      idataCOMRAM  000000
__Lidloc                                                            idloc        200000
__Lifardata                                                         ifardata     000000
__Linit                                                             init         0000A6
__Lintcode                                                          intcode      000008
__Lintcode_body                                                     intcode_body 000000
__Lintcodelo                                                        intcodelo    0000A6
__Lintentry                                                         intentry     000000
__Lintret                                                           intret       000000
__Lintsave_regs                                                     intsave_regs 000000
__Lirdata                                                           irdata       000000
__Lmediumconst                                                      mediumconst  000000
__LnvFARRAM                                                         nvFARRAM     000000
__Lnvbit                                                            nvbit        000000
__Lnvrram                                                           nvrram       000000
__Lparam                                                            rparam       000000
__Lpowerup                                                          powerup      0000A6
__Lram                                                              ram          000000
__Lramtop                                                           ramtop       000600
__Lrbit                                                             rbit         000000
__Lrbss                                                             rbss         000000
__Lrdata                                                            rdata        000000
__Lreset_vec                                                        reset_vec    000000
__Lrparam                                                           rparam       000000
__Lsfr                                                              sfr          000000
__Lsmallconst                                                       smallconst   000600
__Lspace_0                                                          (abs)        000000
__Lspace_1                                                          (abs)        000000
__Lspace_2                                                          (abs)        000000
__Lstack                                                            stack        000000
__Lstruct                                                           struct       000000
__Ltemp                                                             temp         00007F
__Ltext                                                             text         000000
__Ltext0                                                            text0        000000
__Ltext1                                                            text1        000000
__Ltext10                                                           text10       000000
__Ltext11                                                           text11       000000
__Ltext12                                                           text12       000000
__Ltext13                                                           text13       000000
__Ltext14                                                           text14       000000
__Ltext15                                                           text15       000000
__Ltext16                                                           text16       000000
__Ltext17                                                           text17       000000
__Ltext18                                                           text18       000000
__Ltext19                                                           text19       000000
__Ltext2                                                            text2        000000
__Ltext20                                                           text20       000000
__Ltext21                                                           text21       000000
__Ltext22                                                           text22       000000
__Ltext23                                                           text23       000000
__Ltext24                                                           text24       000000
__Ltext25                                                           text25       000000
__Ltext26                                                           text26       000000
__Ltext27                                                           text27       000000
__Ltext28                                                           text28       000000
__Ltext29                                                           text29       000000
__Ltext3                                                            text3        000000
__Ltext30                                                           text30       000000
__Ltext31                                                           text31       000000
__Ltext33                                                           text33       000000
__Ltext34                                                           text34       000000
__Ltext35                                                           text35       000000
__Ltext36                                                           text36       000000
__Ltext37                                                           text37       000000
__Ltext38                                                           text38       000000
__Ltext39                                                           text39       000000
__Ltext4                                                            text4        000000
__Ltext40                                                           text40       000000
__Ltext41                                                           text41       000000
__Ltext42                                                           text42       000000
__Ltext43                                                           text43       000000
__Ltext44                                                           text44       000000
__Ltext45                                                           text45       000000
__Ltext46                                                           text46       000000
__Ltext47                                                           text47       000000
__Ltext48                                                           text48       000000
__Ltext49                                                           text49       000000
__Ltext5                                                            text5        000000
__Ltext50                                                           text50       000000
__Ltext51                                                           text51       000000
__Ltext52                                                           text52       000000
__Ltext53                                                           text53       000000
__Ltext54                                                           text54       000000
__Ltext55                                                           text55       000000
__Ltext56                                                           text56       000000
__Ltext57                                                           text57       000000
__Ltext58                                                           text58       000000
__Ltext59                                                           text59       000000
__Ltext6                                                            text6        000000
__Ltext60                                                           text60       000000
__Ltext7                                                            text7        000000
__Ltext8                                                            text8        000000
__Ltext9                                                            text9        000000
__S0                                                                (abs)        F00028
__S1                                                                (abs)        000142
__S2                                                                (abs)        000000
___aodiv                                                            text13       00149E
___aodiv@counter                                                    cstackBANK0  000090
___aodiv@dividend                                                   cstackBANK0  000080
___aodiv@divisor                                                    cstackBANK0  000088
___aodiv@quotient                                                   cstackBANK0  000092
___aodiv@sign                                                       cstackBANK0  000091
___aomod                                                            text12       001758
___aomod@counter                                                    cstackBANK0  000090
___aomod@dividend                                                   cstackBANK0  000080
___aomod@divisor                                                    cstackBANK0  000088
___aomod@sign                                                       cstackBANK0  000091
___inthi_sp                                                         stack        000000
___intlo_sp                                                         stack        000000
___lwdiv                                                            text57       00223E
___lwdiv@counter                                                    cstackCOMRAM 000007
___lwdiv@dividend                                                   cstackCOMRAM 000001
___lwdiv@divisor                                                    cstackCOMRAM 000003
___lwdiv@quotient                                                   cstackCOMRAM 000005
___lwmod                                                            text56       00239E
___lwmod@counter                                                    cstackCOMRAM 000005
___lwmod@dividend                                                   cstackCOMRAM 000001
___lwmod@divisor                                                    cstackCOMRAM 000003
___param_bank                                                       (abs)        000000
___rparam_used                                                      (abs)        000001
___sp                                                               stack        000000
___wmul                                                             text20       00285A
___wmul@multiplicand                                                cstackBANK0  000082
___wmul@multiplier                                                  cstackBANK0  000080
___wmul@product                                                     cstackBANK0  000084
__accesstop                                                         (abs)        000080
__activetblptr                                                      (abs)        000002
__cntErrataNOP_C:\Users\sebas\AppData\Local\Temp\s2ks.o             (abs)        000001
__cntErrataNOP_dist/default/production\ContBH1415-v2.X.production.o (abs)        000155
__end_of_BLOCKED                                                    smallconst   000605
__end_of_BusyXLCD                                                   text31       002918
__end_of_DelayFor18TCY                                              text29       002972
__end_of_DelayPORXLCD                                               text30       002934
__end_of_FINAL_DAY                                                  smallconst   000602
__end_of_FINAL_MONTH                                                smallconst   000603
__end_of_OpenXLCD                                                   text26       001AC8
__end_of_SendCMDLCD                                                 text25       0028FA
__end_of_SetDDRamAddr                                               text28       002482
__end_of_UN_BLOCKED                                                 smallconst   000604
__end_of_WriteCmdXLCD                                               text27       0024CA
__end_of_WriteDataXLCD                                              text54       002662
__end_of___aodiv                                                    text13       0015FC
__end_of___aomod                                                    text12       001892
__end_of___lwdiv                                                    text57       00229E
__end_of___lwmod                                                    text56       0023EE
__end_of___wmul                                                     text20       002886
__end_of__initialization                                            cinit        002170
__end_of_abs                                                        text11       0026A0
__end_of_atoi                                                       text14       001338
__end_of_beep                                                       text19       0022F6
__end_of_config                                                     text23       0026DE
__end_of_dtoa                                                       text5        000DBE
__end_of_fputc                                                      text9        001CF6
__end_of_fputs                                                      text8        002510
__end_of_getData                                                    text21       002116
__end_of_initLCD                                                    text24       002438
__end_of_inter                                                      intcode      0000A6
__end_of_isdigit                                                    text16       002754
__end_of_isspace                                                    text15       002556
__end_of_main                                                       text0        001B9A
__end_of_pad                                                        text6        001C48
__end_of_putch                                                      text10       002988
__end_of_putsXLCD                                                   text52       0027C4
__end_of_readEEPROM                                                 text22       002962
__end_of_setData                                                    text17       001FCC
__end_of_setFrequency                                               text1        0011CE
__end_of_sprintf                                                    text2        00234C
__end_of_strlen                                                     text7        0027FA
__end_of_time                                                       text58       0020AC
__end_of_updateLCD                                                  text34       001F56
__end_of_vfpfcnvrt                                                  text4        0008D2
__end_of_vfprintf                                                   text3        0021DE
__end_of_vumeter                                                    text33       001EDC
__end_of_writeEEPROM                                                text18       00285A
__end_ofi2_BusyXLCD                                                 text53       00294C
__end_ofi2_DelayFor18TCY                                            text55       002982
__end_ofi2_SetDDRamAddr                                             text51       0025DE
__end_ofi2___aodiv                                                  text46       001758
__end_ofi2___aomod                                                  text45       0019CA
__end_ofi2___wmul                                                   text50       0028DC
__end_ofi2_abs                                                      text44       00271A
__end_ofi2_atoi                                                     text47       00149E
__end_ofi2_dtoa                                                     text38       00102A
__end_ofi2_fputc                                                    text42       001DA2
__end_ofi2_fputs                                                    text41       002620
__end_ofi2_isdigit                                                  text49       00278C
__end_ofi2_isspace                                                  text48       00259A
__end_ofi2_pad                                                      text39       001E4C
__end_ofi2_putch                                                    text43       00298E
__end_ofi2_setData                                                  text59       00203E
__end_ofi2_sprintf                                                  text35       00239E
__end_ofi2_strlen                                                   text40       00282C
__end_ofi2_vfpfcnvrt                                                text37       000B52
__end_ofi2_vfprintf                                                 text36       00223E
__end_ofi2_writeEEPROM                                              text60       0028B2
__initialization                                                    cinit        002116
__mediumconst                                                       mediumconst  000000
__pbssBANK0                                                         bssBANK0     0000EE
__pbssBANK1                                                         bssBANK1     000100
__pbssCOMRAM                                                        bssCOMRAM    00007E
__pcinit                                                            cinit        002116
__pcstackBANK0                                                      cstackBANK0  000080
__pcstackCOMRAM                                                     cstackCOMRAM 000001
__pdataBANK0                                                        dataBANK0    0000FB
__pdataCOMRAM                                                       dataCOMRAM   00007A
__pidataBANK0                                                       idataBANK0   00298E
__pidataCOMRAM                                                      idataCOMRAM  002993
__pintcode                                                          intcode      000008
__psmallconst                                                       smallconst   000600
__ptext0                                                            text0        001AC8
__ptext1                                                            text1        00102A
__ptext10                                                           text10       002982
__ptext11                                                           text11       002662
__ptext12                                                           text12       001758
__ptext13                                                           text13       00149E
__ptext14                                                           text14       0011CE
__ptext15                                                           text15       002510
__ptext16                                                           text16       00271A
__ptext17                                                           text17       001F56
__ptext18                                                           text18       00282C
__ptext19                                                           text19       00229E
__ptext2                                                            text2        0022F6
__ptext20                                                           text20       00285A
__ptext21                                                           text21       0020AC
__ptext22                                                           text22       00294C
__ptext23                                                           text23       0026A0
__ptext24                                                           text24       0023EE
__ptext25                                                           text25       0028DC
__ptext26                                                           text26       0019CA
__ptext27                                                           text27       002482
__ptext28                                                           text28       002438
__ptext29                                                           text29       002962
__ptext3                                                            text3        00217E
__ptext30                                                           text30       002918
__ptext31                                                           text31       0028FA
__ptext33                                                           text33       001E4C
__ptext34                                                           text34       001EDC
__ptext35                                                           text35       00234C
__ptext36                                                           text36       0021DE
__ptext37                                                           text37       0008D2
__ptext38                                                           text38       000DBE
__ptext39                                                           text39       001DA2
__ptext4                                                            text4        00064C
__ptext40                                                           text40       0027FA
__ptext41                                                           text41       0025DE
__ptext42                                                           text42       001CF6
__ptext43                                                           text43       002988
__ptext44                                                           text44       0026DE
__ptext45                                                           text45       001892
__ptext46                                                           text46       0015FC
__ptext47                                                           text47       001338
__ptext48                                                           text48       002556
__ptext49                                                           text49       002754
__ptext5                                                            text5        000B52
__ptext50                                                           text50       0028B2
__ptext51                                                           text51       00259A
__ptext52                                                           text52       00278C
__ptext53                                                           text53       002934
__ptext54                                                           text54       002620
__ptext55                                                           text55       002972
__ptext56                                                           text56       00239E
__ptext57                                                           text57       00223E
__ptext58                                                           text58       00203E
__ptext59                                                           text59       001FCC
__ptext6                                                            text6        001B9A
__ptext60                                                           text60       002886
__ptext7                                                            text7        0027C4
__ptext8                                                            text8        0024CA
__ptext9                                                            text9        001C48
__ramtop                                                            ramtop       000600
__size_of_BusyXLCD                                                  (abs)        000000
__size_of_DelayFor18TCY                                             (abs)        000000
__size_of_DelayPORXLCD                                              (abs)        000000
__size_of_OpenXLCD                                                  (abs)        000000
__size_of_SendCMDLCD                                                (abs)        000000
__size_of_SetDDRamAddr                                              (abs)        000000
__size_of_WriteCmdXLCD                                              (abs)        000000
__size_of_WriteDataXLCD                                             (abs)        000000
__size_of___aodiv                                                   (abs)        000000
__size_of___aomod                                                   (abs)        000000
__size_of___lwdiv                                                   (abs)        000000
__size_of___lwmod                                                   (abs)        000000
__size_of___wmul                                                    (abs)        000000
__size_of_abs                                                       (abs)        000000
__size_of_atoi                                                      (abs)        000000
__size_of_beep                                                      (abs)        000000
__size_of_config                                                    (abs)        000000
__size_of_dtoa                                                      (abs)        000000
__size_of_fputc                                                     (abs)        000000
__size_of_fputs                                                     (abs)        000000
__size_of_getData                                                   (abs)        000000
__size_of_initLCD                                                   (abs)        000000
__size_of_inter                                                     (abs)        000000
__size_of_isdigit                                                   (abs)        000000
__size_of_isspace                                                   (abs)        000000
__size_of_main                                                      (abs)        000000
__size_of_pad                                                       (abs)        000000
__size_of_putch                                                     (abs)        000000
__size_of_putsXLCD                                                  (abs)        000000
__size_of_readEEPROM                                                (abs)        000000
__size_of_setData                                                   (abs)        000000
__size_of_setFrequency                                              (abs)        000000
__size_of_sprintf                                                   (abs)        000000
__size_of_strlen                                                    (abs)        000000
__size_of_time                                                      (abs)        000000
__size_of_updateLCD                                                 (abs)        000000
__size_of_vfpfcnvrt                                                 (abs)        000000
__size_of_vfprintf                                                  (abs)        000000
__size_of_vumeter                                                   (abs)        000000
__size_of_writeEEPROM                                               (abs)        000000
__size_ofi2_BusyXLCD                                                (abs)        000000
__size_ofi2_DelayFor18TCY                                           (abs)        000000
__size_ofi2_SetDDRamAddr                                            (abs)        000000
__size_ofi2___aodiv                                                 (abs)        000000
__size_ofi2___aomod                                                 (abs)        000000
__size_ofi2___wmul                                                  (abs)        000000
__size_ofi2_abs                                                     (abs)        000000
__size_ofi2_atoi                                                    (abs)        000000
__size_ofi2_dtoa                                                    (abs)        000000
__size_ofi2_fputc                                                   (abs)        000000
__size_ofi2_fputs                                                   (abs)        000000
__size_ofi2_isdigit                                                 (abs)        000000
__size_ofi2_isspace                                                 (abs)        000000
__size_ofi2_pad                                                     (abs)        000000
__size_ofi2_putch                                                   (abs)        000000
__size_ofi2_setData                                                 (abs)        000000
__size_ofi2_sprintf                                                 (abs)        000000
__size_ofi2_strlen                                                  (abs)        000000
__size_ofi2_vfpfcnvrt                                               (abs)        000000
__size_ofi2_vfprintf                                                (abs)        000000
__size_ofi2_writeEEPROM                                             (abs)        000000
__smallconst                                                        smallconst   000600
_abs                                                                text11       002662
_atoi                                                               text14       0011CE
_atoi$1494                                                          cstackBANK0  00008F
_atoi$1495                                                          cstackBANK0  000093
_atoi$1496                                                          cstackBANK0  000091
_beep                                                               text19       00229E
_cntTmr1                                                            bssCOMRAM    00007E
_config                                                             text23       0026A0
_days                                                               dataBANK0    0000FE
_dbuf                                                               bssBANK1     000100
_dtoa                                                               text5        000B52
_dtoa$1022                                                          cstackBANK0  0000AD
_flags                                                              bssBANK0     0000F4
_fputc                                                              text9        001C48
_fputs                                                              text8        0024CA
_frequency                                                          bssBANK0     0000F6
_functionalStat                                                     bssBANK0     0000F8
_getData                                                            text21       0020AC
_hours                                                              dataBANK0    0000FD
_hundredMiliSeconds                                                 bssBANK0     0000F9
_initLCD                                                            text24       0023EE
_inter                                                              intcode      000008
_isdigit                                                            text16       00271A
_isspace                                                            text15       002510
_isspace$1512                                                       cstackBANK0  000086
_lineOne                                                            bssBANK1     000131
_lineTwo                                                            bssBANK1     000120
_main                                                               text0        001AC8
_minutes                                                            dataBANK0    0000FC
_months                                                             dataBANK0    0000FF
_nout                                                               bssBANK0     0000EE
_pad                                                                text6        001B9A
_prTmr0H                                                            dataCOMRAM   00007A
_prTmr0L                                                            dataCOMRAM   00007B
_prTmr1H                                                            dataCOMRAM   00007C
_prTmr1L                                                            dataCOMRAM   00007D
_prec                                                               bssBANK0     0000F2
_putch                                                              text10       002982
_putsXLCD                                                           text52       00278C
_readEEPROM                                                         text22       00294C
_seconds                                                            bssBANK0     0000FA
_setData                                                            text17       001F56
_setFrequency                                                       text1        00102A
_sprintf                                                            text2        0022F6
_stereoEnable                                                       dataBANK0    0000FB
_strlen                                                             text7        0027C4
_time                                                               text58       00203E
_updateLCD                                                          text34       001EDC
_vfpfcnvrt                                                          text4        00064C
_vfpfcnvrt$1037                                                     cstackBANK0  0000D1
_vfprintf                                                           text3        00217E
_vumeter                                                            text33       001E4C
_width                                                              bssBANK0     0000F0
_writeEEPROM                                                        text18       00282C
abs@a                                                               cstackBANK0  000092
atoi@n                                                              cstackBANK0  000094
atoi@neg                                                            cstackBANK0  00008D
atoi@s                                                              cstackBANK0  000087
beep@ms                                                             cstackBANK0  000086
btemp                                                               temp         00007F
dtoa@d                                                              cstackBANK0  00009D
dtoa@fp                                                             cstackBANK0  00009B
dtoa@i                                                              cstackBANK0  0000BD
dtoa@n                                                              cstackBANK0  0000B5
dtoa@p                                                              cstackBANK0  0000AF
dtoa@s                                                              cstackBANK0  0000B3
dtoa@w                                                              cstackBANK0  0000B1
end_of_initialization                                               cinit        002170
fputc@c                                                             cstackBANK0  000080
fputc@fp                                                            cstackBANK0  000082
fputs@c                                                             cstackBANK0  00008D
fputs@fp                                                            cstackBANK0  00008B
fputs@i                                                             cstackBANK0  00008E
fputs@s                                                             cstackBANK0  000089
getData@aux0                                                        cstackBANK0  000083
getData@aux1                                                        cstackBANK0  000084
i2SetDDRamAddr@DDaddr                                               cstackCOMRAM 000001
i2_BusyXLCD                                                         text53       002934
i2_DelayFor18TCY                                                    text55       002972
i2_SetDDRamAddr                                                     text51       00259A
i2___aodiv                                                          text46       0015FC
i2___aodiv@counter                                                  cstackCOMRAM 000011
i2___aodiv@dividend                                                 cstackCOMRAM 000001
i2___aodiv@divisor                                                  cstackCOMRAM 000009
i2___aodiv@quotient                                                 cstackCOMRAM 000013
i2___aodiv@sign                                                     cstackCOMRAM 000012
i2___aomod                                                          text45       001892
i2___aomod@counter                                                  cstackCOMRAM 000011
i2___aomod@dividend                                                 cstackCOMRAM 000001
i2___aomod@divisor                                                  cstackCOMRAM 000009
i2___aomod@sign                                                     cstackCOMRAM 000012
i2___wmul                                                           text50       0028B2
i2___wmul@multiplicand                                              cstackCOMRAM 000003
i2___wmul@multiplier                                                cstackCOMRAM 000001
i2___wmul@product                                                   cstackCOMRAM 000005
i2_abs                                                              text44       0026DE
i2_atoi                                                             text47       001338
i2_atoi$1494                                                        cstackCOMRAM 000010
i2_atoi$1495                                                        cstackCOMRAM 000014
i2_atoi$1496                                                        cstackCOMRAM 000012
i2_dtoa                                                             text38       000DBE
i2_dtoa$1022                                                        cstackCOMRAM 00002E
i2_fputc                                                            text42       001CF6
i2_fputs                                                            text41       0025DE
i2_isdigit                                                          text49       002754
[...]
      Locals:         9       0       0       0       0       0       0
      Temps:          4       0       0       0       0       0       0
      Totals:        15       0       0       0       0       0       0
Total ram usage:       15 bytes
 Hardware stack levels used:    1
 Hardware stack levels required when called:    1
 This function calls:
		i2___wmul
		i2_isdigit
		i2_isspace
 This function is called by:
		i2_vfpfcnvrt
 This function uses a non-reentrant model


 *************** function i2_isspace *****************
 Defined at:
		line 5 in file "C:\Developments\Microchip\xc8\v2.05\pic\sources\c99\common\isspace.c"
 Parameters:    Size  Location     Type
  c               2    0[COMRAM] int 
 Auto vars:     Size  Location     Type
		None
 Return value:  Size  Location     Type
                  2    0[COMRAM] int 
 Registers used:
		wreg, status,2, status,0
 Tracked objects:
		On entry : 
		On exit  : 
		Unchanged: 
 Data sizes:     COMRAM   BANK0   BANK1   BANK2   BANK3   BANK4   BANK5
      Params:         2       0       0       0       0       0       0
      Locals:         1       0       0       0       0       0       0
      Temps:          4       0       0       0       0       0       0
      Totals:         7       0       0       0       0       0       0
Total ram usage:        7 bytes
 Hardware stack levels used:    1
 This function calls:
		Nothing
 This function is called by:
		i2_atoi
 This function uses a non-reentrant model


 *************** function i2_isdigit *****************
 Defined at:
		line 5 in file "C:\Developments\Microchip\xc8\v2.05\pic\sources\c99\common\isdigit.c"
 Parameters:    Size  Location     Type
  c               2    0[COMRAM] int 
 Auto vars:     Size  Location     Type
		None
 Return value:  Size  Location     Type
                  2    0[COMRAM] int 
 Registers used:
		wreg, status,2, status,0
 Tracked objects:
		On entry : 
		On exit  : 
		Unchanged: 
 Data sizes:     COMRAM   BANK0   BANK1   BANK2   BANK3   BANK4   BANK5
      Params:         2       0       0       0       0       0       0
      Locals:         0       0       0       0       0       0       0
      Temps:          4       0       0       0       0       0       0
      Totals:         6       0       0       0       0       0       0
Total ram usage:        6 bytes
 Hardware stack levels used:    1
 This function calls:
		Nothing
 This function is called by:
		i2_vfpfcnvrt
		i2_atoi
 This function uses a non-reentrant model


 *************** function i2___wmul *****************
 Defined at:
		line 15 in file "C:\Developments\Microchip\xc8\v2.05\pic\sources\c99\common\Umul16.c"
 Parameters:    Size  Location     Type
  multiplier      2    0[COMRAM] unsigned int 
  multiplicand    2    2[COMRAM] unsigned int 
 Auto vars:     Size  Location     Type
  __wmul          2    4[COMRAM] unsigned int 
 Return value:  Size  Location     Type
                  2    0[COMRAM] unsigned int 
 Registers used:
		wreg, status,2, status,0, prodl, prodh
 Tracked objects:
		On entry : 
		On exit  : 
		Unchanged: 
 Data sizes:     COMRAM   BANK0   BANK1   BANK2   BANK3   BANK4   BANK5
      Params:         4       0       0       0       0       0       0
      Locals:         2       0       0       0       0       0       0
      Temps:          0       0       0       0       0       0       0
      Totals:         6       0       0       0       0       0       0
Total ram usage:        6 bytes
 Hardware stack levels used:    1
 This function calls:
		Nothing
 This function is called by:
		i2_atoi
 This function uses a non-reentrant model


 *************** function i2_SetDDRamAddr *****************
 Defined at:
		line 217 in file "lcd_pic16.c"
 Parameters:    Size  Location     Type
  DDaddr          1    wreg     unsigned char 
 Auto vars:     Size  Location     Type
  DDaddr          1    0[COMRAM] unsigned char 
 Return value:  Size  Location     Type
                  1    wreg      void 
 Registers used:
		wreg, status,2, status,0, cstack
 Tracked objects:
		On entry : 
		On exit  : 
		Unchanged: 
 Data sizes:     COMRAM   BANK0   BANK1   BANK2   BANK3   BANK4   BANK5
      Params:         0       0       0       0       0       0       0
      Locals:         1       0       0       0       0       0       0
      Temps:          0       0       0       0       0       0       0
      Totals:         1       0       0       0       0       0       0
Total ram usage:        1 bytes
 Hardware stack levels used:    1
 Hardware stack levels required when called:    1
 This function calls:
		i2_DelayFor18TCY
 This function is called by:
		_updateLCD
 This function uses a non-reentrant model


 *************** function _putsXLCD *****************
 Defined at:
		line 419 in file "lcd_pic16.c"
 Parameters:    Size  Location     Type
  buffer          2    1[COMRAM] PTR unsigned char 
		 -> lineTwo(17), lineOne(17), 
 Auto vars:     Size  Location     Type
		None
 Return value:  Size  Location     Type
                  1    wreg      void 
 Registers used:
		wreg, fsr2l, fsr2h, status,2, status,0, cstack
 Tracked objects:
		On entry : 
		On exit  : 
		Unchanged: 
 Data sizes:     COMRAM   BANK0   BANK1   BANK2   BANK3   BANK4   BANK5
      Params:         2       0       0       0       0       0       0
      Locals:         0       0       0       0       0       0       0
      Temps:          0       0       0       0       0       0       0
      Totals:         2       0       0       0       0       0       0
Total ram usage:        2 bytes
 Hardware stack levels used:    1
 Hardware stack levels required when called:    2
 This function calls:
		_WriteDataXLCD
		i2_BusyXLCD
 This function is called by:
		_updateLCD
 This function uses a non-reentrant model


 *************** function i2_BusyXLCD *****************
 Defined at:
		line 451 in file "lcd_pic16.c"
 Parameters:    Size  Location     Type
		None
 Auto vars:     Size  Location     Type
		None
 Return value:  Size  Location     Type
                  1    wreg      unsigned char 
 Registers used:
		wreg
 Tracked objects:
		On entry : 
		On exit  : 
		Unchanged: 
 Data sizes:     COMRAM   BANK0   BANK1   BANK2   BANK3   BANK4   BANK5
      Params:         0       0       0       0       0       0       0
      Locals:         0       0       0       0       0       0       0
      Temps:          1       0       0       0       0       0       0
      Totals:         1       0       0       0       0       0       0
Total ram usage:        1 bytes
 Hardware stack levels used:    1
 This function calls:
		Nothing
 This function is called by:
		_putsXLCD
 This function uses a non-reentrant model


 *************** function _WriteDataXLCD *****************
 Defined at:
		line 110 in file "lcd_pic16.c"
 Parameters:    Size  Location     Type
  data            1    wreg     unsigned char 
 Auto vars:     Size  Location     Type
  data            1    0[COMRAM] unsigned char 
 Return value:  Size  Location     Type
                  1    wreg      void 
 Registers used:
		wreg, status,2, status,0, cstack
 Tracked objects:
		On entry : 
		On exit  : 
		Unchanged: 
 Data sizes:     COMRAM   BANK0   BANK1   BANK2   BANK3   BANK4   BANK5
      Params:         0       0       0       0       0       0       0
      Locals:         1       0       0       0       0       0       0
      Temps:          0       0       0       0       0       0       0
      Totals:         1       0       0       0       0       0       0
Total ram usage:        1 bytes
 Hardware stack levels used:    1
 Hardware stack levels required when called:    1
 This function calls:
		i2_DelayFor18TCY
 This function is called by:
		_putsXLCD
		_putrsXLCD
 This function uses a non-reentrant model


 *************** function i2_DelayFor18TCY *****************
 Defined at:
		line 22 in file "lcd_pic16.c"
 Parameters:    Size  Location     Type
		None
 Auto vars:     Size  Location     Type
		None
 Return value:  Size  Location     Type
                  1    wreg      void 
 Registers used:
		wreg
 Tracked objects:
		On entry : 
		On exit  : 
		Unchanged: 
 Data sizes:     COMRAM   BANK0   BANK1   BANK2   BANK3   BANK4   BANK5
      Params:         0       0       0       0       0       0       0
      Locals:         0       0       0       0       0       0       0
      Temps:          0       0       0       0       0       0       0
      Totals:         0       0       0       0       0       0       0
Total ram usage:        0 bytes
 Hardware stack levels used:    1
 This function calls:
		Nothing
 This function is called by:
		_WriteDataXLCD
		i2_SetDDRamAddr
 This function uses a non-reentrant model


 *************** function ___lwmod *****************
 Defined at:
		line 7 in file "C:\Developments\Microchip\xc8\v2.05\pic\sources\c99\common\lwmod.c"
 Parameters:    Size  Location     Type
  dividend        2    0[COMRAM] unsigned int 
  divisor         2    2[COMRAM] unsigned int 
 Auto vars:     Size  Location     Type
  counter         1    4[COMRAM] unsigned char 
 Return value:  Size  Location     Type
                  2    0[COMRAM] unsigned int 
 Registers used:
		wreg, status,2, status,0
 Tracked objects:
		On entry : 
		On exit  : 
		Unchanged: 
 Data sizes:     COMRAM   BANK0   BANK1   BANK2   BANK3   BANK4   BANK5
      Params:         4       0       0       0       0       0       0
      Locals:         1       0       0       0       0       0       0
      Temps:          0       0       0       0       0       0       0
      Totals:         5       0       0       0       0       0       0
Total ram usage:        5 bytes
 Hardware stack levels used:    1
 This function calls:
		Nothing
 This function is called by:
		_updateLCD
 This function uses a non-reentrant model


 *************** function ___lwdiv *****************
 Defined at:
		line 7 in file "C:\Developments\Microchip\xc8\v2.05\pic\sources\c99\common\lwdiv.c"
 Parameters:    Size  Location     Type
  dividend        2    0[COMRAM] unsigned int 
  divisor         2    2[COMRAM] unsigned int 
 Auto vars:     Size  Location     Type
  quotient        2    4[COMRAM] unsigned int 
  counter         1    6[COMRAM] unsigned char 
 Return value:  Size  Location     Type
                  2    0[COMRAM] unsigned int 
 Registers used:
		wreg, status,2, status,0
 Tracked objects:
		On entry : 
		On exit  : 
		Unchanged: 
 Data sizes:     COMRAM   BANK0   BANK1   BANK2   BANK3   BANK4   BANK5
      Params:         4       0       0       0       0       0       0
      Locals:         3       0       0       0       0       0       0
      Temps:          0       0       0       0       0       0       0
      Totals:         7       0       0       0       0       0       0
Total ram usage:        7 bytes
 Hardware stack levels used:    1
 This function calls:
		Nothing
 This function is called by:
		_updateLCD
 This function uses a non-reentrant model


 *************** function _time *****************
 Defined at:
		line 104 in file "main.c"
 Parameters:    Size  Location     Type
		None
 Auto vars:     Size  Location     Type
		None
 Return value:  Size  Location     Type
                  1    wreg      void 
 Registers used:
		wreg, status,2, status,0, cstack
 Tracked objects:
		On entry : 
		On exit  : 
		Unchanged: 
 Data sizes:     COMRAM   BANK0   BANK1   BANK2   BANK3   BANK4   BANK5
      Params:         0       0       0       0       0       0       0
      Locals:         0       0       0       0       0       0       0
      Temps:          0       0       0       0       0       0       0
      Totals:         0       0       0       0       0       0       0
Total ram usage:        0 bytes
 Hardware stack levels used:    1
 Hardware stack levels required when called:    2
 This function calls:
		i2_setData
 This function is called by:
		_inter
 This function uses a non-reentrant model


 *************** function i2_setData *****************
 Defined at:
		line 46 in file "eeprom.c"
 Parameters:    Size  Location     Type
  full            1    wreg     unsigned char 
 Auto vars:     Size  Location     Type
  full            1    4[COMRAM] unsigned char 
  setData         1    3[COMRAM] unsigned char 
  setData         1    2[COMRAM] unsigned char 
 Return value:  Size  Location     Type
                  1    wreg      void 
 Registers used:
		wreg, status,2, cstack
 Tracked objects:
		On entry : 
		On exit  : 
		Unchanged: 
 Data sizes:     COMRAM   BANK0   BANK1   BANK2   BANK3   BANK4   BANK5
      Params:         0       0       0       0       0       0       0
      Locals:         3       0       0       0       0       0       0
      Temps:          0       0       0       0       0       0       0
      Totals:         3       0       0       0       0       0       0
Total ram usage:        3 bytes
 Hardware stack levels used:    1
 Hardware stack levels required when called:    1
 This function calls:
		i2_writeEEPROM
 This function is called by:
		_time
 This function uses a non-reentrant model


 *************** function i2_writeEEPROM *****************
 Defined at:
		line 15 in file "eeprom.c"
 Parameters:    Size  Location     Type
  data            1    wreg     unsigned char 
  address         1    0[COMRAM] unsigned char 
 Auto vars:     Size  Location     Type
  data            1    1[COMRAM] unsigned char 
 Return value:  Size  Location     Type
                  1    wreg      void 
 Registers used:
		wreg, status,2
 Tracked objects:
		On entry : 
		On exit  : 
		Unchanged: 
 Data sizes:     COMRAM   BANK0   BANK1   BANK2   BANK3   BANK4   BANK5
      Params:         1       0       0       0       0       0       0
      Locals:         1       0       0       0       0       0       0
      Temps:          0       0       0       0       0       0       0
      Totals:         2       0       0       0       0       0       0
Total ram usage:        2 bytes
 Hardware stack levels used:    1
 This function calls:
		Nothing
 This function is called by:
		i2_setData
 This function uses a non-reentrant model



MODULE INFORMATION

Module		Function		Class		Link	Load	Size
C:\Developments\Microchip\xc8\v2.05\pic\sources\c99\common\lwmod.c
		___lwmod       		CODE           	239E	0000	81

C:\Developments\Microchip\xc8\v2.05\pic\sources\c99\common\lwmod.c estimated size: 81

C:\Developments\Microchip\xc8\v2.05\pic\sources\c99\common\putch.c
		_putch         		CODE           	2982	0000	7

C:\Developments\Microchip\xc8\v2.05\pic\sources\c99\common\putch.c estimated size: 7

C:\Developments\Microchip\xc8\v2.05\pic\sources\c99\common\nf_sprintf.c
		_sprintf       		CODE           	22F6	0000	87

C:\Developments\Microchip\xc8\v2.05\pic\sources\c99\common\nf_sprintf.c estimated size: 87

C:\Developments\Microchip\xc8\v2.05\pic\sources\c99\common\isdigit.c
		_isdigit       		CODE           	271A	0000	59

C:\Developments\Microchip\xc8\v2.05\pic\sources\c99\common\isdigit.c estimated size: 59

C:\Developments\Microchip\xc8\v2.05\pic\sources\c99\common\aodiv.c
		___aodiv       		CODE           	149E	0000	351

C:\Developments\Microchip\xc8\v2.05\pic\sources\c99\common\aodiv.c estimated size: 351

C:\Developments\Microchip\xc8\v2.05\pic\sources\c99\common\abs.c
		_abs           		CODE           	2662	0000	63

C:\Developments\Microchip\xc8\v2.05\pic\sources\c99\common\abs.c estimated size: 63

C:\Developments\Microchip\xc8\v2.05\pic\sources\c99\common\doprnt.c
		_vfpfcnvrt     		CODE           	064C	0000	647
		_pad           		CODE           	1B9A	0000	175
		_dtoa          		CODE           	0B52	0000	621
		_vfprintf      		CODE           	217E	0000	97

C:\Developments\Microchip\xc8\v2.05\pic\sources\c99\common\doprnt.c estimated size: 1540

C:\Developments\Microchip\xc8\v2.05\pic\sources\c99\common\lwdiv.c
		___lwdiv       		CODE           	223E	0000	97

C:\Developments\Microchip\xc8\v2.05\pic\sources\c99\common\lwdiv.c estimated size: 97

C:\Developments\Microchip\xc8\v2.05\pic\sources\c99\common\nf_fputs.c
		_fputs         		CODE           	24CA	0000	71

C:\Developments\Microchip\xc8\v2.05\pic\sources\c99\common\nf_fputs.c estimated size: 71

lcd_pic16.c
		_BusyXLCD      		CODE           	28FA	0000	31
		_putsXLCD      		CODE           	278C	0000	57
		_DelayFor18TCY 		CODE           	2962	0000	17
		_WriteCmdXLCD  		CODE           	2482	0000	73
		_OpenXLCD      		CODE           	19CA	0000	255
		_WriteDataXLCD 		CODE           	2620	0000	67
		_SetDDRamAddr  		CODE           	2438	0000	75
		_DelayPORXLCD  		CODE           	2918	0000	29

lcd_pic16.c estimated size: 604

C:\Developments\Microchip\xc8\v2.05\pic\sources\c99\common\Umul16.c
		___wmul        		CODE           	285A	0000	45

C:\Developments\Microchip\xc8\v2.05\pic\sources\c99\common\Umul16.c estimated size: 45

eeprom.c
		_getData       		CODE           	20AC	0000	107
		_setData       		CODE           	1F56	0000	119
		_readEEPROM    		CODE           	294C	0000	23
		_writeEEPROM   		CODE           	282C	0000	47

eeprom.c estimated size: 296

C:\Developments\Microchip\xc8\v2.05\pic\sources\c99\common\atoi.c
		_atoi          		CODE           	11CE	0000	363

C:\Developments\Microchip\xc8\v2.05\pic\sources\c99\common\atoi.c estimated size: 363

shared
		i2_vfpfcnvrt   		CODE           	08D2	0000	641
		i2_pad         		CODE           	1DA2	0000	171
		i2_atoi        		CODE           	1338	0000	359
		i2_abs         		CODE           	26DE	0000	61
		_FINAL_MONTH   		SMALLCONST     	0000	0000	0
		i2_putch       		CODE           	2988	0000	7
		i2_isspace     		CODE           	2556	0000	69
		i2_writeEEPROM 		CODE           	2886	0000	45
		i2_vfprintf    		CODE           	21DE	0000	97
		i2_isdigit     		CODE           	2754	0000	57
		i2_SetDDRamAddr		CODE           	259A	0000	69
		i2___wmul      		CODE           	28B2	0000	43
		i2_setData     		CODE           	1FCC	0000	115
		i2_dtoa        		CODE           	0DBE	0000	621
		__initialization		CODE           	2116	0000	91
		i2_BusyXLCD    		CODE           	2934	0000	25
		i2___aodiv     		CODE           	15FC	0000	349
		i2_sprintf     		CODE           	234C	0000	83
		_UN_BLOCKED    		SMALLCONST     	0000	0000	0
		i2___aomod     		CODE           	1892	0000	313
		i2_fputc       		CODE           	1CF6	0000	173
		i2_fputs       		CODE           	25DE	0000	67
		i2_strlen      		CODE           	27FA	0000	51
		_FINAL_DAY     		SMALLCONST     	0000	0000	0
		i2_DelayFor18TCY		CODE           	2972	0000	17
		_BLOCKED       		SMALLCONST     	0000	0000	0

shared estimated size: 3524

lcd.c
		_SendCMDLCD    		CODE           	28DC	0000	31
		_updateLCD     		CODE           	1EDC	0000	123
		_initLCD       		CODE           	23EE	0000	75

lcd.c estimated size: 229

C:\Developments\Microchip\xc8\v2.05\pic\sources\c99\common\isspace.c
		_isspace       		CODE           	2510	0000	71

C:\Developments\Microchip\xc8\v2.05\pic\sources\c99\common\isspace.c estimated size: 71

C:\Developments\Microchip\xc8\v2.05\pic\sources\c99\common\nf_fputc.c
		_fputc         		CODE           	1C48	0000	175

C:\Developments\Microchip\xc8\v2.05\pic\sources\c99\common\nf_fputc.c estimated size: 175

C:\Developments\Microchip\xc8\v2.05\pic\sources\c99\common\aomod.c
		___aomod       		CODE           	1758	0000	315

C:\Developments\Microchip\xc8\v2.05\pic\sources\c99\common\aomod.c estimated size: 315

C:\Developments\Microchip\xc8\v2.05\pic\sources\c99\common\strlen.c
		_strlen        		CODE           	27C4	0000	55

C:\Developments\Microchip\xc8\v2.05\pic\sources\c99\common\strlen.c estimated size: 55

main.c
		_beep          		CODE           	229E	0000	89
		_main          		CODE           	1AC8	0000	211
		_vumeter       		CODE           	1E4C	0000	145
		_config        		CODE           	26A0	0000	63
		_setFrequency  		CODE           	102A	0000	421
		_inter         		CODE           	0008	0000	159
		_time          		CODE           	203E	0000	111

main.c estimated size: 1199

